\BOOKMARK [0][-]{chapter*.5}{\376\377\000L\000I\000S\000T\000E\000\040\000D\000E\000S\000\040\000F\000I\000G\000U\000R\000E\000S}{}% 1
\BOOKMARK [0][-]{chapter*.6}{\376\377\000L\000I\000S\000T\000E\000\040\000D\000E\000S\000\040\000T\000A\000B\000L\000E\000A\000U\000X}{}% 2
\BOOKMARK [0][-]{chapter*.8}{\376\377\000L\000i\000s\000t\000e\000\040\000d\000e\000s\000\040\000a\000b\000r\000\351\000v\000i\000a\000t\000i\000o\000n\000s}{}% 3
\BOOKMARK [0][-]{chapter*.9}{\376\377\000I\000n\000t\000r\000o\000d\000u\000c\000t\000i\000o\000n\000\040\000G\000\351\000n\000\351\000r\000a\000l\000e}{}% 4
\BOOKMARK [0][-]{chapter.1}{\376\377\000P\000r\000\351\000s\000e\000n\000t\000a\000t\000i\000o\000n\000\040\000g\000\351\000n\000\351\000r\000a\000l\000e\000\040\000d\000u\000\040\000p\000r\000o\000j\000e\000t}{}% 5
\BOOKMARK [1][-]{section.1.1}{\376\377\000P\000r\000\351\000s\000e\000n\000t\000a\000t\000i\000o\000n\000\040\000d\000e\000\040\000l\000'\000o\000r\000g\000a\000n\000i\000s\000m\000e\000\040\000d\000'\000a\000c\000c\000u\000e\000i\000l}{chapter.1}% 6
\BOOKMARK [1][-]{section.1.2}{\376\377\000P\000r\000\351\000s\000e\000n\000t\000a\000t\000i\000o\000n\000\040\000d\000u\000\040\000p\000r\000o\000j\000e\000t}{chapter.1}% 7
\BOOKMARK [2][-]{subsection.1.2.1}{\376\377\000C\000a\000d\000r\000e\000\040\000g\000\351\000n\000\351\000r\000a\000l\000\040\000d\000u\000\040\000p\000r\000o\000j\000e\000t}{section.1.2}% 8
\BOOKMARK [2][-]{subsection.1.2.2}{\376\377\000P\000r\000o\000b\000l\000\351\000m\000a\000t\000i\000q\000u\000e}{section.1.2}% 9
\BOOKMARK [2][-]{subsection.1.2.3}{\376\377\000S\000o\000l\000u\000t\000i\000o\000n\000\040\000p\000r\000o\000p\000o\000s\000\351\000e}{section.1.2}% 10
\BOOKMARK [2][-]{subsection.1.2.4}{\376\377\000O\000b\000j\000e\000c\000t\000i\000f\000s\000\040\000d\000u\000\040\000p\000r\000o\000j\000e\000t}{section.1.2}% 11
\BOOKMARK [1][-]{section.1.3}{\376\377\000\311\000t\000u\000d\000e\000\040\000d\000e\000\040\000l\000'\000e\000x\000i\000s\000t\000a\000n\000t}{chapter.1}% 12
\BOOKMARK [2][-]{subsection.1.3.1}{\376\377\000L\000e\000\040\000d\000i\000s\000p\000o\000s\000i\000t\000i\000f\000\040\000e\000n\000\040\000p\000l\000a\000c\000e\000\040\000c\000h\000e\000z\000\040\000l\000e\000s\000\040\000o\000p\000\351\000r\000a\000t\000e\000u\000r\000s}{section.1.3}% 13
\BOOKMARK [2][-]{subsection.1.3.2}{\376\377\000L\000e\000s\000\040\000p\000l\000a\000t\000e\000f\000o\000r\000m\000e\000s\000\040\000c\000o\000m\000m\000e\000r\000c\000i\000a\000l\000e\000s\000\040\000d\000'\000a\000u\000t\000o\000m\000a\000t\000i\000s\000a\000t\000i\000o\000n\000\040\000c\000o\000n\000v\000e\000r\000s\000a\000t\000i\000o\000n\000n\000e\000l\000l\000e}{section.1.3}% 14
\BOOKMARK [3][-]{subsubsection.1.3.2.1}{\376\377\000P\000o\000l\000y\000A\000I}{subsection.1.3.2}% 15
\BOOKMARK [3][-]{subsubsection.1.3.2.2}{\376\377\000C\000o\000g\000n\000i\000g\000y}{subsection.1.3.2}% 16
\BOOKMARK [3][-]{subsubsection.1.3.2.3}{\376\377\000P\000a\000r\000l\000o\000a}{subsection.1.3.2}% 17
\BOOKMARK [2][-]{subsection.1.3.3}{\376\377\000S\000y\000n\000t\000h\000\350\000s\000e\000\040\000c\000o\000m\000p\000a\000r\000a\000t\000i\000v\000e}{section.1.3}% 18
\BOOKMARK [1][-]{section.1.4}{\376\377\000C\000h\000r\000o\000n\000o\000l\000o\000g\000i\000e\000\040\000d\000u\000\040\000p\000r\000o\000j\000e\000t}{chapter.1}% 19
\BOOKMARK [1][-]{section.1.5}{\376\377\000P\000r\000o\000c\000e\000s\000s\000u\000s\000\040\000d\000e\000\040\000d\000\351\000v\000e\000l\000o\000p\000p\000e\000m\000e\000n\000t}{chapter.1}% 20
\BOOKMARK [2][-]{subsection.1.5.1}{\376\377\000L\000e\000\040\000c\000h\000o\000i\000x\000\040\000d\000'\000u\000n\000\040\000c\000y\000c\000l\000e\000\040\000i\000t\000\351\000r\000a\000t\000i\000f\000\040\000e\000t\000\040\000i\000n\000c\000r\000\351\000m\000e\000n\000t\000a\000l}{section.1.5}% 21
\BOOKMARK [2][-]{subsection.1.5.2}{\376\377\000L\000a\000\040\000f\000o\000r\000m\000e\000\040\000c\000o\000n\000c\000r\000\350\000t\000e\000\040\000d\000e\000s\000\040\000i\000t\000\351\000r\000a\000t\000i\000o\000n\000s}{section.1.5}% 22
\BOOKMARK [2][-]{subsection.1.5.3}{\376\377\000V\000\351\000r\000i\000f\000i\000c\000a\000t\000i\000o\000n\000\040\000c\000o\000n\000t\000i\000n\000u\000e}{section.1.5}% 23
\BOOKMARK [0][-]{chapter.2}{\376\377\000S\000p\000\351\000c\000i\000f\000i\000c\000a\000t\000i\000o\000n\000\040\000d\000e\000s\000\040\000b\000e\000s\000o\000i\000n\000s}{}% 24
\BOOKMARK [1][-]{section.2.1}{\376\377\000I\000d\000e\000n\000t\000i\000f\000i\000c\000a\000t\000i\000o\000n\000\040\000d\000e\000s\000\040\000a\000c\000t\000e\000u\000r\000s}{chapter.2}% 25
\BOOKMARK [2][-]{subsection.2.1.1}{\376\377\000A\000c\000t\000e\000u\000r\000s\000\040\000p\000r\000i\000n\000c\000i\000p\000a\000u\000x}{section.2.1}% 26
\BOOKMARK [2][-]{subsection.2.1.2}{\376\377\000A\000c\000t\000e\000u\000r\000s\000\040\000s\000e\000c\000o\000n\000d\000a\000i\000r\000e\000s}{section.2.1}% 27
\BOOKMARK [1][-]{section.2.2}{\376\377\000B\000e\000s\000o\000i\000n\000s\000\040\000f\000o\000n\000c\000t\000i\000o\000n\000n\000e\000l\000s}{chapter.2}% 28
\BOOKMARK [2][-]{subsection.2.2.1}{\376\377\000C\000o\000n\000d\000u\000i\000t\000e\000\040\000d\000e\000\040\000l\000a\000\040\000c\000o\000n\000v\000e\000r\000s\000a\000t\000i\000o\000n}{section.2.2}% 29
\BOOKMARK [2][-]{subsection.2.2.2}{\376\377\000C\000o\000n\000s\000t\000r\000u\000c\000t\000i\000o\000n\000\040\000d\000u\000\040\000c\000o\000n\000t\000e\000x\000t\000e\000\040\000c\000l\000i\000e\000n\000t}{section.2.2}% 30
\BOOKMARK [2][-]{subsection.2.2.3}{\376\377\000A\000n\000c\000r\000a\000g\000e\000\040\000d\000o\000c\000u\000m\000e\000n\000t\000a\000i\000r\000e\000\040\000d\000e\000s\000\040\000r\000\351\000p\000o\000n\000s\000e\000s}{section.2.2}% 31
\BOOKMARK [2][-]{subsection.2.2.4}{\376\377\000T\000r\000a\000i\000t\000e\000m\000e\000n\000t\000\040\000d\000e\000s\000\040\000a\000c\000t\000i\000o\000n\000s\000\040\000s\000e\000n\000s\000i\000b\000l\000e\000s}{section.2.2}% 32
\BOOKMARK [2][-]{subsection.2.2.5}{\376\377\000G\000e\000s\000t\000i\000o\000n\000\040\000d\000e\000s\000\040\000t\000i\000c\000k\000e\000t\000s}{section.2.2}% 33
\BOOKMARK [2][-]{subsection.2.2.6}{\376\377\000E\000s\000c\000a\000l\000a\000d\000e\000\040\000e\000t\000\040\000r\000a\000p\000p\000e\000l}{section.2.2}% 34
\BOOKMARK [2][-]{subsection.2.2.7}{\376\377\000E\000s\000p\000a\000c\000e\000\040\000c\000l\000i\000e\000n\000t}{section.2.2}% 35
\BOOKMARK [2][-]{subsection.2.2.8}{\376\377\000S\000u\000p\000e\000r\000v\000i\000s\000i\000o\000n\000\040\000e\000t\000\040\000a\000d\000m\000i\000n\000i\000s\000t\000r\000a\000t\000i\000o\000n}{section.2.2}% 36
\BOOKMARK [2][-]{subsection.2.2.9}{\376\377\000R\000\351\000c\000a\000p\000i\000t\000u\000l\000a\000t\000i\000f}{section.2.2}% 37
\BOOKMARK [1][-]{section.2.3}{\376\377\000B\000e\000s\000o\000i\000n\000s\000\040\000n\000o\000n\000\040\000f\000o\000n\000c\000t\000i\000o\000n\000n\000e\000l\000s}{chapter.2}% 38
\BOOKMARK [2][-]{subsection.2.3.1}{\376\377\000P\000e\000r\000f\000o\000r\000m\000a\000n\000c\000e\000\040\000e\000t\000\040\000c\000o\000m\000p\000o\000r\000t\000e\000m\000e\000n\000t\000\040\000t\000e\000m\000p\000s\000\040\000r\000\351\000e\000l}{section.2.3}% 39
\BOOKMARK [2][-]{subsection.2.3.2}{\376\377\000F\000i\000a\000b\000i\000l\000i\000t\000\351\000\040\000e\000t\000\040\000d\000i\000s\000p\000o\000n\000i\000b\000i\000l\000i\000t\000\351}{section.2.3}% 40
\BOOKMARK [2][-]{subsection.2.3.3}{\376\377\000R\000o\000b\000u\000s\000t\000e\000s\000s\000e\000\040\000e\000t\000\040\000t\000o\000l\000\351\000r\000a\000n\000c\000e\000\040\000a\000u\000x\000\040\000p\000a\000n\000n\000e\000s}{section.2.3}% 41
\BOOKMARK [2][-]{subsection.2.3.4}{\376\377\000S\000\351\000c\000u\000r\000i\000t\000\351\000\040\000e\000t\000\040\000c\000o\000n\000f\000i\000d\000e\000n\000t\000i\000a\000l\000i\000t\000\351}{section.2.3}% 42
\BOOKMARK [2][-]{subsection.2.3.5}{\376\377\000T\000r\000a\000\347\000a\000b\000i\000l\000i\000t\000\351\000\040\000e\000t\000\040\000a\000u\000d\000i\000t\000a\000b\000i\000l\000i\000t\000\351}{section.2.3}% 43
\BOOKMARK [2][-]{subsection.2.3.6}{\376\377\000E\000x\000t\000e\000n\000s\000i\000b\000i\000l\000i\000t\000\351\000\040\000e\000t\000\040\000m\000a\000i\000n\000t\000e\000n\000a\000b\000i\000l\000i\000t\000\351}{section.2.3}% 44
\BOOKMARK [2][-]{subsection.2.3.7}{\376\377\000P\000a\000s\000s\000a\000g\000e\000\040\000\340\000\040\000l\000'\000\351\000c\000h\000e\000l\000l\000e}{section.2.3}% 45
\BOOKMARK [2][-]{subsection.2.3.8}{\376\377\000I\000n\000t\000e\000r\000o\000p\000\351\000r\000a\000b\000i\000l\000i\000t\000\351\000\040\000e\000t\000\040\000p\000o\000r\000t\000a\000b\000i\000l\000i\000t\000\351}{section.2.3}% 46
\BOOKMARK [2][-]{subsection.2.3.9}{\376\377\000T\000e\000s\000t\000a\000b\000i\000l\000i\000t\000\351}{section.2.3}% 47
\BOOKMARK [2][-]{subsection.2.3.10}{\376\377\000E\000r\000g\000o\000n\000o\000m\000i\000e}{section.2.3}% 48
\BOOKMARK [2][-]{subsection.2.3.11}{\376\377\000R\000\351\000c\000a\000p\000i\000t\000u\000l\000a\000t\000i\000f}{section.2.3}% 49
\BOOKMARK [1][-]{section.2.4}{\376\377\000D\000i\000a\000g\000r\000a\000m\000m\000e\000s\000\040\000d\000e\000\040\000c\000a\000s\000\040\000d\000'\000u\000t\000i\000l\000i\000s\000a\000t\000i\000o\000n}{chapter.2}% 50
\BOOKMARK [2][-]{subsection.2.4.1}{\376\377\000D\000i\000a\000g\000r\000a\000m\000m\000e\000\040\000d\000e\000\040\000c\000a\000s\000\040\000d\000'\000u\000t\000i\000l\000i\000s\000a\000t\000i\000o\000n\000\040\000g\000\351\000n\000\351\000r\000a\000l}{section.2.4}% 51
\BOOKMARK [2][-]{subsection.2.4.2}{\376\377\000C\000a\000s\000\040\000d\000'\000u\000t\000i\000l\000i\000s\000a\000t\000i\000o\000n\000\040\000:\000\040\000o\000b\000t\000e\000n\000i\000r\000\040\000u\000n\000e\000\040\000r\000\351\000p\000o\000n\000s\000e\000\040\000d\000o\000c\000u\000m\000e\000n\000t\000a\000i\000r\000e}{section.2.4}% 52
\BOOKMARK [3][-]{subsubsection.2.4.2.1}{\376\377\000D\000i\000a\000g\000r\000a\000m\000m\000e\000\040\000d\000u\000\040\000c\000a\000s}{subsection.2.4.2}% 53
\BOOKMARK [3][-]{subsubsection.2.4.2.2}{\376\377\000D\000e\000s\000c\000r\000i\000p\000t\000i\000o\000n\000\040\000t\000e\000x\000t\000u\000e\000l\000l\000e}{subsection.2.4.2}% 54
\BOOKMARK [3][-]{subsubsection.2.4.2.3}{\376\377\000D\000i\000a\000g\000r\000a\000m\000m\000e\000\040\000d\000e\000\040\000s\000\351\000q\000u\000e\000n\000c\000e\000\040\000s\000y\000s\000t\000\350\000m\000e}{subsection.2.4.2}% 55
\BOOKMARK [2][-]{subsection.2.4.3}{\376\377\000C\000a\000s\000\040\000d\000'\000u\000t\000i\000l\000i\000s\000a\000t\000i\000o\000n\000\040\000:\000\040\000e\000x\000\351\000c\000u\000t\000e\000r\000\040\000u\000n\000e\000\040\000o\000p\000\351\000r\000a\000t\000i\000o\000n\000\040\000s\000e\000n\000s\000i\000b\000l\000e}{section.2.4}% 56
\BOOKMARK [3][-]{subsubsection.2.4.3.1}{\376\377\000D\000i\000a\000g\000r\000a\000m\000m\000e\000\040\000d\000u\000\040\000c\000a\000s}{subsection.2.4.3}% 57
\BOOKMARK [3][-]{subsubsection.2.4.3.2}{\376\377\000D\000e\000s\000c\000r\000i\000p\000t\000i\000o\000n\000\040\000t\000e\000x\000t\000u\000e\000l\000l\000e}{subsection.2.4.3}% 58
\BOOKMARK [3][-]{subsubsection.2.4.3.3}{\376\377\000D\000i\000a\000g\000r\000a\000m\000m\000e\000\040\000d\000e\000\040\000s\000\351\000q\000u\000e\000n\000c\000e\000\040\000s\000y\000s\000t\000\350\000m\000e}{subsection.2.4.3}% 59
\BOOKMARK [2][-]{subsection.2.4.4}{\376\377\000C\000a\000s\000\040\000d\000'\000u\000t\000i\000l\000i\000s\000a\000t\000i\000o\000n\000\040\000:\000\040\000e\000s\000c\000a\000l\000a\000d\000e\000r\000\040\000v\000e\000r\000s\000\040\000u\000n\000\040\000c\000o\000n\000s\000e\000i\000l\000l\000e\000r\000\040\000h\000u\000m\000a\000i\000n}{section.2.4}% 60
\BOOKMARK [3][-]{subsubsection.2.4.4.1}{\376\377\000D\000i\000a\000g\000r\000a\000m\000m\000e\000\040\000d\000u\000\040\000c\000a\000s}{subsection.2.4.4}% 61
\BOOKMARK [3][-]{subsubsection.2.4.4.2}{\376\377\000D\000e\000s\000c\000r\000i\000p\000t\000i\000o\000n\000\040\000t\000e\000x\000t\000u\000e\000l\000l\000e}{subsection.2.4.4}% 62
\BOOKMARK [3][-]{subsubsection.2.4.4.3}{\376\377\000D\000i\000a\000g\000r\000a\000m\000m\000e\000\040\000d\000e\000\040\000s\000\351\000q\000u\000e\000n\000c\000e\000\040\000s\000y\000s\000t\000\350\000m\000e}{subsection.2.4.4}% 63
\BOOKMARK [0][-]{chapter.3}{\376\377\000C\000o\000n\000c\000e\000p\000t\000i\000o\000n}{}% 64
\BOOKMARK [1][-]{section.3.1}{\376\377\000V\000u\000e\000\040\000s\000t\000a\000t\000i\000q\000u\000e\000\040\000d\000e\000\040\000l\000'\000a\000p\000p\000l\000i\000c\000a\000t\000i\000o\000n}{chapter.3}% 65
\BOOKMARK [2][-]{subsection.3.1.1}{\376\377\000A\000r\000c\000h\000i\000t\000e\000c\000t\000u\000r\000e\000\040\000l\000o\000g\000i\000q\000u\000e\000\040\000d\000u\000\040\000l\000o\000g\000i\000c\000i\000e\000l}{section.3.1}% 66
\BOOKMARK [3][-]{subsubsection.3.1.1.1}{\376\377\000L\000e\000\040\000p\000r\000i\000n\000c\000i\000p\000e\000\040\000r\000e\000t\000e\000n\000u}{subsection.3.1.1}% 67
\BOOKMARK [3][-]{subsubsection.3.1.1.2}{\376\377\000L\000e\000s\000\040\000p\000o\000r\000t\000s\000\040\000d\000u\000\040\000d\000o\000m\000a\000i\000n\000e}{subsection.3.1.1}% 68
\BOOKMARK [3][-]{subsubsection.3.1.1.3}{\376\377\000D\000\351\000c\000o\000u\000p\000a\000g\000e\000\040\000e\000n\000\040\000c\000o\000n\000t\000e\000x\000t\000e\000s\000\040\000m\000\351\000t\000i\000e\000r}{subsection.3.1.1}% 69
\BOOKMARK [3][-]{subsubsection.3.1.1.4}{\376\377\000D\000\351\000c\000o\000m\000p\000o\000s\000i\000t\000i\000o\000n\000\040\000e\000n\000\040\000c\000o\000m\000p\000o\000s\000a\000n\000t\000s}{subsection.3.1.1}% 70
\BOOKMARK [2][-]{subsection.3.1.2}{\376\377\000D\000i\000a\000g\000r\000a\000m\000m\000e\000s\000\040\000d\000e\000\040\000c\000l\000a\000s\000s\000e\000s}{section.3.1}% 71
\BOOKMARK [3][-]{subsubsection.3.1.2.1}{\376\377\000M\000o\000d\000\350\000l\000e\000\040\000d\000u\000\040\000d\000o\000m\000a\000i\000n\000e}{subsection.3.1.2}% 72
\BOOKMARK [3][-]{subsubsection.3.1.2.2}{\376\377\000H\000i\000\351\000r\000a\000r\000c\000h\000i\000e\000\040\000d\000e\000s\000\040\000a\000g\000e\000n\000t\000s\000\040\000c\000o\000n\000v\000e\000r\000s\000a\000t\000i\000o\000n\000n\000e\000l\000s}{subsection.3.1.2}% 73
\BOOKMARK [3][-]{subsubsection.3.1.2.3}{\376\377\000M\000o\000t\000e\000u\000r\000\040\000d\000e\000\040\000d\000\351\000c\000i\000s\000i\000o\000n\000\040\000d\000\351\000t\000e\000r\000m\000i\000n\000i\000s\000t\000e}{subsection.3.1.2}% 74
\BOOKMARK [2][-]{subsection.3.1.3}{\376\377\000C\000o\000n\000c\000e\000p\000t\000i\000o\000n\000\040\000d\000e\000\040\000l\000a\000\040\000b\000a\000s\000e\000\040\000d\000e\000\040\000d\000o\000n\000n\000\351\000e\000s}{section.3.1}% 75
\BOOKMARK [3][-]{subsubsection.3.1.3.1}{\376\377\000O\000r\000g\000a\000n\000i\000s\000a\000t\000i\000o\000n\000\040\000e\000n\000\040\000s\000c\000h\000\351\000m\000a\000s}{subsection.3.1.3}% 76
\BOOKMARK [3][-]{subsubsection.3.1.3.2}{\376\377\000M\000o\000d\000\350\000l\000e\000\040\000e\000n\000t\000i\000t\000\351\000s\000\040\000a\000s\000s\000o\000c\000i\000a\000t\000i\000o\000n\000s}{subsection.3.1.3}% 77
\BOOKMARK [3][-]{subsubsection.3.1.3.3}{\376\377\000D\000e\000u\000x\000\040\000a\000s\000y\000m\000\351\000t\000r\000i\000e\000s\000\040\000a\000s\000s\000u\000m\000\351\000e\000s}{subsection.3.1.3}% 78
\BOOKMARK [1][-]{section.3.2}{\376\377\000V\000u\000e\000\040\000d\000y\000n\000a\000m\000i\000q\000u\000e\000\040\000d\000e\000\040\000l\000'\000a\000p\000p\000l\000i\000c\000a\000t\000i\000o\000n}{chapter.3}% 79
\BOOKMARK [2][-]{subsection.3.2.1}{\376\377\000D\000i\000a\000g\000r\000a\000m\000m\000e\000s\000\040\000d\000e\000\040\000s\000\351\000q\000u\000e\000n\000c\000e}{section.3.2}% 80
\BOOKMARK [3][-]{subsubsection.3.2.1.1}{\376\377\000D\000\351\000r\000o\000u\000l\000e\000m\000e\000n\000t\000\040\000d\000'\000u\000n\000\040\000t\000o\000u\000r\000\040\000d\000e\000\040\000p\000a\000r\000o\000l\000e}{subsection.3.2.1}% 81
\BOOKMARK [3][-]{subsubsection.3.2.1.2}{\376\377\000D\000\351\000r\000o\000u\000l\000e\000m\000e\000n\000t\000\040\000d\000'\000u\000n\000e\000\040\000a\000c\000t\000i\000o\000n\000\040\000s\000e\000n\000s\000i\000b\000l\000e}{subsection.3.2.1}% 82
\BOOKMARK [2][-]{subsection.3.2.2}{\376\377\000D\000i\000a\000g\000r\000a\000m\000m\000e\000s\000\040\000d\000'\000a\000c\000t\000i\000v\000i\000t\000\351\000s}{section.3.2}% 83
\BOOKMARK [3][-]{subsubsection.3.2.2.1}{\376\377\000I\000n\000g\000e\000s\000t\000i\000o\000n\000\040\000d\000o\000c\000u\000m\000e\000n\000t\000a\000i\000r\000e}{subsection.3.2.2}% 84
\BOOKMARK [3][-]{subsubsection.3.2.2.2}{\376\377\000R\000e\000c\000h\000e\000r\000c\000h\000e\000\040\000d\000o\000c\000u\000m\000e\000n\000t\000a\000i\000r\000e}{subsection.3.2.2}% 85
\BOOKMARK [2][-]{subsection.3.2.3}{\376\377\000D\000i\000a\000g\000r\000a\000m\000m\000e\000s\000\040\000d\000'\000\351\000t\000a\000t\000s\000\040\000t\000r\000a\000n\000s\000i\000t\000i\000o\000n\000s}{section.3.2}% 86
\BOOKMARK [3][-]{subsubsection.3.2.3.1}{\376\377\000C\000y\000c\000l\000e\000\040\000d\000e\000\040\000v\000i\000e\000\040\000d\000'\000u\000n\000e\000\040\000c\000o\000n\000v\000e\000r\000s\000a\000t\000i\000o\000n}{subsection.3.2.3}% 87
\BOOKMARK [3][-]{subsubsection.3.2.3.2}{\376\377\000C\000y\000c\000l\000e\000\040\000d\000e\000\040\000v\000i\000e\000\040\000d\000'\000u\000n\000\040\000t\000i\000c\000k\000e\000t}{subsection.3.2.3}% 88
\BOOKMARK [1][-]{section.3.3}{\376\377\000C\000o\000n\000c\000e\000p\000t\000i\000o\000n\000\040\000d\000u\000\040\000s\000y\000s\000t\000\350\000m\000e\000\040\000a\000g\000e\000n\000t\000i\000q\000u\000e}{chapter.3}% 89
\BOOKMARK [2][-]{subsection.3.3.1}{\376\377\000P\000r\000i\000n\000c\000i\000p\000e\000\040\000e\000t\000\040\000p\000i\000p\000e\000l\000i\000n\000e\000\040\000d\000e\000\040\000r\000a\000i\000s\000o\000n\000n\000e\000m\000e\000n\000t}{section.3.3}% 90
\BOOKMARK [2][-]{subsection.3.3.2}{\376\377\000D\000\351\000c\000o\000m\000p\000o\000s\000i\000t\000i\000o\000n\000\040\000e\000n\000\040\000a\000g\000e\000n\000t\000s\000\040\000s\000p\000\351\000c\000i\000a\000l\000i\000s\000\351\000s}{section.3.3}% 91
\BOOKMARK [3][-]{subsubsection.3.3.2.1}{\376\377\000M\000o\000t\000i\000v\000a\000t\000i\000o\000n}{subsection.3.3.2}% 92
\BOOKMARK [3][-]{subsubsection.3.3.2.2}{\376\377\000D\000\351\000c\000l\000a\000r\000a\000t\000i\000o\000n\000\040\000u\000n\000i\000q\000u\000e\000\040\000d\000e\000s\000\040\000d\000o\000m\000a\000i\000n\000e\000s}{subsection.3.3.2}% 93
\BOOKMARK [3][-]{subsubsection.3.3.2.3}{\376\377\000P\000a\000s\000s\000a\000g\000e\000\040\000d\000e\000\040\000r\000e\000l\000a\000i\000s\000\040\000e\000n\000t\000r\000e\000\040\000a\000g\000e\000n\000t\000s}{subsection.3.3.2}% 94
\BOOKMARK [2][-]{subsection.3.3.3}{\376\377\000C\000o\000n\000s\000t\000r\000u\000c\000t\000i\000o\000n\000\040\000d\000u\000\040\000c\000o\000n\000t\000e\000x\000t\000e}{section.3.3}% 95
\BOOKMARK [3][-]{subsubsection.3.3.3.1}{\376\377\000U\000n\000\040\000c\000o\000n\000t\000e\000x\000t\000e\000\040\000a\000s\000s\000e\000m\000b\000l\000\351\000\040\000e\000t\000\040\000n\000o\000n\000\040\000a\000c\000c\000u\000m\000u\000l\000\351}{subsection.3.3.3}% 96
\BOOKMARK [3][-]{subsubsection.3.3.3.2}{\376\377\000M\000\351\000m\000o\000i\000r\000e\000\040\000c\000o\000u\000r\000t\000e\000\040\000e\000t\000\040\000m\000\351\000m\000o\000i\000r\000e\000\040\000l\000o\000n\000g\000u\000e}{subsection.3.3.3}% 97
\BOOKMARK [2][-]{subsection.3.3.4}{\376\377\000G\000a\000r\000d\000e\000\040\000f\000o\000u\000s\000\040\000e\000t\000\040\000c\000o\000m\000p\000o\000r\000t\000e\000m\000e\000n\000t\000\040\000d\000\351\000t\000e\000r\000m\000i\000n\000i\000s\000t\000e}{section.3.3}% 98
\BOOKMARK [3][-]{subsubsection.3.3.4.1}{\376\377\000N\000a\000t\000u\000r\000e\000\040\000d\000e\000s\000\040\000g\000a\000r\000d\000e\000\040\000f\000o\000u\000s}{subsection.3.3.4}% 99
\BOOKMARK [3][-]{subsubsection.3.3.4.2}{\376\377\000L\000e\000\040\000s\000e\000n\000t\000i\000m\000e\000n\000t\000\040\000c\000o\000m\000m\000e\000\040\000s\000i\000g\000n\000a\000l\000\040\000d\000e\000\040\000d\000\351\000c\000i\000s\000i\000o\000n}{subsection.3.3.4}% 100
\BOOKMARK [3][-]{subsubsection.3.3.4.3}{\376\377\000D\000\351\000t\000e\000r\000m\000i\000n\000i\000s\000m\000e\000\040\000l\000\340\000\040\000o\000\371\000\040\000i\000l\000\040\000c\000o\000m\000p\000t\000e}{subsection.3.3.4}% 101
\BOOKMARK [2][-]{subsection.3.3.5}{\376\377\000D\000u\000\040\000p\000r\000o\000m\000p\000t\000\040\000a\000u\000\040\000h\000a\000r\000n\000a\000i\000s}{section.3.3}% 102
\BOOKMARK [1][-]{section.3.4}{\376\377\000C\000o\000n\000c\000e\000p\000t\000i\000o\000n\000\040\000d\000e\000\040\000l\000a\000\040\000s\000\351\000c\000u\000r\000i\000t\000\351\000\040\000e\000t\000\040\000d\000u\000\040\000c\000o\000n\000t\000r\000\364\000l\000e\000\040\000d\000'\000a\000c\000c\000\350\000s}{chapter.3}% 103
\BOOKMARK [2][-]{subsection.3.4.1}{\376\377\000D\000e\000u\000x\000\040\000f\000r\000o\000n\000t\000i\000\350\000r\000e\000s\000\040\000d\000i\000s\000t\000i\000n\000c\000t\000e\000s}{section.3.4}% 104
\BOOKMARK [2][-]{subsection.3.4.2}{\376\377\000A\000u\000t\000h\000e\000n\000t\000i\000f\000i\000c\000a\000t\000i\000o\000n\000\040\000e\000t\000\040\000g\000e\000s\000t\000i\000o\000n\000\040\000d\000e\000\040\000s\000e\000s\000s\000i\000o\000n}{section.3.4}% 105
\BOOKMARK [2][-]{subsection.3.4.3}{\376\377\000A\000u\000t\000o\000r\000i\000s\000a\000t\000i\000o\000n\000\040\000f\000o\000n\000d\000\351\000e\000\040\000s\000u\000r\000\040\000l\000e\000\040\000r\000\364\000l\000e}{section.3.4}% 106
\BOOKMARK [2][-]{subsection.3.4.4}{\376\377\000I\000s\000o\000l\000a\000t\000i\000o\000n\000\040\000d\000e\000s\000\040\000d\000o\000n\000n\000\351\000e\000s\000\040\000e\000n\000t\000r\000e\000\040\000c\000l\000i\000e\000n\000t\000s}{section.3.4}% 107
\BOOKMARK [2][-]{subsection.3.4.5}{\376\377\000V\000\351\000r\000i\000f\000i\000c\000a\000t\000i\000o\000n\000\040\000d\000'\000i\000d\000e\000n\000t\000i\000t\000\351\000\040\000r\000e\000n\000f\000o\000r\000c\000\351\000e}{section.3.4}% 108
\BOOKMARK [2][-]{subsection.3.4.6}{\376\377\000T\000r\000a\000\347\000a\000b\000i\000l\000i\000t\000\351}{section.3.4}% 109
\BOOKMARK [0][-]{chapter.4}{\376\377\000R\000\351\000a\000l\000i\000s\000a\000t\000i\000o\000n}{}% 110
\BOOKMARK [1][-]{section.4.1}{\376\377\000T\000e\000c\000h\000n\000o\000l\000o\000g\000i\000e\000s}{chapter.4}% 111
\BOOKMARK [2][-]{subsection.4.1.1}{\376\377\000P\000r\000i\000n\000c\000i\000p\000e\000\040\000d\000e\000\040\000s\000\351\000l\000e\000c\000t\000i\000o\000n}{section.4.1}% 112
\BOOKMARK [2][-]{subsection.4.1.2}{\376\377\000T\000e\000c\000h\000n\000o\000l\000o\000g\000i\000e\000s\000\040\000p\000a\000r\000\040\000c\000o\000u\000c\000h\000e}{section.4.1}% 113
\BOOKMARK [2][-]{subsection.4.1.3}{\376\377\000L\000e\000\040\000r\000\364\000l\000e\000\040\000d\000e\000\040\000l\000a\000\040\000c\000o\000u\000c\000h\000e\000\040\000t\000e\000m\000p\000s\000\040\000r\000\351\000e\000l}{section.4.1}% 114
\BOOKMARK [1][-]{section.4.2}{\376\377\000O\000u\000t\000i\000l\000s\000\040\000d\000'\000i\000m\000p\000l\000\351\000m\000e\000n\000t\000a\000t\000i\000o\000n}{chapter.4}% 115
\BOOKMARK [2][-]{subsection.4.2.1}{\376\377\000E\000n\000v\000i\000r\000o\000n\000n\000e\000m\000e\000n\000t\000\040\000m\000a\000t\000\351\000r\000i\000e\000l}{section.4.2}% 116
\BOOKMARK [2][-]{subsection.4.2.2}{\376\377\000E\000n\000v\000i\000r\000o\000n\000n\000e\000m\000e\000n\000t\000\040\000l\000o\000g\000i\000c\000i\000e\000l}{section.4.2}% 117
\BOOKMARK [1][-]{section.4.3}{\376\377\000L\000a\000\040\000c\000h\000a\000\356\000n\000e\000\040\000d\000e\000\040\000t\000r\000a\000i\000t\000e\000m\000e\000n\000t\000\040\000t\000e\000m\000p\000s\000\040\000r\000\351\000e\000l}{chapter.4}% 118
\BOOKMARK [2][-]{subsection.4.3.1}{\376\377\000V\000u\000e\000\040\000d\000'\000e\000n\000s\000e\000m\000b\000l\000e\000\040\000e\000t\000\040\000p\000r\000i\000n\000c\000i\000p\000e\000\040\000d\000u\000\040\000b\000u\000d\000g\000e\000t}{section.4.3}% 119
\BOOKMARK [2][-]{subsection.4.3.2}{\376\377\000\311\000t\000a\000b\000l\000i\000s\000s\000e\000m\000e\000n\000t\000\040\000d\000e\000\040\000l\000a\000\040\000s\000e\000s\000s\000i\000o\000n\000\040\000e\000t\000\040\000t\000r\000a\000n\000s\000p\000o\000r\000t}{section.4.3}% 120
\BOOKMARK [3][-]{subsubsection.4.3.2.1}{\376\377\000R\000\364\000l\000e}{subsection.4.3.2}% 121
\BOOKMARK [3][-]{subsubsection.4.3.2.2}{\376\377\000R\000\351\000a\000l\000i\000s\000a\000t\000i\000o\000n}{subsection.4.3.2}% 122
\BOOKMARK [3][-]{subsubsection.4.3.2.3}{\376\377\000C\000e\000\040\000q\000u\000e\000\040\000l\000e\000\040\000c\000h\000o\000i\000x\000\040\000a\000\040\000c\000o\000\373\000t\000\351}{subsection.4.3.2}% 123
\BOOKMARK [3][-]{subsubsection.4.3.2.4}{\376\377\000S\000o\000r\000t\000i\000e\000\040\000v\000e\000r\000s\000\040\000l\000a\000\040\000t\000\351\000l\000\351\000p\000h\000o\000n\000i\000e}{subsection.4.3.2}% 124
\BOOKMARK [2][-]{subsection.4.3.3}{\376\377\000D\000\351\000t\000e\000c\000t\000i\000o\000n\000\040\000d\000e\000\040\000f\000i\000n\000\040\000d\000'\000\351\000n\000o\000n\000c\000\351\000\040\000e\000t\000\040\000g\000e\000s\000t\000i\000o\000n\000\040\000d\000e\000s\000\040\000t\000o\000u\000r\000s\000\040\000d\000e\000\040\000p\000a\000r\000o\000l\000e}{section.4.3}% 125
\BOOKMARK [3][-]{subsubsection.4.3.3.1}{\376\377\000R\000\364\000l\000e}{subsection.4.3.3}% 126
\BOOKMARK [3][-]{subsubsection.4.3.3.2}{\376\377\000R\000\351\000a\000l\000i\000s\000a\000t\000i\000o\000n}{subsection.4.3.3}% 127
\BOOKMARK [3][-]{subsubsection.4.3.3.3}{\376\377\000G\000\351\000n\000\351\000r\000a\000t\000i\000o\000n\000\040\000a\000n\000t\000i\000c\000i\000p\000\351\000e}{subsection.4.3.3}% 128
\BOOKMARK [2][-]{subsection.4.3.4}{\376\377\000T\000r\000a\000n\000s\000c\000r\000i\000p\000t\000i\000o\000n\000\040\000d\000e\000\040\000l\000a\000\040\000p\000a\000r\000o\000l\000e}{section.4.3}% 129
\BOOKMARK [3][-]{subsubsection.4.3.4.1}{\376\377\000R\000\364\000l\000e\000\040\000e\000t\000\040\000m\000\351\000t\000r\000i\000q\000u\000e\000s}{subsection.4.3.4}% 130
\BOOKMARK [3][-]{subsubsection.4.3.4.2}{\376\377\000R\000\351\000a\000l\000i\000s\000a\000t\000i\000o\000n}{subsection.4.3.4}% 131
\BOOKMARK [3][-]{subsubsection.4.3.4.3}{\376\377\000C\000h\000a\000\356\000n\000e\000\040\000d\000e\000\040\000r\000e\000p\000l\000i}{subsection.4.3.4}% 132
\BOOKMARK [2][-]{subsection.4.3.5}{\376\377\000R\000a\000i\000s\000o\000n\000n\000e\000m\000e\000n\000t}{section.4.3}% 133
\BOOKMARK [3][-]{subsubsection.4.3.5.1}{\376\377\000R\000\364\000l\000e\000\040\000e\000t\000\040\000c\000r\000i\000t\000\350\000r\000e\000s\000\040\000d\000e\000\040\000s\000\351\000l\000e\000c\000t\000i\000o\000n}{subsection.4.3.5}% 134
\BOOKMARK [3][-]{subsubsection.4.3.5.2}{\376\377\000L\000e\000\040\000c\000o\000m\000p\000r\000o\000m\000i\000s\000\040\000\351\000v\000i\000t\000\351}{subsection.4.3.5}% 135
\BOOKMARK [3][-]{subsubsection.4.3.5.3}{\376\377\000R\000\351\000a\000l\000i\000s\000a\000t\000i\000o\000n}{subsection.4.3.5}% 136
\BOOKMARK [3][-]{subsubsection.4.3.5.4}{\376\377\000T\000r\000a\000v\000a\000u\000x\000\040\000s\000u\000r\000\040\000l\000'\000e\000x\000\351\000c\000u\000t\000i\000o\000n\000\040\000l\000o\000c\000a\000l\000e}{subsection.4.3.5}% 137
\BOOKMARK [2][-]{subsection.4.3.6}{\376\377\000R\000\351\000c\000u\000p\000\351\000r\000a\000t\000i\000o\000n\000\040\000d\000o\000c\000u\000m\000e\000n\000t\000a\000i\000r\000e\000\040\000s\000o\000u\000s\000\040\000c\000o\000n\000t\000r\000a\000i\000n\000t\000e\000\040\000t\000e\000m\000p\000s\000\040\000r\000\351\000e\000l}{section.4.3}% 138
\BOOKMARK [3][-]{subsubsection.4.3.6.1}{\376\377\000L\000e\000\040\000p\000r\000o\000b\000l\000\350\000m\000e\000\040\000p\000a\000r\000t\000i\000c\000u\000l\000i\000e\000r\000\040\000d\000e\000\040\000c\000e\000t\000t\000e\000\040\000\351\000t\000a\000p\000e}{subsection.4.3.6}% 139
\BOOKMARK [3][-]{subsubsection.4.3.6.2}{\376\377\000E\000n\000c\000o\000d\000a\000g\000e\000\040\000d\000e\000s\000\040\000t\000e\000x\000t\000e\000s}{subsection.4.3.6}% 140
\BOOKMARK [3][-]{subsubsection.4.3.6.3}{\376\377\000R\000e\000c\000h\000e\000r\000c\000h\000e\000\040\000e\000n\000\040\000t\000r\000o\000i\000s\000\040\000f\000i\000l\000t\000r\000e\000s}{subsection.4.3.6}% 141
\BOOKMARK [3][-]{subsubsection.4.3.6.4}{\376\377\000C\000e\000\040\000q\000u\000e\000\040\000l\000e\000\040\000c\000h\000o\000i\000x\000\040\000a\000\040\000c\000o\000\373\000t\000\351}{subsection.4.3.6}% 142
\BOOKMARK [2][-]{subsection.4.3.7}{\376\377\000S\000y\000n\000t\000h\000\350\000s\000e\000\040\000v\000o\000c\000a\000l\000e}{section.4.3}% 143
\BOOKMARK [3][-]{subsubsection.4.3.7.1}{\376\377\000R\000\364\000l\000e\000\040\000e\000t\000\040\000m\000\351\000t\000r\000i\000q\000u\000e\000\040\000d\000\351\000t\000e\000r\000m\000i\000n\000a\000n\000t\000e}{subsection.4.3.7}% 144
\BOOKMARK [3][-]{subsubsection.4.3.7.2}{\376\377\000U\000n\000e\000\040\000e\000x\000i\000g\000e\000n\000c\000e\000\040\000\351\000l\000i\000m\000i\000n\000a\000t\000o\000i\000r\000e}{subsection.4.3.7}% 145
\BOOKMARK [3][-]{subsubsection.4.3.7.3}{\376\377\000R\000\351\000a\000l\000i\000s\000a\000t\000i\000o\000n}{subsection.4.3.7}% 146
\BOOKMARK [3][-]{subsubsection.4.3.7.4}{\376\377\000U\000n\000e\000\040\000m\000e\000s\000u\000r\000e\000\040\000i\000n\000a\000t\000t\000e\000n\000d\000u\000e}{subsection.4.3.7}% 147
\BOOKMARK [3][-]{subsubsection.4.3.7.5}{\376\377\000P\000o\000s\000i\000t\000i\000o\000n\000n\000e\000m\000e\000n\000t\000\040\000d\000e\000s\000\040\000f\000o\000u\000r\000n\000i\000s\000s\000e\000u\000r\000s\000\040\000r\000e\000t\000e\000n\000u\000s}{subsection.4.3.7}% 148
\BOOKMARK [2][-]{subsection.4.3.8}{\376\377\000G\000e\000s\000t\000i\000o\000n\000\040\000d\000e\000s\000\040\000i\000n\000t\000e\000r\000r\000u\000p\000t\000i\000o\000n\000s\000\040\000e\000t\000\040\000b\000u\000d\000g\000e\000t\000\040\000g\000l\000o\000b\000a\000l}{section.4.3}% 149
\BOOKMARK [3][-]{subsubsection.4.3.8.1}{\376\377\000I\000n\000t\000e\000r\000r\000u\000p\000t\000i\000o\000n}{subsection.4.3.8}% 150
\BOOKMARK [3][-]{subsubsection.4.3.8.2}{\376\377\000B\000u\000d\000g\000e\000t\000\040\000d\000e\000\040\000l\000a\000t\000e\000n\000c\000e}{subsection.4.3.8}% 151
\BOOKMARK [1][-]{section.4.4}{\376\377\000C\000o\000n\000c\000u\000r\000r\000e\000n\000c\000e\000\040\000e\000t\000\040\000g\000e\000s\000t\000i\000o\000n\000\040\000d\000e\000s\000\040\000r\000e\000s\000s\000o\000u\000r\000c\000e\000s}{chapter.4}% 152
\BOOKMARK [2][-]{subsection.4.4.1}{\376\377\000D\000e\000u\000x\000\040\000\351\000c\000h\000e\000l\000l\000e\000s\000\040\000d\000e\000\040\000c\000o\000n\000c\000u\000r\000r\000e\000n\000c\000e}{section.4.4}% 153
\BOOKMARK [2][-]{subsection.4.4.2}{\376\377\000I\000s\000o\000l\000a\000t\000i\000o\000n\000\040\000d\000e\000s\000\040\000c\000o\000n\000v\000e\000r\000s\000a\000t\000i\000o\000n\000s}{section.4.4}% 154
\BOOKMARK [2][-]{subsection.4.4.3}{\376\377\000I\000s\000o\000l\000a\000t\000i\000o\000n\000\040\000d\000e\000s\000\040\000o\000p\000\351\000r\000a\000t\000i\000o\000n\000s\000\040\000c\000o\000n\000c\000u\000r\000r\000e\000n\000t\000e\000s}{section.4.4}% 155
\BOOKMARK [3][-]{subsubsection.4.4.3.1}{\376\377\000L\000'\000i\000d\000e\000n\000t\000i\000t\000\351\000\040\000d\000'\000o\000p\000\351\000r\000a\000t\000i\000o\000n}{subsection.4.4.3}% 156
\BOOKMARK [3][-]{subsubsection.4.4.3.2}{\376\377\000C\000e\000\040\000q\000u\000e\000\040\000l\000'\000i\000d\000e\000n\000t\000i\000t\000\351\000\040\000n\000e\000\040\000d\000o\000i\000t\000\040\000p\000a\000s\000\040\000c\000o\000n\000t\000e\000n\000i\000r}{subsection.4.4.3}% 157
\BOOKMARK [3][-]{subsubsection.4.4.3.3}{\376\377\000G\000a\000r\000a\000n\000t\000i\000e\000\040\000s\000o\000u\000s\000\040\000c\000o\000n\000c\000u\000r\000r\000e\000n\000c\000e\000\040\000r\000\351\000e\000l\000l\000e}{subsection.4.4.3}% 158
\BOOKMARK [2][-]{subsection.4.4.4}{\376\377\000O\000r\000d\000o\000n\000n\000a\000n\000c\000e\000m\000e\000n\000t\000\040\000d\000e\000s\000\040\000\351\000c\000r\000i\000t\000u\000r\000e\000s\000\040\000d\000'\000a\000u\000d\000i\000t}{section.4.4}% 159
\BOOKMARK [2][-]{subsection.4.4.5}{\376\377\000I\000s\000o\000l\000a\000t\000i\000o\000n\000\040\000d\000e\000s\000\040\000\351\000c\000r\000i\000t\000u\000r\000e\000s\000\040\000s\000e\000c\000o\000n\000d\000a\000i\000r\000e\000s}{section.4.4}% 160
\BOOKMARK [2][-]{subsection.4.4.6}{\376\377\000D\000\351\000c\000o\000u\000p\000l\000a\000g\000e\000\040\000d\000e\000\040\000l\000'\000e\000n\000r\000e\000g\000i\000s\000t\000r\000e\000m\000e\000n\000t\000\040\000c\000o\000n\000v\000e\000r\000s\000a\000t\000i\000o\000n\000n\000e\000l}{section.4.4}% 161
\BOOKMARK [1][-]{section.4.5}{\376\377\000A\000r\000c\000h\000i\000t\000e\000c\000t\000u\000r\000e\000\040\000p\000h\000y\000s\000i\000q\000u\000e\000\040\000e\000t\000\040\000\351\000v\000o\000l\000u\000t\000i\000o\000n\000\040\000t\000e\000m\000p\000o\000r\000e\000l\000l\000e}{chapter.4}% 162
\BOOKMARK [2][-]{subsection.4.5.1}{\376\377\000T\000o\000p\000o\000l\000o\000g\000i\000e\000\040\000d\000e\000\040\000d\000\351\000p\000l\000o\000i\000e\000m\000e\000n\000t}{section.4.5}% 163
\BOOKMARK [2][-]{subsection.4.5.2}{\376\377\000C\000h\000a\000\356\000n\000e\000\040\000d\000'\000o\000b\000s\000e\000r\000v\000a\000b\000i\000l\000i\000t\000\351}{section.4.5}% 164
\BOOKMARK [3][-]{subsubsection.4.5.2.1}{\376\377\000U\000n\000e\000\040\000i\000n\000s\000t\000r\000u\000m\000e\000n\000t\000a\000t\000i\000o\000n\000\040\000q\000u\000i\000\040\000n\000e\000\040\000d\000\351\000p\000e\000n\000d\000\040\000d\000e\000\040\000r\000i\000e\000n}{subsection.4.5.2}% 165
\BOOKMARK [3][-]{subsubsection.4.5.2.2}{\376\377\000C\000o\000l\000l\000e\000c\000t\000e\000\040\000e\000t\000\040\000r\000e\000s\000t\000i\000t\000u\000t\000i\000o\000n}{subsection.4.5.2}% 166
\BOOKMARK [3][-]{subsubsection.4.5.2.3}{\376\377\000T\000r\000o\000i\000s\000\040\000d\000\351\000c\000i\000s\000i\000o\000n\000s\000\040\000d\000e\000\040\000c\000o\000n\000c\000e\000p\000t\000i\000o\000n}{subsection.4.5.2}% 167
\BOOKMARK [3][-]{subsubsection.4.5.2.4}{\376\377\000L\000'\000i\000d\000e\000n\000t\000i\000f\000i\000a\000n\000t\000\040\000d\000e\000\040\000c\000o\000r\000r\000\351\000l\000a\000t\000i\000o\000n}{subsection.4.5.2}% 168
\BOOKMARK [2][-]{subsection.4.5.3}{\376\377\000U\000n\000e\000\040\000p\000r\000o\000t\000e\000c\000t\000i\000o\000n\000\040\000a\000u\000\040\000d\000\351\000m\000a\000r\000r\000a\000g\000e}{section.4.5}% 169
\BOOKMARK [2][-]{subsection.4.5.4}{\376\377\000\311\000v\000o\000l\000u\000t\000i\000o\000n\000\040\000t\000e\000m\000p\000o\000r\000e\000l\000l\000e\000\040\000d\000'\000u\000n\000\040\000\351\000c\000h\000a\000n\000g\000e}{section.4.5}% 170
\BOOKMARK [1][-]{section.4.6}{\376\377\000I\000n\000t\000e\000r\000f\000a\000c\000e\000s\000\040\000d\000e\000\040\000l\000'\000a\000p\000p\000l\000i\000c\000a\000t\000i\000o\000n}{chapter.4}% 171
\BOOKMARK [2][-]{subsection.4.6.1}{\376\377\000P\000o\000r\000t\000a\000i\000l\000\040\000c\000l\000i\000e\000n\000t}{section.4.6}% 172
\BOOKMARK [2][-]{subsection.4.6.2}{\376\377\000C\000o\000n\000s\000o\000l\000e\000\040\000d\000'\000a\000d\000m\000i\000n\000i\000s\000t\000r\000a\000t\000i\000o\000n\000\040\000e\000t\000\040\000d\000e\000\040\000s\000u\000p\000e\000r\000v\000i\000s\000i\000o\000n}{section.4.6}% 173
\BOOKMARK [2][-]{subsection.4.6.3}{\376\377\000S\000y\000s\000t\000\350\000m\000e\000s\000\040\000i\000n\000t\000\351\000g\000r\000\351\000s\000\040\000e\000t\000\040\000e\000n\000v\000i\000r\000o\000n\000n\000e\000m\000e\000n\000t\000\040\000d\000'\000e\000x\000\351\000c\000u\000t\000i\000o\000n}{section.4.6}% 174
\BOOKMARK [1][-]{section.4.7}{\376\377\000V\000\351\000r\000i\000f\000i\000c\000a\000t\000i\000o\000n\000\040\000e\000t\000\040\000\351\000v\000a\000l\000u\000a\000t\000i\000o\000n}{chapter.4}% 175
\BOOKMARK [2][-]{subsection.4.7.1}{\376\377\000P\000r\000i\000n\000c\000i\000p\000e\000\040\000r\000e\000t\000e\000n\000u}{section.4.7}% 176
\BOOKMARK [2][-]{subsection.4.7.2}{\376\377\000F\000a\000m\000i\000l\000l\000e\000s\000\040\000d\000e\000\040\000v\000\351\000r\000i\000f\000i\000c\000a\000t\000i\000o\000n\000s}{section.4.7}% 177
\BOOKMARK [2][-]{subsection.4.7.3}{\376\377\000V\000\351\000r\000i\000f\000i\000c\000a\000t\000i\000o\000n\000\040\000p\000a\000r\000\040\000i\000n\000j\000e\000c\000t\000i\000o\000n\000\040\000d\000e\000\040\000d\000\351\000f\000a\000i\000l\000l\000a\000n\000c\000e}{section.4.7}% 178
\BOOKMARK [2][-]{subsection.4.7.4}{\376\377\000C\000o\000n\000t\000r\000\364\000l\000e\000\040\000d\000'\000i\000n\000t\000\351\000g\000r\000i\000t\000\351}{section.4.7}% 179
\BOOKMARK [1][-]{section.4.8}{\376\377\000R\000\351\000s\000u\000l\000t\000a\000t\000s\000\040\000e\000t\000\040\000s\000t\000a\000t\000i\000s\000t\000i\000q\000u\000e\000s}{chapter.4}% 180
\BOOKMARK [2][-]{subsection.4.8.1}{\376\377\000S\000t\000a\000t\000u\000t\000\040\000d\000e\000s\000\040\000m\000e\000s\000u\000r\000e\000s\000\040\000p\000r\000\351\000s\000e\000n\000t\000\351\000e\000s}{section.4.8}% 181
\BOOKMARK [2][-]{subsection.4.8.2}{\376\377\000Q\000u\000a\000l\000i\000t\000\351\000\040\000d\000e\000\040\000l\000a\000\040\000r\000e\000c\000h\000e\000r\000c\000h\000e\000\040\000d\000o\000c\000u\000m\000e\000n\000t\000a\000i\000r\000e}{section.4.8}% 182
\BOOKMARK [3][-]{subsubsection.4.8.2.1}{\376\377\000L\000e\000\040\000p\000r\000o\000b\000l\000\350\000m\000e\000\040\000d\000u\000\040\000s\000e\000u\000i\000l\000\040\000u\000n\000i\000q\000u\000e}{subsection.4.8.2}% 183
\BOOKMARK [3][-]{subsubsection.4.8.2.2}{\376\377\000L\000'\000i\000n\000v\000e\000r\000s\000i\000o\000n\000\040\000q\000u\000i\000\040\000a\000\040\000i\000m\000p\000o\000s\000\351\000\040\000u\000n\000e\000\040\000\351\000v\000a\000l\000u\000a\000t\000i\000o\000n\000\040\000c\000o\000n\000j\000o\000i\000n\000t\000e}{subsection.4.8.2}% 184
\BOOKMARK [3][-]{subsubsection.4.8.2.3}{\376\377\000C\000o\000\373\000t\000\040\000d\000e\000\040\000l\000a\000\040\000s\000o\000l\000u\000t\000i\000o\000n\000\040\000r\000e\000t\000e\000n\000u\000e}{subsection.4.8.2}% 185
\BOOKMARK [2][-]{subsection.4.8.3}{\376\377\000V\000o\000l\000u\000m\000\351\000t\000r\000i\000e\000\040\000d\000u\000\040\000s\000y\000s\000t\000\350\000m\000e\000\040\000r\000\351\000a\000l\000i\000s\000\351}{section.4.8}% 186
\BOOKMARK [2][-]{subsection.4.8.4}{\376\377\000C\000o\000m\000p\000o\000r\000t\000e\000m\000e\000n\000t\000\040\000e\000n\000\040\000s\000i\000t\000u\000a\000t\000i\000o\000n\000\040\000d\000e\000\040\000d\000\351\000f\000a\000i\000l\000l\000a\000n\000c\000e}{section.4.8}% 187
\BOOKMARK [1][-]{section.4.9}{\376\377\000P\000r\000o\000b\000l\000\350\000m\000e\000s\000\040\000r\000e\000n\000c\000o\000n\000t\000r\000\351\000s}{chapter.4}% 188
\BOOKMARK [2][-]{subsection.4.9.1}{\376\377\000U\000n\000e\000\040\000d\000\351\000g\000r\000a\000d\000a\000t\000i\000o\000n\000\040\000s\000i\000l\000e\000n\000c\000i\000e\000u\000s\000e\000\040\000d\000e\000\040\000l\000a\000\040\000r\000e\000c\000h\000e\000r\000c\000h\000e\000\040\000d\000o\000c\000u\000m\000e\000n\000t\000a\000i\000r\000e}{section.4.9}% 189
\BOOKMARK [2][-]{subsection.4.9.2}{\376\377\000L\000'\000i\000n\000v\000e\000r\000s\000i\000o\000n\000\040\000d\000e\000s\000\040\000s\000c\000o\000r\000e\000s\000\040\000d\000e\000\040\000s\000i\000m\000i\000l\000a\000r\000i\000t\000\351}{section.4.9}% 190
\BOOKMARK [2][-]{subsection.4.9.3}{\376\377\000U\000n\000\040\000m\000o\000d\000\350\000l\000e\000\040\000d\000e\000\040\000m\000\351\000c\000o\000n\000t\000e\000n\000t\000e\000m\000e\000n\000t\000\040\000\340\000\040\000l\000a\000\040\000f\000o\000i\000s\000\040\000t\000r\000o\000p\000\040\000s\000e\000n\000s\000i\000b\000l\000e\000\040\000e\000t\000\040\000t\000r\000o\000p\000\040\000i\000n\000d\000u\000l\000g\000e\000n\000t}{section.4.9}% 191
\BOOKMARK [2][-]{subsection.4.9.4}{\376\377\000U\000n\000\040\000r\000i\000s\000q\000u\000e\000\040\000d\000e\000\040\000c\000o\000n\000f\000u\000s\000i\000o\000n\000\040\000e\000n\000t\000r\000e\000\040\000s\000e\000r\000v\000i\000c\000e\000s}{section.4.9}% 192
\BOOKMARK [2][-]{subsection.4.9.5}{\376\377\000U\000n\000e\000\040\000i\000d\000e\000n\000t\000i\000t\000\351\000\040\000d\000'\000o\000p\000\351\000r\000a\000t\000i\000o\000n\000\040\000t\000r\000o\000p\000\040\000i\000n\000c\000l\000u\000s\000i\000v\000e}{section.4.9}% 193
\BOOKMARK [2][-]{subsection.4.9.6}{\376\377\000L\000a\000\040\000c\000o\000n\000t\000r\000a\000i\000n\000t\000e\000\040\000d\000e\000\040\000m\000\351\000m\000o\000i\000r\000e\000\040\000e\000t\000\040\000s\000e\000s\000\040\000c\000o\000n\000s\000\351\000q\000u\000e\000n\000c\000e\000s}{section.4.9}% 194
\BOOKMARK [0][-]{chapter*.81}{\376\377\000C\000o\000n\000c\000l\000u\000s\000i\000o\000n\000\040\000G\000\351\000n\000\351\000r\000a\000l\000e}{}% 195
\BOOKMARK [0][-]{chapter*.82}{\376\377\000B\000i\000b\000l\000i\000o\000g\000r\000a\000p\000h\000i\000e}{}% 196
\BOOKMARK [0][-]{chapter*.83}{\376\377\000N\000\351\000t\000o\000g\000r\000a\000p\000h\000i\000e}{}% 197
\BOOKMARK [0][-]{chapter*.84}{\376\377\000A\000n\000n\000e\000x\000e\000\040\000A\000\040\000:\000\040\000F\000o\000n\000d\000e\000m\000e\000n\000t\000s\000\040\000d\000e\000\040\000l\000a\000\040\000r\000e\000c\000h\000e\000r\000c\000h\000e\000\040\000a\000u\000g\000m\000e\000n\000t\000\351\000e\000\040\000p\000a\000r\000\040\000r\000\351\000c\000u\000p\000\351\000r\000a\000t\000i\000o\000n}{}% 198
\BOOKMARK [0][-]{chapter*.85}{\376\377\000A\000n\000n\000e\000x\000e\000\040\000B\000\040\000:\000\040\000M\000\351\000t\000r\000i\000q\000u\000e\000s\000\040\000d\000e\000\040\000l\000a\000\040\000c\000h\000a\000\356\000n\000e\000\040\000v\000o\000c\000a\000l\000e}{}% 199
\BOOKMARK [0][-]{chapter*.86}{\376\377\000A\000n\000n\000e\000x\000e\000\040\000C\000\040\000:\000\040\000N\000o\000t\000i\000o\000n\000s\000\040\000r\000e\000l\000a\000t\000i\000v\000e\000s\000\040\000a\000u\000x\000\040\000s\000y\000s\000t\000\350\000m\000e\000s\000\040\000a\000g\000e\000n\000t\000i\000q\000u\000e\000s}{}% 200
\BOOKMARK [0][-]{chapter*.87}{\376\377\000A\000n\000n\000e\000x\000e\000\040\000D\000\040\000:\000\040\000M\000o\000d\000\350\000l\000e\000\040\000d\000\351\000t\000a\000i\000l\000l\000\351\000\040\000d\000e\000\040\000s\000\351\000c\000u\000r\000i\000t\000\351\000\040\000e\000t\000\040\000d\000'\000a\000u\000d\000i\000t}{}% 201
