This is pdfTeX, Version 3.141592653-2.6-1.40.28 (MiKTeX 25.12) (preloaded format=pdflatex 2026.2.24)  24 AUG 2026 14:07
entering extended mode
 restricted \write18 enabled.
 %&-line parsing enabled.
**./main.tex
(main.tex
LaTeX2e <2025-11-01>
L3 programming layer <2025-12-24>
(pfe-report.cls
Document Class: pfe-report 2025/08/08 Classe rapport PFE ISSAT Sousse

(C:\Users\Chouqib Saad\AppData\Local\Programs\MiKTeX\tex/latex/silence\silence.
sty
Package: silence 2012/07/02 v1.5b Selective filtering of warnings and error mes
sages
\sl@Save=\count275
\sl@StateNumber=\count276
\sl@MessageCount=\count277
\sl@Casualties=\count278
\sl@Filter=\toks17
\sl@Message=\toks18
\sl@UnexpandedMessage=\toks19
\sl@Mess@ge=\toks20
\sl@WarningCount=\count279
\sl@WarningNumber=\count280
\sl@WarningCasualties=\count281
\sl@TempBOW=\toks21
\sl@BankOfWarnings=\toks22
LaTeX Info: Redefining \GenericWarning on input line 433.
\sl@ErrorCount=\count282
\sl@ErrorNumber=\count283
\sl@ErrorCasualties=\count284
\sl@TempBOE=\toks23
\sl@BankOfErrors=\toks24
LaTeX Info: Redefining \GenericError on input line 601.
)
(C:\Users\Chouqib Saad\AppData\Local\Programs\MiKTeX\tex/latex/base\report.cls
Document Class: report 2025/01/22 v1.4n Standard LaTeX document class
(C:\Users\Chouqib Saad\AppData\Local\Programs\MiKTeX\tex/latex/base\size12.clo
File: size12.clo 2025/01/22 v1.4n Standard LaTeX file (size option)
)
\c@part=\count285
\c@chapter=\count286
\c@section=\count287
\c@subsection=\count288
\c@subsubsection=\count289
\c@paragraph=\count290
\c@subparagraph=\count291
\c@figure=\count292
\c@table=\count293
\abovecaptionskip=\skip49
\belowcaptionskip=\skip50
\bibindent=\dimen148
)
(C:\Users\Chouqib Saad\AppData\Local\Programs\MiKTeX\tex/latex/base\fontenc.sty
Package: fontenc 2025/07/18 v2.1d Standard LaTeX package
)
(C:\Users\Chouqib Saad\AppData\Local\Programs\MiKTeX\tex/latex/base\inputenc.st
y
Package: inputenc 2024/02/08 v1.3d Input encoding file
\inpenc@prehook=\toks25
\inpenc@posthook=\toks26
)
(C:\Users\Chouqib Saad\AppData\Local\Programs\MiKTeX\tex/generic/babel\babel.st
y
Package: babel 2025/12/11 v25.17 The multilingual framework for LuaLaTeX, pdfLa
TeX and XeLaTeX
\babel@savecnt=\count294
LaTeX Encoding Info:    Redeclaring text command \ij (encoding OT1) on input li
ne 2068.
LaTeX Encoding Info:    Redeclaring text command \IJ (encoding OT1) on input li
ne 2070.
LaTeX Encoding Info:    Redeclaring text command \ij (encoding T1) on input lin
e 2072.
LaTeX Encoding Info:    Redeclaring text command \IJ (encoding T1) on input lin
e 2073.
LaTeX Encoding Info:    Ignoring declaration for text command \ij (encoding ?) 
on input line 2074.
LaTeX Encoding Info:    Ignoring declaration for text command \IJ (encoding ?) 
on input line 2076.
LaTeX Encoding Info:    Ignoring declaration for text command \SS (encoding ?) 
on input line 2101.
\U@D=\dimen149
\l@unhyphenated=\language79

(C:\Users\Chouqib Saad\AppData\Local\Programs\MiKTeX\tex/generic/babel\txtbabel
.def)
\bbl@readstream=\read2
\bbl@dirlevel=\count295
Package babel Info: Configuration files are deprecated, as
(babel)             they can break document portability.
(babel)             Reported on input line 4196.

*************************************
* Local config file bblopts.cfg used
*

(C:\Users\Chouqib Saad\AppData\Local\Programs\MiKTeX\tex/latex/arabi\bblopts.cf
g
File: bblopts.cfg 2005/09/08 v0.1 add Arabic and Farsi to "declared" options of
 babel
)
(C:\Users\Chouqib Saad\AppData\Local\Programs\MiKTeX\tex/generic/babel/locale/f
r\babel-french.tex)
Package babel Info: Importing font and identification data for french
(babel)             from babel-fr.ini. Reported on input line 4320.

(C:\Users\Chouqib Saad\AppData\Local\Programs\MiKTeX\tex/generic/babel-french\f
rench.ldf
Language: french 2025-08-15 v4.0e French support from the babel system

(C:\Users\Chouqib Saad\AppData\Local\Programs\MiKTeX\tex/generic/babel-french\f
rench3.ldf
Language: french 2025-08-15 v3.7e French support from the babel system
\FB@stdchar=\count296
Package babel Info: Making : an active character on input line 273.
Package babel Info: Making ; an active character on input line 274.
Package babel Info: Making ! an active character on input line 275.
Package babel Info: Making ? an active character on input line 276.
\FBguill@level=\count297
\FBold@everypar=\toks27
\FB@Mht=\dimen150
\mc@charclass=\count298
\mc@charfam=\count299
\mc@charslot=\count300
\std@mcc=\count301
\dec@mcc=\count302
\FB@pardim=\dimen151
\listindentFB=\dimen152
\descindentFB=\dimen153
\labelindentFB=\dimen154
\labelwidthFB=\dimen155
\leftmarginFB=\dimen156
\parindentFFN=\dimen157
\FBfnindent=\dimen158
)))
(C:\Users\Chouqib Saad\AppData\Local\Programs\MiKTeX\tex/latex/carlisle\scalefn
t.sty)
(C:\Users\Chouqib Saad\AppData\Local\Programs\MiKTeX\tex/latex/geometry\geometr
y.sty
Package: geometry 2020/01/02 v5.9 Page Geometry

(C:\Users\Chouqib Saad\AppData\Local\Programs\MiKTeX\tex/latex/graphics\keyval.
sty
Package: keyval 2022/05/29 v1.15 key=value parser (DPC)
\KV@toks@=\toks28
)
(C:\Users\Chouqib Saad\AppData\Local\Programs\MiKTeX\tex/generic/iftex\ifvtex.s
ty
Package: ifvtex 2019/10/25 v1.7 ifvtex legacy package. Use iftex instead.

(C:\Users\Chouqib Saad\AppData\Local\Programs\MiKTeX\tex/generic/iftex\iftex.st
y
Package: iftex 2024/12/12 v1.0g TeX engine tests
))
\Gm@cnth=\count303
\Gm@cntv=\count304
\c@Gm@tempcnt=\count305
\Gm@bindingoffset=\dimen159
\Gm@wd@mp=\dimen160
\Gm@odd@mp=\dimen161
\Gm@even@mp=\dimen162
\Gm@layoutwidth=\dimen163
\Gm@layoutheight=\dimen164
\Gm@layouthoffset=\dimen165
\Gm@layoutvoffset=\dimen166
\Gm@dimlist=\toks29

(C:\Users\Chouqib Saad\AppData\Local\Programs\MiKTeX\tex/latex/geometry\geometr
y.cfg))
(C:\Users\Chouqib Saad\AppData\Local\Programs\MiKTeX\tex/latex/setspace\setspac
e.sty
Package: setspace 2022/12/04 v6.7b set line spacing
)
(C:\Users\Chouqib Saad\AppData\Local\Programs\MiKTeX\tex/latex/nowidow\nowidow.
sty
Package: nowidow 2011/09/20 1.0 Easily prevent widows and orphans
Package: nowidow 

(C:\Users\Chouqib Saad\AppData\Local\Programs\MiKTeX\tex/latex/kvoptions\kvopti
ons.sty
Package: kvoptions 2022-06-15 v3.15 Key value format for package options (HO)

(C:\Users\Chouqib Saad\AppData\Local\Programs\MiKTeX\tex/generic/ltxcmds\ltxcmd
s.sty
Package: ltxcmds 2023-12-04 v1.26 LaTeX kernel commands for general use (HO)
)
(C:\Users\Chouqib Saad\AppData\Local\Programs\MiKTeX\tex/latex/kvsetkeys\kvsetk
eys.sty
Package: kvsetkeys 2022-10-05 v1.19 Key value parser (HO)
)))
(C:\Users\Chouqib Saad\AppData\Local\Programs\MiKTeX\tex/latex/footmisc\footmis
c.sty
Package: footmisc 2025/05/09 v7.0b a miscellany of footnote facilities
\FN@temptoken=\toks30
\footnotemargin=\dimen167
Package footmisc Info: Declaring symbol style bringhurst on input line 549.
Package footmisc Info: Declaring symbol style chicago on input line 557.
Package footmisc Info: Declaring symbol style wiley on input line 566.
Package footmisc Info: Declaring symbol style lamport-robust on input line 577.

Package footmisc Info: Declaring symbol style lamport* on input line 597.
Package footmisc Info: Declaring symbol style lamport*-robust on input line 618
.
)
(C:\Users\Chouqib Saad\AppData\Local\Programs\MiKTeX\tex/latex/microtype\microt
ype.sty
Package: microtype 2025/07/09 v3.2b Micro-typographical refinements (RS)

(C:\Users\Chouqib Saad\AppData\Local\Programs\MiKTeX\tex/latex/etoolbox\etoolbo
x.sty
Package: etoolbox 2025/10/02 v2.5m e-TeX tools for LaTeX (JAW)
\etb@tempcnta=\count306
)
\MT@toks=\toks31
\MT@tempbox=\box53
\MT@count=\count307
LaTeX Info: Redefining \noprotrusionifhmode on input line 1087.
LaTeX Info: Redefining \leftprotrusion on input line 1088.
\MT@prot@toks=\toks32
LaTeX Info: Redefining \rightprotrusion on input line 1107.
LaTeX Info: Redefining \textls on input line 1449.
\MT@outer@kern=\dimen168
LaTeX Info: Redefining \microtypecontext on input line 2053.
LaTeX Info: Redefining \textmicrotypecontext on input line 2070.
\MT@listname@count=\count308

(C:\Users\Chouqib Saad\AppData\Local\Programs\MiKTeX\tex/latex/microtype\microt
ype-pdftex.def
File: microtype-pdftex.def 2025/07/09 v3.2b Definitions specific to pdftex (RS)

LaTeX Info: Redefining \lsstyle on input line 944.
LaTeX Info: Redefining \lslig on input line 944.
\MT@outer@space=\skip51
)
Package microtype Info: Loading configuration file microtype.cfg.

(C:\Users\Chouqib Saad\AppData\Local\Programs\MiKTeX\tex/latex/microtype\microt
ype.cfg
File: microtype.cfg 2025/07/09 v3.2b microtype main configuration file (RS)
)
LaTeX Info: Redefining \microtypesetup on input line 3065.
)
(C:\Users\Chouqib Saad\AppData\Local\Programs\MiKTeX\tex/latex/xcolor\xcolor.st
y
Package: xcolor 2024/09/29 v3.02 LaTeX color extensions (UK)

(C:\Users\Chouqib Saad\AppData\Local\Programs\MiKTeX\tex/latex/graphics-cfg\col
or.cfg
File: color.cfg 2016/01/02 v1.6 sample color configuration
)
Package xcolor Info: Driver file: pdftex.def on input line 274.

(C:\Users\Chouqib Saad\AppData\Local\Programs\MiKTeX\tex/latex/graphics-def\pdf
tex.def
File: pdftex.def 2025/09/29 v1.2d Graphics/color driver for pdftex
)
(C:\Users\Chouqib Saad\AppData\Local\Programs\MiKTeX\tex/latex/graphics\mathcol
or.ltx)
Package xcolor Info: Model `cmy' substituted by `cmy0' on input line 1349.
Package xcolor Info: Model `hsb' substituted by `rgb' on input line 1353.
Package xcolor Info: Model `RGB' extended on input line 1365.
Package xcolor Info: Model `HTML' substituted by `rgb' on input line 1367.
Package xcolor Info: Model `Hsb' substituted by `hsb' on input line 1368.
Package xcolor Info: Model `tHsb' substituted by `hsb' on input line 1369.
Package xcolor Info: Model `HSB' substituted by `hsb' on input line 1370.
Package xcolor Info: Model `Gray' substituted by `gray' on input line 1371.
Package xcolor Info: Model `wave' substituted by `hsb' on input line 1372.
)
(C:\Users\Chouqib Saad\AppData\Local\Programs\MiKTeX\tex/latex/colortbl\colortb
l.sty
Package: colortbl 2024/10/29 v1.0k Color table columns (DPC)

(C:\Users\Chouqib Saad\AppData\Local\Programs\MiKTeX\tex/latex/tools\array.sty
Package: array 2025/09/25 v2.6n Tabular extension package (FMi)
\col@sep=\dimen169
\ar@mcellbox=\box54
\extrarowheight=\dimen170
\NC@list=\toks33
\extratabsurround=\skip52
\backup@length=\skip53
\ar@cellbox=\box55
)
\everycr=\toks34
\minrowclearance=\skip54
\rownum=\count309
)
(C:\Users\Chouqib Saad\AppData\Local\Programs\MiKTeX\tex/latex/graphics\graphic
x.sty
Package: graphicx 2024/12/31 v1.2e Enhanced LaTeX Graphics (DPC,SPQR)

(C:\Users\Chouqib Saad\AppData\Local\Programs\MiKTeX\tex/latex/graphics\graphic
s.sty
Package: graphics 2024/08/06 v1.4g Standard LaTeX Graphics (DPC,SPQR)

(C:\Users\Chouqib Saad\AppData\Local\Programs\MiKTeX\tex/latex/graphics\trig.st
y
Package: trig 2023/12/02 v1.11 sin cos tan (DPC)
)
(C:\Users\Chouqib Saad\AppData\Local\Programs\MiKTeX\tex/latex/graphics-cfg\gra
phics.cfg
File: graphics.cfg 2016/06/04 v1.11 sample graphics configuration
)
Package graphics Info: Driver file: pdftex.def on input line 106.
)
\Gin@req@height=\dimen171
\Gin@req@width=\dimen172
)
(C:\Users\Chouqib Saad\AppData\Local\Programs\MiKTeX\tex/latex/caption\caption.
sty
Package: caption 2023/08/05 v3.6o Customizing captions (AR)

(C:\Users\Chouqib Saad\AppData\Local\Programs\MiKTeX\tex/latex/caption\caption3
.sty
Package: caption3 2023/07/31 v2.4d caption3 kernel (AR)
\caption@tempdima=\dimen173
\captionmargin=\dimen174
\caption@leftmargin=\dimen175
\caption@rightmargin=\dimen176
\caption@width=\dimen177
\caption@indent=\dimen178
\caption@parindent=\dimen179
\caption@hangindent=\dimen180
Package caption Info: Standard document class detected.
Package caption Info: french babel package is loaded.
)
\c@caption@flags=\count310
\c@continuedfloat=\count311
)
(C:\Users\Chouqib Saad\AppData\Local\Programs\MiKTeX\tex/latex/caption\subcapti
on.sty
Package: subcaption 2023/07/28 v1.6b Sub-captions (AR)
Package caption Info: New subtype `subfigure' on input line 238.
\c@subfigure=\count312
Package caption Info: New subtype `subtable' on input line 238.
\c@subtable=\count313
)
(C:\Users\Chouqib Saad\AppData\Local\Programs\MiKTeX\tex/latex/wrapfig\wrapfig.
sty
\wrapoverhang=\dimen181
\WF@size=\dimen182
\c@WF@wrappedlines=\count314
\WF@box=\box56
\WF@everypar=\toks35
Package: wrapfig 2003/01/31  v 3.6
)
(C:\Users\Chouqib Saad\AppData\Local\Programs\MiKTeX\tex/latex/adjustbox\adjust
box.sty
Package: adjustbox 2025/02/26 v1.3c Adjusting TeX boxes (trim, clip, ...)

(C:\Users\Chouqib Saad\AppData\Local\Programs\MiKTeX\tex/latex/xkeyval\xkeyval.
sty
Package: xkeyval 2022/06/16 v2.9 package option processing (HA)

(C:\Users\Chouqib Saad\AppData\Local\Programs\MiKTeX\tex/generic/xkeyval\xkeyva
l.tex
(C:\Users\Chouqib Saad\AppData\Local\Programs\MiKTeX\tex/generic/xkeyval\xkvuti
ls.tex
\XKV@toks=\toks36
\XKV@tempa@toks=\toks37
)
\XKV@depth=\count315
File: xkeyval.tex 2014/12/03 v2.7a key=value parser (HA)
))
(C:\Users\Chouqib Saad\AppData\Local\Programs\MiKTeX\tex/latex/adjustbox\adjcal
c.sty
Package: adjcalc 2012/05/16 v1.1 Provides advanced setlength with multiple back
-ends (calc, etex, pgfmath)
)
(C:\Users\Chouqib Saad\AppData\Local\Programs\MiKTeX\tex/latex/adjustbox\trimcl
ip.sty
Package: trimclip 2025/02/21 v1.2a Trim and clip general TeX material

(C:\Users\Chouqib Saad\AppData\Local\Programs\MiKTeX\tex/latex/collectbox\colle
ctbox.sty
Package: collectbox 2022/10/17 v0.4c Collect macro arguments as boxes
\collectedbox=\box57
)
\tc@llx=\dimen183
\tc@lly=\dimen184
\tc@urx=\dimen185
\tc@ury=\dimen186
Package trimclip Info: Using driver 'tc-pdftex.def'.

(C:\Users\Chouqib Saad\AppData\Local\Programs\MiKTeX\tex/latex/adjustbox\tc-pdf
tex.def
File: tc-pdftex.def 2025/02/26 v2.3 Clipping driver for pdftex
))
\adjbox@Width=\dimen187
\adjbox@Height=\dimen188
\adjbox@Depth=\dimen189
\adjbox@Totalheight=\dimen190
\adjbox@pwidth=\dimen191
\adjbox@pheight=\dimen192
\adjbox@pdepth=\dimen193
\adjbox@ptotalheight=\dimen194

(C:\Users\Chouqib Saad\AppData\Local\Programs\MiKTeX\tex/latex/ifoddpage\ifoddp
age.sty
Package: ifoddpage 2022/10/18 v1.2 Conditionals for odd/even page detection
\c@checkoddpage=\count316
)
(C:\Users\Chouqib Saad\AppData\Local\Programs\MiKTeX\tex/latex/varwidth\varwidt
h.sty
Package: varwidth 2009/03/30 ver 0.92;  Variable-width minipages
\@vwid@box=\box58
\sift@deathcycles=\count317
\@vwid@loff=\dimen195
\@vwid@roff=\dimen196
)
==> First Aid for varwidth.sty applied!
)
(C:\Users\Chouqib Saad\AppData\Local\Programs\MiKTeX\tex/latex/float\float.sty
Package: float 2001/11/08 v1.3d Float enhancements (AL)
\c@float@type=\count318
\float@exts=\toks38
\float@box=\box59
\@float@everytoks=\toks39
\@floatcapt=\box60
)
(C:\Users\Chouqib Saad\AppData\Local\Programs\MiKTeX\tex/latex/tools\tabularx.s
ty
Package: tabularx 2023/12/11 v2.12a `tabularx' package (DPC)
\TX@col@width=\dimen197
\TX@old@table=\dimen198
\TX@old@col=\dimen199
\TX@target=\dimen256
\TX@delta=\dimen257
\TX@cols=\count319
\TX@ftn=\toks40
)
(C:\Users\Chouqib Saad\AppData\Local\Programs\MiKTeX\tex/latex/multirow\multiro
w.sty
Package: multirow 2024/11/12 v2.9 Span multiple rows of a table
\multirow@colwidth=\skip55
\multirow@cntb=\count320
\multirow@dima=\skip56
\bigstrutjot=\dimen258
)
(C:\Users\Chouqib Saad\AppData\Local\Programs\MiKTeX\tex/latex/ragged2e\ragged2
e.sty
Package: ragged2e 2023/06/22 v3.6 ragged2e Package
\CenteringLeftskip=\skip57
\RaggedLeftLeftskip=\skip58
\RaggedRightLeftskip=\skip59
\CenteringRightskip=\skip60
\RaggedLeftRightskip=\skip61
\RaggedRightRightskip=\skip62
\CenteringParfillskip=\skip63
\RaggedLeftParfillskip=\skip64
\RaggedRightParfillskip=\skip65
\JustifyingParfillskip=\skip66
\CenteringParindent=\skip67
\RaggedLeftParindent=\skip68
\RaggedRightParindent=\skip69
\JustifyingParindent=\skip70
)
(C:\Users\Chouqib Saad\AppData\Local\Programs\MiKTeX\tex/latex/pgf/frontendlaye
r\tikz.sty
(C:\Users\Chouqib Saad\AppData\Local\Programs\MiKTeX\tex/latex/pgf/basiclayer\p
gf.sty
(C:\Users\Chouqib Saad\AppData\Local\Programs\MiKTeX\tex/latex/pgf/utilities\pg
frcs.sty
(C:\Users\Chouqib Saad\AppData\Local\Programs\MiKTeX\tex/generic/pgf/utilities\
pgfutil-common.tex
\pgfutil@everybye=\toks41
\pgfutil@tempdima=\dimen259
\pgfutil@tempdimb=\dimen260
)
(C:\Users\Chouqib Saad\AppData\Local\Programs\MiKTeX\tex/generic/pgf/utilities\
pgfutil-latex.def
\pgfutil@abb=\box61
)
(C:\Users\Chouqib Saad\AppData\Local\Programs\MiKTeX\tex/generic/pgf/utilities\
pgfrcs.code.tex
(C:\Users\Chouqib Saad\AppData\Local\Programs\MiKTeX\tex/generic/pgf\pgf.revisi
on.tex)
Package: pgfrcs 2025-08-29 v3.1.11a (3.1.11a)
))
Package: pgf 2025-08-29 v3.1.11a (3.1.11a)

(C:\Users\Chouqib Saad\AppData\Local\Programs\MiKTeX\tex/latex/pgf/basiclayer\p
gfcore.sty
(C:\Users\Chouqib Saad\AppData\Local\Programs\MiKTeX\tex/latex/pgf/systemlayer\
pgfsys.sty
(C:\Users\Chouqib Saad\AppData\Local\Programs\MiKTeX\tex/generic/pgf/systemlaye
r\pgfsys.code.tex
Package: pgfsys 2025-08-29 v3.1.11a (3.1.11a)

(C:\Users\Chouqib Saad\AppData\Local\Programs\MiKTeX\tex/generic/pgf/utilities\
pgfkeys.code.tex
\pgfkeys@pathtoks=\toks42
\pgfkeys@temptoks=\toks43

(C:\Users\Chouqib Saad\AppData\Local\Programs\MiKTeX\tex/generic/pgf/utilities\
pgfkeyslibraryfiltered.code.tex
\pgfkeys@tmptoks=\toks44
))
\pgf@x=\dimen261
\pgf@y=\dimen262
\pgf@xa=\dimen263
\pgf@ya=\dimen264
\pgf@xb=\dimen265
\pgf@yb=\dimen266
\pgf@xc=\dimen267
\pgf@yc=\dimen268
\pgf@xd=\dimen269
\pgf@yd=\dimen270
\w@pgf@writea=\write3
\r@pgf@reada=\read3
\c@pgf@counta=\count321
\c@pgf@countb=\count322
\c@pgf@countc=\count323
\c@pgf@countd=\count324
\t@pgf@toka=\toks45
\t@pgf@tokb=\toks46
\t@pgf@tokc=\toks47
\pgf@sys@id@count=\count325

(C:\Users\Chouqib Saad\AppData\Local\Programs\MiKTeX\tex/generic/pgf/systemlaye
r\pgf.cfg
File: pgf.cfg 2025-08-29 v3.1.11a (3.1.11a)
)
Driver file for pgf: pgfsys-pdftex.def

(C:\Users\Chouqib Saad\AppData\Local\Programs\MiKTeX\tex/generic/pgf/systemlaye
r\pgfsys-pdftex.def
File: pgfsys-pdftex.def 2025-08-29 v3.1.11a (3.1.11a)

(C:\Users\Chouqib Saad\AppData\Local\Programs\MiKTeX\tex/generic/pgf/systemlaye
r\pgfsys-common-pdf.def
File: pgfsys-common-pdf.def 2025-08-29 v3.1.11a (3.1.11a)
)))
(C:\Users\Chouqib Saad\AppData\Local\Programs\MiKTeX\tex/generic/pgf/systemlaye
r\pgfsyssoftpath.code.tex
File: pgfsyssoftpath.code.tex 2025-08-29 v3.1.11a (3.1.11a)
\pgfsyssoftpath@smallbuffer@items=\count326
\pgfsyssoftpath@bigbuffer@items=\count327
)
(C:\Users\Chouqib Saad\AppData\Local\Programs\MiKTeX\tex/generic/pgf/systemlaye
r\pgfsysprotocol.code.tex
File: pgfsysprotocol.code.tex 2025-08-29 v3.1.11a (3.1.11a)
))
(C:\Users\Chouqib Saad\AppData\Local\Programs\MiKTeX\tex/generic/pgf/basiclayer
\pgfcore.code.tex
Package: pgfcore 2025-08-29 v3.1.11a (3.1.11a)

(C:\Users\Chouqib Saad\AppData\Local\Programs\MiKTeX\tex/generic/pgf/math\pgfma
th.code.tex
(C:\Users\Chouqib Saad\AppData\Local\Programs\MiKTeX\tex/generic/pgf/math\pgfma
thutil.code.tex)
(C:\Users\Chouqib Saad\AppData\Local\Programs\MiKTeX\tex/generic/pgf/math\pgfma
thparser.code.tex
\pgfmath@dimen=\dimen271
\pgfmath@count=\count328
\pgfmath@box=\box62
\pgfmath@toks=\toks48
\pgfmath@stack@operand=\toks49
\pgfmath@stack@operation=\toks50
)
(C:\Users\Chouqib Saad\AppData\Local\Programs\MiKTeX\tex/generic/pgf/math\pgfma
thfunctions.code.tex)
(C:\Users\Chouqib Saad\AppData\Local\Programs\MiKTeX\tex/generic/pgf/math\pgfma
thfunctions.basic.code.tex)
(C:\Users\Chouqib Saad\AppData\Local\Programs\MiKTeX\tex/generic/pgf/math\pgfma
thfunctions.trigonometric.code.tex)
(C:\Users\Chouqib Saad\AppData\Local\Programs\MiKTeX\tex/generic/pgf/math\pgfma
thfunctions.random.code.tex)
(C:\Users\Chouqib Saad\AppData\Local\Programs\MiKTeX\tex/generic/pgf/math\pgfma
thfunctions.comparison.code.tex)
(C:\Users\Chouqib Saad\AppData\Local\Programs\MiKTeX\tex/generic/pgf/math\pgfma
thfunctions.base.code.tex)
(C:\Users\Chouqib Saad\AppData\Local\Programs\MiKTeX\tex/generic/pgf/math\pgfma
thfunctions.round.code.tex)
(C:\Users\Chouqib Saad\AppData\Local\Programs\MiKTeX\tex/generic/pgf/math\pgfma
thfunctions.misc.code.tex)
(C:\Users\Chouqib Saad\AppData\Local\Programs\MiKTeX\tex/generic/pgf/math\pgfma
thfunctions.integerarithmetics.code.tex)
(C:\Users\Chouqib Saad\AppData\Local\Programs\MiKTeX\tex/generic/pgf/math\pgfma
thcalc.code.tex)
(C:\Users\Chouqib Saad\AppData\Local\Programs\MiKTeX\tex/generic/pgf/math\pgfma
thfloat.code.tex
\c@pgfmathroundto@lastzeros=\count329
))
(C:\Users\Chouqib Saad\AppData\Local\Programs\MiKTeX\tex/generic/pgf/math\pgfin
t.code.tex)
(C:\Users\Chouqib Saad\AppData\Local\Programs\MiKTeX\tex/generic/pgf/basiclayer
\pgfcorepoints.code.tex
File: pgfcorepoints.code.tex 2025-08-29 v3.1.11a (3.1.11a)
\pgf@picminx=\dimen272
\pgf@picmaxx=\dimen273
\pgf@picminy=\dimen274
\pgf@picmaxy=\dimen275
\pgf@pathminx=\dimen276
\pgf@pathmaxx=\dimen277
\pgf@pathminy=\dimen278
\pgf@pathmaxy=\dimen279
\pgf@xx=\dimen280
\pgf@xy=\dimen281
\pgf@yx=\dimen282
\pgf@yy=\dimen283
\pgf@zx=\dimen284
\pgf@zy=\dimen285
)
(C:\Users\Chouqib Saad\AppData\Local\Programs\MiKTeX\tex/generic/pgf/basiclayer
\pgfcorepathconstruct.code.tex
File: pgfcorepathconstruct.code.tex 2025-08-29 v3.1.11a (3.1.11a)
\pgf@path@lastx=\dimen286
\pgf@path@lasty=\dimen287
)
(C:\Users\Chouqib Saad\AppData\Local\Programs\MiKTeX\tex/generic/pgf/basiclayer
\pgfcorepathusage.code.tex
File: pgfcorepathusage.code.tex 2025-08-29 v3.1.11a (3.1.11a)
\pgf@shorten@end@additional=\dimen288
\pgf@shorten@start@additional=\dimen289
)
(C:\Users\Chouqib Saad\AppData\Local\Programs\MiKTeX\tex/generic/pgf/basiclayer
\pgfcorescopes.code.tex
File: pgfcorescopes.code.tex 2025-08-29 v3.1.11a (3.1.11a)
\pgfpic=\box63
\pgf@hbox=\box64
\pgf@layerbox@main=\box65
\pgf@picture@serial@count=\count330
)
(C:\Users\Chouqib Saad\AppData\Local\Programs\MiKTeX\tex/generic/pgf/basiclayer
\pgfcoregraphicstate.code.tex
File: pgfcoregraphicstate.code.tex 2025-08-29 v3.1.11a (3.1.11a)
\pgflinewidth=\dimen290
)
(C:\Users\Chouqib Saad\AppData\Local\Programs\MiKTeX\tex/generic/pgf/basiclayer
\pgfcoretransformations.code.tex
File: pgfcoretransformations.code.tex 2025-08-29 v3.1.11a (3.1.11a)
\pgf@pt@x=\dimen291
\pgf@pt@y=\dimen292
\pgf@pt@temp=\dimen293
)
(C:\Users\Chouqib Saad\AppData\Local\Programs\MiKTeX\tex/generic/pgf/basiclayer
\pgfcorequick.code.tex
File: pgfcorequick.code.tex 2025-08-29 v3.1.11a (3.1.11a)
)
(C:\Users\Chouqib Saad\AppData\Local\Programs\MiKTeX\tex/generic/pgf/basiclayer
\pgfcoreobjects.code.tex
File: pgfcoreobjects.code.tex 2025-08-29 v3.1.11a (3.1.11a)
)
(C:\Users\Chouqib Saad\AppData\Local\Programs\MiKTeX\tex/generic/pgf/basiclayer
\pgfcorepathprocessing.code.tex
File: pgfcorepathprocessing.code.tex 2025-08-29 v3.1.11a (3.1.11a)
)
(C:\Users\Chouqib Saad\AppData\Local\Programs\MiKTeX\tex/generic/pgf/basiclayer
\pgfcorearrows.code.tex
File: pgfcorearrows.code.tex 2025-08-29 v3.1.11a (3.1.11a)
\pgfarrowsep=\dimen294
)
(C:\Users\Chouqib Saad\AppData\Local\Programs\MiKTeX\tex/generic/pgf/basiclayer
\pgfcoreshade.code.tex
File: pgfcoreshade.code.tex 2025-08-29 v3.1.11a (3.1.11a)
\pgf@max=\dimen295
\pgf@sys@shading@range@num=\count331
\pgf@shadingcount=\count332
)
(C:\Users\Chouqib Saad\AppData\Local\Programs\MiKTeX\tex/generic/pgf/basiclayer
\pgfcoreimage.code.tex
File: pgfcoreimage.code.tex 2025-08-29 v3.1.11a (3.1.11a)
)
(C:\Users\Chouqib Saad\AppData\Local\Programs\MiKTeX\tex/generic/pgf/basiclayer
\pgfcoreexternal.code.tex
File: pgfcoreexternal.code.tex 2025-08-29 v3.1.11a (3.1.11a)
\pgfexternal@startupbox=\box66
)
(C:\Users\Chouqib Saad\AppData\Local\Programs\MiKTeX\tex/generic/pgf/basiclayer
\pgfcorelayers.code.tex
File: pgfcorelayers.code.tex 2025-08-29 v3.1.11a (3.1.11a)
)
(C:\Users\Chouqib Saad\AppData\Local\Programs\MiKTeX\tex/generic/pgf/basiclayer
\pgfcoretransparency.code.tex
File: pgfcoretransparency.code.tex 2025-08-29 v3.1.11a (3.1.11a)
)
(C:\Users\Chouqib Saad\AppData\Local\Programs\MiKTeX\tex/generic/pgf/basiclayer
\pgfcorepatterns.code.tex
File: pgfcorepatterns.code.tex 2025-08-29 v3.1.11a (3.1.11a)
)
(C:\Users\Chouqib Saad\AppData\Local\Programs\MiKTeX\tex/generic/pgf/basiclayer
\pgfcorerdf.code.tex
File: pgfcorerdf.code.tex 2025-08-29 v3.1.11a (3.1.11a)
)))
(C:\Users\Chouqib Saad\AppData\Local\Programs\MiKTeX\tex/generic/pgf/modules\pg
fmoduleshapes.code.tex
File: pgfmoduleshapes.code.tex 2025-08-29 v3.1.11a (3.1.11a)
\pgfnodeparttextbox=\box67
)
(C:\Users\Chouqib Saad\AppData\Local\Programs\MiKTeX\tex/generic/pgf/modules\pg
fmoduleplot.code.tex
File: pgfmoduleplot.code.tex 2025-08-29 v3.1.11a (3.1.11a)
)
(C:\Users\Chouqib Saad\AppData\Local\Programs\MiKTeX\tex/latex/pgf/compatibilit
y\pgfcomp-version-0-65.sty
Package: pgfcomp-version-0-65 2025-08-29 v3.1.11a (3.1.11a)
\pgf@nodesepstart=\dimen296
\pgf@nodesepend=\dimen297
)
(C:\Users\Chouqib Saad\AppData\Local\Programs\MiKTeX\tex/latex/pgf/compatibilit
y\pgfcomp-version-1-18.sty
Package: pgfcomp-version-1-18 2025-08-29 v3.1.11a (3.1.11a)
))
(C:\Users\Chouqib Saad\AppData\Local\Programs\MiKTeX\tex/latex/pgf/utilities\pg
ffor.sty
(C:\Users\Chouqib Saad\AppData\Local\Programs\MiKTeX\tex/latex/pgf/utilities\pg
fkeys.sty
(C:\Users\Chouqib Saad\AppData\Local\Programs\MiKTeX\tex/generic/pgf/utilities\
pgfkeys.code.tex))
(C:\Users\Chouqib Saad\AppData\Local\Programs\MiKTeX\tex/latex/pgf/math\pgfmath
.sty
(C:\Users\Chouqib Saad\AppData\Local\Programs\MiKTeX\tex/generic/pgf/math\pgfma
th.code.tex))
(C:\Users\Chouqib Saad\AppData\Local\Programs\MiKTeX\tex/generic/pgf/utilities\
pgffor.code.tex
Package: pgffor 2025-08-29 v3.1.11a (3.1.11a)
\pgffor@iter=\dimen298
\pgffor@skip=\dimen299
\pgffor@stack=\toks51
\pgffor@toks=\toks52
))
(C:\Users\Chouqib Saad\AppData\Local\Programs\MiKTeX\tex/generic/pgf/frontendla
yer/tikz\tikz.code.tex
Package: tikz 2025-08-29 v3.1.11a (3.1.11a)

(C:\Users\Chouqib Saad\AppData\Local\Programs\MiKTeX\tex/generic/pgf/libraries\
pgflibraryplothandlers.code.tex
File: pgflibraryplothandlers.code.tex 2025-08-29 v3.1.11a (3.1.11a)
\pgf@plot@mark@count=\count333
\pgfplotmarksize=\dimen300
)
\tikz@lastx=\dimen301
\tikz@lasty=\dimen302
\tikz@lastxsaved=\dimen303
\tikz@lastysaved=\dimen304
\tikz@lastmovetox=\dimen305
\tikz@lastmovetoy=\dimen306
\tikzleveldistance=\dimen307
\tikzsiblingdistance=\dimen308
\tikz@figbox=\box68
\tikz@figbox@bg=\box69
\tikz@tempbox=\box70
\tikz@tempbox@bg=\box71
\tikztreelevel=\count334
\tikznumberofchildren=\count335
\tikznumberofcurrentchild=\count336
\tikz@fig@count=\count337

(C:\Users\Chouqib Saad\AppData\Local\Programs\MiKTeX\tex/generic/pgf/modules\pg
fmodulematrix.code.tex
File: pgfmodulematrix.code.tex 2025-08-29 v3.1.11a (3.1.11a)
\pgfmatrixcurrentrow=\count338
\pgfmatrixcurrentcolumn=\count339
\pgf@matrix@numberofcolumns=\count340
)
\tikz@expandcount=\count341

(C:\Users\Chouqib Saad\AppData\Local\Programs\MiKTeX\tex/generic/pgf/frontendla
yer/tikz/libraries\tikzlibrarytopaths.code.tex
File: tikzlibrarytopaths.code.tex 2025-08-29 v3.1.11a (3.1.11a)
)))
(C:\Users\Chouqib Saad\AppData\Local\Programs\MiKTeX\tex/latex/ctable\ctable.st
y
Package: ctable 2025/10/22 v1.33 package for flexible key/value driven typesett
ing of floats

(C:\Users\Chouqib Saad\AppData\Local\Programs\MiKTeX\tex/generic/iftex\ifpdf.st
y
Package: ifpdf 2019/10/25 v3.4 ifpdf legacy package. Use iftex instead.
)
(C:\Users\Chouqib Saad\AppData\Local\Programs\MiKTeX\tex/latex/booktabs\booktab
s.sty
Package: booktabs 2020/01/12 v1.61803398 Publication quality tables
\heavyrulewidth=\dimen309
\lightrulewidth=\dimen310
\cmidrulewidth=\dimen311
\belowrulesep=\dimen312
\belowbottomsep=\dimen313
\aboverulesep=\dimen314
\abovetopsep=\dimen315
\cmidrulesep=\dimen316
\cmidrulekern=\dimen317
\defaultaddspace=\dimen318
\@cmidla=\count342
\@cmidlb=\count343
\@aboverulesep=\dimen319
\@belowrulesep=\dimen320
\@thisruleclass=\count344
\@lastruleclass=\count345
\@thisrulewidth=\dimen321
)
(C:\Users\Chouqib Saad\AppData\Local\Programs\MiKTeX\tex/latex/graphics\rotatin
g.sty
Package: rotating 2025/01/14 v2.16e rotated objects in LaTeX

(C:\Users\Chouqib Saad\AppData\Local\Programs\MiKTeX\tex/latex/base\ifthen.sty
Package: ifthen 2024/03/16 v1.1e Standard LaTeX ifthen package (DPC)
)
\c@r@tfl@t=\count346
\rotFPtop=\skip71
\rotFPbot=\skip72
\rot@float@box=\box72
\rot@mess@toks=\toks53
)
\@CTframesep=\dimen322
\@dfltCTframesep=\dimen323
\@CTframerule=\dimen324
\@dfltCTframerule=\dimen325
\@CTwidth=\dimen326
\@dfltCTwidth=\dimen327
\@CTcaptionskip=\dimen328
\@dfltCTcaptionskip=\dimen329
\@CTmaxwidth=\dimen330
\@dfltCTmaxwidth=\dimen331
\@CTmincapwidth=\dimen332
\@dfltCTmincapwidth=\dimen333
\@CTfooterwidth=\dimen334
\@dfltCTfooterwidth=\dimen335
\@CTw=\dimen336
\@CTfloatwidth=\dimen337
\@CToldsep=\dimen338
\@CToldrule=\dimen339
\CT@t=\box73
\@CTcurftwidth=\dimen340
)
(C:\Users\Chouqib Saad\AppData\Local\Programs\MiKTeX\tex/latex/titlesec\titlese
c.sty
Package: titlesec 2025/01/04 v2.17 Sectioning titles
\ttl@box=\box74
\beforetitleunit=\skip73
\aftertitleunit=\skip74
\ttl@plus=\dimen341
\ttl@minus=\dimen342
\ttl@toksa=\toks54
\titlewidth=\dimen343
\titlewidthlast=\dimen344
\titlewidthfirst=\dimen345
)
\BoxWd=\skip75
\Aux=\skip76

(C:\Users\Chouqib Saad\AppData\Local\Programs\MiKTeX\tex/latex/fancyhdr\fancyhd
r.sty
Package: fancyhdr 2025/02/07 v5.2 Extensive control of page headers and footers

\f@nch@headwidth=\skip77
\f@nch@offset@elh=\skip78
\f@nch@offset@erh=\skip79
\f@nch@offset@olh=\skip80
\f@nch@offset@orh=\skip81
\f@nch@offset@elf=\skip82
\f@nch@offset@erf=\skip83
\f@nch@offset@olf=\skip84
\f@nch@offset@orf=\skip85
\f@nch@height=\skip86
\f@nch@footalignment=\skip87
\f@nch@widthL=\skip88
\f@nch@widthC=\skip89
\f@nch@widthR=\skip90
\@temptokenb=\toks55
)
(C:\Users\Chouqib Saad\AppData\Local\Programs\MiKTeX\tex/latex/hyperref\hyperre
f.sty
Package: hyperref 2025-07-12 v7.01o Hypertext links for LaTeX

(C:\Users\Chouqib Saad\AppData\Local\Programs\MiKTeX\tex/generic/kvdefinekeys\k
vdefinekeys.sty
Package: kvdefinekeys 2019-12-19 v1.6 Define keys (HO)
)
(C:\Users\Chouqib Saad\AppData\Local\Programs\MiKTeX\tex/generic/pdfescape\pdfe
scape.sty
Package: pdfescape 2019/12/09 v1.15 Implements pdfTeX's escape features (HO)

(C:\Users\Chouqib Saad\AppData\Local\Programs\MiKTeX\tex/generic/pdftexcmds\pdf
texcmds.sty
Package: pdftexcmds 2020-06-27 v0.33 Utility functions of pdfTeX for LuaTeX (HO
)

(C:\Users\Chouqib Saad\AppData\Local\Programs\MiKTeX\tex/generic/infwarerr\infw
arerr.sty
Package: infwarerr 2019/12/03 v1.5 Providing info/warning/error messages (HO)
)
Package pdftexcmds Info: \pdf@primitive is available.
Package pdftexcmds Info: \pdf@ifprimitive is available.
Package pdftexcmds Info: \pdfdraftmode found.
))
(C:\Users\Chouqib Saad\AppData\Local\Programs\MiKTeX\tex/latex/hycolor\hycolor.
sty
Package: hycolor 2020-01-27 v1.10 Color options for hyperref/bookmark (HO)
)
(C:\Users\Chouqib Saad\AppData\Local\Programs\MiKTeX\tex/latex/hyperref\nameref
.sty
Package: nameref 2025-06-21 v2.57 Cross-referencing by name of section

(C:\Users\Chouqib Saad\AppData\Local\Programs\MiKTeX\tex/latex/refcount\refcoun
t.sty
Package: refcount 2019/12/15 v3.6 Data extraction from label references (HO)
)
(C:\Users\Chouqib Saad\AppData\Local\Programs\MiKTeX\tex/generic/gettitlestring
\gettitlestring.sty
Package: gettitlestring 2019/12/15 v1.6 Cleanup title references (HO)
)
\c@section@level=\count347
)
(C:\Users\Chouqib Saad\AppData\Local\Programs\MiKTeX\tex/generic/stringenc\stri
ngenc.sty
Package: stringenc 2019/11/29 v1.12 Convert strings between diff. encodings (HO
)
)
\@linkdim=\dimen346
\Hy@linkcounter=\count348
\Hy@pagecounter=\count349

(C:\Users\Chouqib Saad\AppData\Local\Programs\MiKTeX\tex/latex/hyperref\pd1enc.
def
File: pd1enc.def 2025-07-12 v7.01o Hyperref: PDFDocEncoding definition (HO)
Now handling font encoding PD1 ...
... no UTF-8 mapping file for font encoding PD1
)
(C:\Users\Chouqib Saad\AppData\Local\Programs\MiKTeX\tex/generic/intcalc\intcal
c.sty
Package: intcalc 2019/12/15 v1.3 Expandable calculations with integers (HO)
)
\Hy@SavedSpaceFactor=\count350

(C:\Users\Chouqib Saad\AppData\Local\Programs\MiKTeX\tex/latex/hyperref\puenc.d
ef
File: puenc.def 2025-07-12 v7.01o Hyperref: PDF Unicode definition (HO)
Now handling font encoding PU ...
... no UTF-8 mapping file for font encoding PU
)
Package hyperref Info: Hyper figures OFF on input line 4195.
Package hyperref Info: Link nesting OFF on input line 4200.
Package hyperref Info: Hyper index ON on input line 4203.
Package hyperref Info: Plain pages OFF on input line 4210.
Package hyperref Info: Backreferencing OFF on input line 4215.
Package hyperref Info: Implicit mode ON; LaTeX internals redefined.
Package hyperref Info: Bookmarks ON on input line 4462.
\c@Hy@tempcnt=\count351
 (C:\Users\Chouqib Saad\AppData\Local\Programs\MiKTeX\tex/latex/url\url.sty
\Urlmuskip=\muskip17
Package: url 2013/09/16  ver 3.4  Verb mode for urls, etc.
)
LaTeX Info: Redefining \url on input line 4801.
\XeTeXLinkMargin=\dimen347

(C:\Users\Chouqib Saad\AppData\Local\Programs\MiKTeX\tex/generic/bitset\bitset.
sty
Package: bitset 2019/12/09 v1.3 Handle bit-vector datatype (HO)

(C:\Users\Chouqib Saad\AppData\Local\Programs\MiKTeX\tex/generic/bigintcalc\big
intcalc.sty
Package: bigintcalc 2019/12/15 v1.5 Expandable calculations on big integers (HO
)
))
\Fld@menulength=\count352
\Field@Width=\dimen348
\Fld@charsize=\dimen349
Package hyperref Info: Hyper figures OFF on input line 6078.
Package hyperref Info: Link nesting OFF on input line 6083.
Package hyperref Info: Hyper index ON on input line 6086.
Package hyperref Info: backreferencing OFF on input line 6093.
Package hyperref Info: Link coloring OFF on input line 6098.
Package hyperref Info: Link coloring with OCG OFF on input line 6103.
Package hyperref Info: PDF/A mode OFF on input line 6108.
\Hy@abspage=\count353
\c@Item=\count354
\c@Hfootnote=\count355
)
Package hyperref Info: Driver (autodetected): hpdftex.

(C:\Users\Chouqib Saad\AppData\Local\Programs\MiKTeX\tex/latex/hyperref\hpdftex
.def
File: hpdftex.def 2025-07-12 v7.01o Hyperref driver for pdfTeX
\Fld@listcount=\count356
\c@bookmark@seq@number=\count357

(C:\Users\Chouqib Saad\AppData\Local\Programs\MiKTeX\tex/latex/rerunfilecheck\r
erunfilecheck.sty
Package: rerunfilecheck 2025-06-21 v1.11 Rerun checks for auxiliary files (HO)

(C:\Users\Chouqib Saad\AppData\Local\Programs\MiKTeX\tex/generic/uniquecounter\
uniquecounter.sty
Package: uniquecounter 2019/12/15 v1.4 Provide unlimited unique counter (HO)
)
Package uniquecounter Info: New unique counter `rerunfilecheck' on input line 2
84.
)
\Hy@SectionHShift=\skip91
)
(C:\Users\Chouqib Saad\AppData\Local\Programs\MiKTeX\tex/latex/tools\varioref.s
ty
Package: varioref 2025/01/14 v1.6g package for extended references (FMi)
\c@vrcnt=\count358
)
(C:\Users\Chouqib Saad\AppData\Local\Programs\MiKTeX\tex/latex/pdfpages\pdfpage
s.sty
Package: pdfpages 2025/07/23 v0.6g Insert pages of external PDF documents (AM)

(C:\Users\Chouqib Saad\AppData\Local\Programs\MiKTeX\tex/latex/tools\calc.sty
Package: calc 2025/03/01 v4.3b Infix arithmetic (KKT,FJ)
\calc@Acount=\count359
\calc@Bcount=\count360
\calc@Adimen=\dimen350
\calc@Bdimen=\dimen351
\calc@Askip=\skip92
\calc@Bskip=\skip93
LaTeX Info: Redefining \setlength on input line 86.
LaTeX Info: Redefining \addtolength on input line 87.
\calc@Ccount=\count361
\calc@Cskip=\skip94
)
(C:\Users\Chouqib Saad\AppData\Local\Programs\MiKTeX\tex/latex/eso-pic\eso-pic.
sty
Package: eso-pic 2025/12/10 v3.0d eso-pic (RN)
\ESO@tempdima=\dimen352
\ESO@tempdimb=\dimen353
)
\AM@pagewidth=\dimen354
\AM@pageheight=\dimen355
\AM@fboxrule=\dimen356

(C:\Users\Chouqib Saad\AppData\Local\Programs\MiKTeX\tex/latex/pdfpages\pppdfte
x.def
File: pppdftex.def 2025/07/23 v0.6g Pdfpages driver for pdfTeX (AM)
)
\pdfpages@includegraphics@status=\count362
\AM@pagebox=\box75
\AM@global@opts=\toks56
\AM@pagecnt=\count363
\AM@toc@title=\toks57
\AM@lof@heading=\toks58
\c@AM@survey=\count364
\AM@templatesizebox=\box76
)
(C:\Users\Chouqib Saad\AppData\Local\Programs\MiKTeX\tex/latex/enumitem\enumite
m.sty
Package: enumitem 2025/02/06 v3.11 Customized lists
\labelindent=\skip95
\enit@outerparindent=\dimen357
\enit@toks=\toks59
\enit@inbox=\box77
\enit@count@id=\count365
\enitdp@description=\count366
)
(C:\Users\Chouqib Saad\AppData\Local\Programs\MiKTeX\tex/latex/minitoc\minitoc.
sty
Package: minitoc 2018/07/12 v62 Package minitoc

(C:\Users\Chouqib Saad\AppData\Local\Programs\MiKTeX\tex/latex/minitoc\mtcmess.
sty
Package: mtcmess 2006/03/14
)
Package minitoc Info: I0001
(minitoc)             *** minitoc package, version 62 ***.
\tf@mtc=\write4
\mtcindent=\skip96
\mtcskipamount=\skip97
Package minitoc Info: I0005
(minitoc)             compatible with hyperref.
Package minitoc Info: I0023
(minitoc)             part level macros available.
Package minitoc Info: I0003
(minitoc)             chapter level macros available.
\mtc@toks=\toks60
\mtc@strutbox=\box78
\mtc@hstrutbox=\box79
Package minitoc Info: I0002
(minitoc)             Autoconfiguration of extensions.
\openout4 = `main.mtc0'.

\openout4 = `main.mtc'.

 (C:\Users\Chouqib Saad\Desktop\rapport\rapport_folder\build\main.mtc0)
Package minitoc Info: I0012
(minitoc)             Long extensions (Unix-like) will be used.
Package minitoc Info: I0031
(minitoc)             ==> this version is configured for UNIX-like 
(minitoc)                 (long extensions) file names.
\openout4 = `main.mtc'.

\openout4 = `main.mtc0'.

\c@mtc=\count367
\c@minitocdepth=\count368
\c@ptc=\count369
\c@parttocdepth=\count370
\ptcindent=\skip98
Package minitoc Info: I0010
(minitoc)             The english language is selected.
(minitoc)              on input line 4910.

(C:\Users\Chouqib Saad\AppData\Local\Programs\MiKTeX\tex/latex/minitoc\english.
mld
File: english.mld 2006/01/13
)
(C:\Users\Chouqib Saad\AppData\Local\Programs\MiKTeX\tex/latex/minitoc\english.
mld
File: english.mld 2006/01/13
)
Package minitoc Info: I0010
(minitoc)             The french language is selected.
(minitoc)              on input line 4911.

(C:\Users\Chouqib Saad\AppData\Local\Programs\MiKTeX\tex/latex/minitoc\french.m
ld
File: french.mld 2006/03/21
))
(C:\Users\Chouqib Saad\AppData\Local\Programs\MiKTeX\tex/latex/acronym\acronym.
sty
Package: acronym 2025/01/17 v1.50 Support for acronyms (Tobias Oetiker)

(C:\Users\Chouqib Saad\AppData\Local\Programs\MiKTeX\tex/latex/bigfoot\suffix.s
ty
Package: suffix 2006/07/15 1.5a Variant command support
)
(C:\Users\Chouqib Saad\AppData\Local\Programs\MiKTeX\tex/latex/xstring\xstring.
sty
(C:\Users\Chouqib Saad\AppData\Local\Programs\MiKTeX\tex/generic/xstring\xstrin
g.tex
\xs_counta=\count371
\xs_countb=\count372
)
Package: xstring 2023/08/22 v1.86 String manipulations (CT)
)
\AC@clearlist=\toks61
)
(C:\Users\Chouqib Saad\AppData\Local\Programs\MiKTeX\tex/latex/environ\environ.
sty
Package: environ 2014/05/04 v0.3 A new way to define environments

(C:\Users\Chouqib Saad\AppData\Local\Programs\MiKTeX\tex/latex/trimspaces\trims
paces.sty
Package: trimspaces 2009/09/17 v1.1 Trim spaces around a token list
)
\@envbody=\toks62
)
(C:\Users\Chouqib Saad\AppData\Local\Programs\MiKTeX\tex/latex/verse\verse.sty
Package: verse 2014/05/10 v2.4b verse typesetting
\c@vslineno=\count373
\c@poemline=\count374
\c@fvsline=\count375
\c@modulo@vs=\count376
\c@verse@envctr=\count377
\versewidth=\skip99
\vgap=\skip100
\vindent=\skip101
\stanzaskip=\skip102
\vleftskip=\skip103
\vrightskip=\skip104
\c@chrsinstr=\count378
\beforepoemtitleskip=\skip105
\afterpoemtitleskip=\skip106
)
(C:\Users\Chouqib Saad\AppData\Local\Programs\MiKTeX\tex/latex/needspace\needsp
ace.sty
Package: needspace 2025/03/13 v1.3e reserve vertical space
)
(C:\Users\Chouqib Saad\AppData\Local\Programs\MiKTeX\tex/latex/chngcntr\chngcnt
r.sty
Package: chngcntr 2018/04/09 v1.1a change counter resetting
Package chngcntr Info: \counterwithout already defined.
(chngcntr)             Quitting chngcntr on input line 21.
)
(C:\Users\Chouqib Saad\AppData\Local\Programs\MiKTeX\tex/latex/tcolorbox\tcolor
box.sty
Package: tcolorbox 2025/11/28 version 6.9.0 text color boxes

(C:\Users\Chouqib Saad\AppData\Local\Programs\MiKTeX\tex/latex/tools\verbatim.s
ty
Package: verbatim 2024-01-22 v1.5x LaTeX2e package for verbatim enhancements
\every@verbatim=\toks63
\verbatim@line=\toks64
\verbatim@in@stream=\read4
)
\tcb@titlebox=\box80
\tcb@upperbox=\box81
\tcb@lowerbox=\box82
\tcb@phantombox=\box83
\c@tcbbreakpart=\count379
\c@tcblayer=\count380
\c@tcolorbox@number=\count381
\l__tcobox_tmpa_box=\box84
\l__tcobox_tmpa_dim=\dimen358
\tcb@temp=\box85
\tcb@temp=\box86
\tcb@temp=\box87
\tcb@temp=\box88

(C:\Users\Chouqib Saad\AppData\Local\Programs\MiKTeX\tex/latex/tcolorbox\tcbski
ns.code.tex
Library (tcolorbox): 'tcbskins.code.tex' version '6.9.0'

(C:\Users\Chouqib Saad\AppData\Local\Programs\MiKTeX\tex/latex/tikzfill\tikzfil
l.image.sty
Package: tikzfill.image 2023/08/08 v1.0.1 Image filling library for TikZ

(C:\Users\Chouqib Saad\AppData\Local\Programs\MiKTeX\tex/latex/tikzfill\tikzfil
l-common.sty
Package: tikzfill-common 2023/08/08 v1.0.1 Auxiliary code for tikzfill
)
(C:\Users\Chouqib Saad\AppData\Local\Programs\MiKTeX\tex/latex/tikzfill\tikzlib
raryfill.image.code.tex
File: tikzlibraryfill.image.code.tex 2023/08/08 v1.0.1 Image filling library
\l__tikzfill_img_box=\box89
))
(C:\Users\Chouqib Saad\AppData\Local\Programs\MiKTeX\tex/latex/tcolorbox\tcbski
nsjigsaw.code.tex
Library (tcolorbox): 'tcbskinsjigsaw.code.tex' version '6.9.0'
)))
(C:\Users\Chouqib Saad\AppData\Local\Programs\MiKTeX\tex/latex/seqsplit\seqspli
t.sty
Package: seqsplit 2006/08/07 v0.1 Splitting long sequences (DNA, RNA, proteins,
 etc.) 
)
(C:\Users\Chouqib Saad\AppData\Local\Programs\MiKTeX\tex/latex/appendix\appendi
x.sty
Package: appendix 2020/02/08 v1.2c extra appendix facilities
\c@@pps=\count382
\c@@ppsavesec=\count383
\c@@ppsaveapp=\count384
)) (Commands.tex)
(C:\Users\Chouqib Saad\AppData\Local\Programs\MiKTeX\tex/latex/amsmath\amsmath.
sty
Package: amsmath 2025/07/09 v2.17z AMS math features
\@mathmargin=\skip107

For additional information on amsmath, use the `?' option.

(C:\Users\Chouqib Saad\AppData\Local\Programs\MiKTeX\tex/latex/amsmath\amstext.
sty
Package: amstext 2024/11/17 v2.01 AMS text

(C:\Users\Chouqib Saad\AppData\Local\Programs\MiKTeX\tex/latex/amsmath\amsgen.s
ty
File: amsgen.sty 1999/11/30 v2.0 generic functions
\@emptytoks=\toks65
\ex@=\dimen359
))
(C:\Users\Chouqib Saad\AppData\Local\Programs\MiKTeX\tex/latex/amsmath\amsbsy.s
ty
Package: amsbsy 1999/11/29 v1.2d Bold Symbols
\pmbraise@=\dimen360
)
(C:\Users\Chouqib Saad\AppData\Local\Programs\MiKTeX\tex/latex/amsmath\amsopn.s
ty
Package: amsopn 2022/04/08 v2.04 operator names
)
\inf@bad=\count385
LaTeX Info: Redefining \frac on input line 233.
\uproot@=\count386
\leftroot@=\count387
LaTeX Info: Redefining \overline on input line 398.
LaTeX Info: Redefining \colon on input line 409.
\classnum@=\count388
\DOTSCASE@=\count389
LaTeX Info: Redefining \ldots on input line 495.
LaTeX Info: Redefining \dots on input line 498.
LaTeX Info: Redefining \cdots on input line 619.
\Mathstrutbox@=\box90
\strutbox@=\box91
LaTeX Info: Redefining \big on input line 721.
LaTeX Info: Redefining \Big on input line 722.
LaTeX Info: Redefining \bigg on input line 723.
LaTeX Info: Redefining \Bigg on input line 724.
\big@size=\dimen361
LaTeX Font Info:    Redeclaring font encoding OML on input line 742.
LaTeX Font Info:    Redeclaring font encoding OMS on input line 743.
\macc@depth=\count390
LaTeX Info: Redefining \bmod on input line 904.
LaTeX Info: Redefining \pmod on input line 909.
LaTeX Info: Redefining \smash on input line 939.
LaTeX Info: Redefining \relbar on input line 969.
LaTeX Info: Redefining \Relbar on input line 970.
\c@MaxMatrixCols=\count391
\dotsspace@=\muskip18
\c@parentequation=\count392
\dspbrk@lvl=\count393
\tag@help=\toks66
\row@=\count394
\column@=\count395
\maxfields@=\count396
\andhelp@=\toks67
\eqnshift@=\dimen362
\alignsep@=\dimen363
\tagshift@=\dimen364
\tagwidth@=\dimen365
\totwidth@=\dimen366
\lineht@=\dimen367
\@envbody=\toks68
\multlinegap=\skip108
\multlinetaggap=\skip109
\mathdisplay@stack=\toks69
LaTeX Info: Redefining \[ on input line 2950.
LaTeX Info: Redefining \] on input line 2951.
)
(C:\Users\Chouqib Saad\AppData\Local\Programs\MiKTeX\tex/latex/psnfss\helvet.st
y
Package: helvet 2020/03/25 PSNFSS-v9.3 (WaS) 
) (figures/styles.tex
(C:\Users\Chouqib Saad\AppData\Local\Programs\MiKTeX\tex/generic/pgf/frontendla
yer/tikz/libraries\tikzlibraryshapes.geometric.code.tex
File: tikzlibraryshapes.geometric.code.tex 2025-08-29 v3.1.11a (3.1.11a)

(C:\Users\Chouqib Saad\AppData\Local\Programs\MiKTeX\tex/generic/pgf/libraries/
shapes\pgflibraryshapes.geometric.code.tex
File: pgflibraryshapes.geometric.code.tex 2025-08-29 v3.1.11a (3.1.11a)
))
(C:\Users\Chouqib Saad\AppData\Local\Programs\MiKTeX\tex/generic/pgf/frontendla
yer/tikz/libraries\tikzlibraryshapes.multipart.code.tex
File: tikzlibraryshapes.multipart.code.tex 2025-08-29 v3.1.11a (3.1.11a)

(C:\Users\Chouqib Saad\AppData\Local\Programs\MiKTeX\tex/generic/pgf/libraries/
shapes\pgflibraryshapes.multipart.code.tex
File: pgflibraryshapes.multipart.code.tex 2025-08-29 v3.1.11a (3.1.11a)
\pgfnodepartlowerbox=\box92
\pgfnodeparttwobox=\box93
\pgfnodepartthreebox=\box94
\pgfnodepartfourbox=\box95
\pgfnodeparttwentybox=\box96
\pgfnodepartnineteenbox=\box97
\pgfnodeparteighteenbox=\box98
\pgfnodepartseventeenbox=\box99
\pgfnodepartsixteenbox=\box100
\pgfnodepartfifteenbox=\box101
\pgfnodepartfourteenbox=\box102
\pgfnodepartthirteenbox=\box103
\pgfnodeparttwelvebox=\box104
\pgfnodepartelevenbox=\box105
\pgfnodeparttenbox=\box106
\pgfnodepartninebox=\box107
\pgfnodeparteightbox=\box108
\pgfnodepartsevenbox=\box109
\pgfnodepartsixbox=\box110
\pgfnodepartfivebox=\box111
))
(C:\Users\Chouqib Saad\AppData\Local\Programs\MiKTeX\tex/generic/pgf/frontendla
yer/tikz/libraries\tikzlibraryshapes.misc.code.tex
File: tikzlibraryshapes.misc.code.tex 2025-08-29 v3.1.11a (3.1.11a)

(C:\Users\Chouqib Saad\AppData\Local\Programs\MiKTeX\tex/generic/pgf/libraries/
shapes\pgflibraryshapes.misc.code.tex
File: pgflibraryshapes.misc.code.tex 2025-08-29 v3.1.11a (3.1.11a)
))
(C:\Users\Chouqib Saad\AppData\Local\Programs\MiKTeX\tex/generic/pgf/libraries\
pgflibraryarrows.meta.code.tex
File: pgflibraryarrows.meta.code.tex 2025-08-29 v3.1.11a (3.1.11a)
\pgfarrowinset=\dimen368
\pgfarrowlength=\dimen369
\pgfarrowwidth=\dimen370
\pgfarrowlinewidth=\dimen371
)
(C:\Users\Chouqib Saad\AppData\Local\Programs\MiKTeX\tex/generic/pgf/frontendla
yer/tikz/libraries\tikzlibrarypositioning.code.tex
File: tikzlibrarypositioning.code.tex 2025-08-29 v3.1.11a (3.1.11a)
)
(C:\Users\Chouqib Saad\AppData\Local\Programs\MiKTeX\tex/generic/pgf/frontendla
yer/tikz/libraries\tikzlibrarycalc.code.tex
File: tikzlibrarycalc.code.tex 2025-08-29 v3.1.11a (3.1.11a)
)
(C:\Users\Chouqib Saad\AppData\Local\Programs\MiKTeX\tex/generic/pgf/frontendla
yer/tikz/libraries\tikzlibraryfit.code.tex
File: tikzlibraryfit.code.tex 2025-08-29 v3.1.11a (3.1.11a)
)
(C:\Users\Chouqib Saad\AppData\Local\Programs\MiKTeX\tex/generic/pgf/frontendla
yer/tikz/libraries\tikzlibrarybackgrounds.code.tex
File: tikzlibrarybackgrounds.code.tex 2025-08-29 v3.1.11a (3.1.11a)
\pgf@layerbox@background=\box112
\pgf@layerboxsaved@background=\box113
)
(C:\Users\Chouqib Saad\AppData\Local\Programs\MiKTeX\tex/generic/pgf/frontendla
yer/tikz/libraries\tikzlibrarypatterns.code.tex
File: tikzlibrarypatterns.code.tex 2025-08-29 v3.1.11a (3.1.11a)

(C:\Users\Chouqib Saad\AppData\Local\Programs\MiKTeX\tex/generic/pgf/libraries\
pgflibrarypatterns.code.tex
File: pgflibrarypatterns.code.tex 2025-08-29 v3.1.11a (3.1.11a)
))
(C:\Users\Chouqib Saad\AppData\Local\Programs\MiKTeX\tex/generic/pgf/frontendla
yer/tikz/libraries\tikzlibrarydecorations.pathreplacing.code.tex
(C:\Users\Chouqib Saad\AppData\Local\Programs\MiKTeX\tex/generic/pgf/frontendla
yer/tikz/libraries\tikzlibrarydecorations.code.tex
(C:\Users\Chouqib Saad\AppData\Local\Programs\MiKTeX\tex/generic/pgf/modules\pg
fmoduledecorations.code.tex
\pgfdecoratedcompleteddistance=\dimen372
\pgfdecoratedremainingdistance=\dimen373
\pgfdecoratedinputsegmentcompleteddistance=\dimen374
\pgfdecoratedinputsegmentremainingdistance=\dimen375
\pgf@decorate@distancetomove=\dimen376
\pgf@decorate@repeatstate=\count397
\pgfdecorationsegmentamplitude=\dimen377
\pgfdecorationsegmentlength=\dimen378
)
\tikz@lib@dec@box=\box114
)
(C:\Users\Chouqib Saad\AppData\Local\Programs\MiKTeX\tex/generic/pgf/libraries/
decorations\pgflibrarydecorations.pathreplacing.code.tex))
(C:\Users\Chouqib Saad\AppData\Local\Programs\MiKTeX\tex/generic/pgf/frontendla
yer/tikz/libraries\tikzlibrarychains.code.tex
File: tikzlibrarychains.code.tex 2025-08-29 v3.1.11a (3.1.11a)
)
(C:\Users\Chouqib Saad\AppData\Local\Programs\MiKTeX\tex/generic/pgf/frontendla
yer/tikz/libraries\tikzlibrarymatrix.code.tex
File: tikzlibrarymatrix.code.tex 2025-08-29 v3.1.11a (3.1.11a)
))
Package french3.ldf Info: Setting StandardItemizeEnv=true for
(french3.ldf)             compatibility with enumitem package,
(french3.ldf)             reported on input line 55.
Package french3.ldf Info: Setting StandardEnumerateEnv=true for
(french3.ldf)             compatibility with enumitem package,
(french3.ldf)             reported on input line 55.
LaTeX Font Info:    Trying to load font information for T1+ptm on input line 55
.

(C:\Users\Chouqib Saad\AppData\Local\Programs\MiKTeX\tex/latex/psnfss\t1ptm.fd
File: t1ptm.fd 2001/06/04 font definitions for T1/ptm.
)
(C:\Users\Chouqib Saad\AppData\Local\Programs\MiKTeX\tex/latex/l3backend\l3back
end-pdftex.def
File: l3backend-pdftex.def 2025-10-09 L3 backend support: PDF output (pdfTeX)
\l__color_backend_stack_int=\count398
)
(C:\Users\Chouqib Saad\Desktop\rapport\rapport_folder\build\main.aux
Package babel Info: 'french' activates 'french' shorthands.
(babel)             Reported on input line 13.
)
\openout1 = `main.aux'.

LaTeX Font Info:    Checking defaults for OML/cmm/m/it on input line 55.
LaTeX Font Info:    ... okay on input line 55.
LaTeX Font Info:    Checking defaults for OMS/cmsy/m/n on input line 55.
LaTeX Font Info:    ... okay on input line 55.
LaTeX Font Info:    Checking defaults for OT1/cmr/m/n on input line 55.
LaTeX Font Info:    ... okay on input line 55.
LaTeX Font Info:    Checking defaults for T1/cmr/m/n on input line 55.
LaTeX Font Info:    ... okay on input line 55.
LaTeX Font Info:    Checking defaults for TS1/cmr/m/n on input line 55.
LaTeX Font Info:    ... okay on input line 55.
LaTeX Font Info:    Checking defaults for OMX/cmex/m/n on input line 55.
LaTeX Font Info:    ... okay on input line 55.
LaTeX Font Info:    Checking defaults for U/cmr/m/n on input line 55.
LaTeX Font Info:    ... okay on input line 55.
LaTeX Font Info:    Checking defaults for PD1/pdf/m/n on input line 55.
LaTeX Font Info:    ... okay on input line 55.
LaTeX Font Info:    Checking defaults for PU/pdf/m/n on input line 55.
LaTeX Font Info:    ... okay on input line 55.
LaTeX Info: Redefining \degres on input line 55.

*geometry* driver: auto-detecting
*geometry* detected driver: pdftex
*geometry* verbose mode - [ preamble ] result:
* driver: pdftex
* paper: a4paper
* layout: <same size as paper>
* layoutoffset:(h,v)=(0.0pt,0.0pt)
* modes: 
* h-part:(L,W,R)=(71.13188pt, 455.24411pt, 71.13188pt)
* v-part:(T,H,B)=(71.13188pt, 702.78308pt, 71.13188pt)
* \paperwidth=597.50787pt
* \paperheight=845.04684pt
* \textwidth=455.24411pt
* \textheight=702.78308pt
* \oddsidemargin=-1.1381pt
* \evensidemargin=-1.1381pt
* \topmargin=-38.1381pt
* \headheight=12.0pt
* \headsep=25.0pt
* \topskip=12.0pt
* \footskip=30.0pt
* \marginparwidth=35.0pt
* \marginparsep=10.0pt
* \columnsep=10.0pt
* \skip\footins=10.8pt plus 4.0pt minus 2.0pt
* \hoffset=0.0pt
* \voffset=0.0pt
* \mag=1000
* \@twocolumnfalse
* \@twosidefalse
* \@mparswitchfalse
* \@reversemarginfalse
* (1in=72.27pt=25.4mm, 1cm=28.453pt)

Package microtype Info: Patching varwidth to enable character protrusion.
\MT@vwid@leftmargin=\dimen379
\MT@vwid@rightmargin=\dimen380
LaTeX Info: Redefining \microtypecontext on input line 55.
Package microtype Info: Applying patch `item' on input line 55.
Package microtype Info: Applying patch `toc' on input line 55.
Package microtype Info: Applying patch `eqnum' on input line 55.
Package microtype Info: Applying patch `footnote' on input line 55.
Package microtype Info: Applying patch `verbatim' on input line 55.
LaTeX Info: Redefining \microtypesetup on input line 55.
Package microtype Info: Generating PDF output.
Package microtype Info: Character protrusion enabled (level 2).
Package microtype Info: Using default protrusion set `alltext'.
Package microtype Info: Automatic font expansion enabled (level 2),
(microtype)             stretch: 20, shrink: 20, step: 1, non-selected.
Package microtype Info: Using default expansion set `alltext-nott'.
Package microtype Info: Patching command `\showhyphens'.
Package microtype Info: No adjustment of tracking.
Package microtype Info: No adjustment of interword spacing.
Package microtype Info: No adjustment of character kerning.

(C:\Users\Chouqib Saad\AppData\Local\Programs\MiKTeX\tex/latex/microtype\mt-ptm
.cfg
File: mt-ptm.cfg 2006/04/20 v1.7 microtype config. file: Times (RS)
)
(C:\Users\Chouqib Saad\AppData\Local\Programs\MiKTeX\tex/context/base/mkii\supp
-pdf.mkii
[Loading MPS to PDF converter (version 2006.09.02).]
\scratchcounter=\count399
\scratchdimen=\dimen381
\scratchbox=\box115
\nofMPsegments=\count400
\nofMParguments=\count401
\everyMPshowfont=\toks70
\MPscratchCnt=\count402
\MPscratchDim=\dimen382
\MPnumerator=\count403
\makeMPintoPDFobject=\count404
\everyMPtoPDFconversion=\toks71
)
(C:\Users\Chouqib Saad\AppData\Local\Programs\MiKTeX\tex/latex/epstopdf-pkg\eps
topdf-base.sty
Package: epstopdf-base 2020-01-24 v2.11 Base part for package epstopdf

(C:\Users\Chouqib Saad\AppData\Local\Programs\MiKTeX\tex/latex/grfext\grfext.st
y
Package: grfext 2019/12/03 v1.3 Manage graphics extensions (HO)
)
Package epstopdf-base Info: Redefining graphics rule for `.eps' on input line 4
85.
Package grfext Info: Graphics extension search list:
(grfext)             [.pdf,.png,.jpg,.mps,.jpeg,.jbig2,.jb2,.PDF,.PNG,.JPG,.JPE
G,.JBIG2,.JB2,.eps]
(grfext)             \AppendGraphicsExtensions on input line 504.

(C:\Users\Chouqib Saad\AppData\Local\Programs\MiKTeX\tex/latex/00miktex\epstopd
f-sys.cfg
File: epstopdf-sys.cfg 2021/03/18 v2.0 Configuration of epstopdf for MiKTeX
))
Package caption Info: Begin \AtBeginDocument code.
Package caption Info: float package is loaded.
Package caption Info: hyperref package is loaded.
Package caption Info: rotating package is loaded.
Package caption Info: wrapfig package is loaded.
Package caption Info: End \AtBeginDocument code.
Package hyperref Info: Link coloring OFF on input line 55.

(C:\Users\Chouqib Saad\Desktop\rapport\rapport_folder\build\main.out)
(C:\Users\Chouqib Saad\Desktop\rapport\rapport_folder\build\main.out)
\@outlinefile=\write5
\openout5 = `main.out'.


(C:\Users\Chouqib Saad\AppData\Local\Programs\MiKTeX\tex/latex/pdflscape\pdflsc
ape.sty
Package: pdflscape 2022-10-27 v0.13 Display of landscape pages in PDF

(C:\Users\Chouqib Saad\AppData\Local\Programs\MiKTeX\tex/latex/pdflscape\pdflsc
ape-nometadata.sty
Package: pdflscape-nometadata 2022-10-28 v0.13 Display of landscape pages in PD
F (HO)

(C:\Users\Chouqib Saad\AppData\Local\Programs\MiKTeX\tex/latex/graphics\lscape.
sty
Package: lscape 2020/05/28 v3.02 Landscape Pages (DPC)
)
Package pdflscape Info: Auto-detected driver: pdftex on input line 81.
))
Package minitoc(hints) Info: I0049
(minitoc(hints))             ==> You requested the hints option. 
(minitoc(hints))             Some hints are eventually given below.
Package minitoc(hints) Info: I0042
(minitoc(hints))             --- The appendix package is loaded. 
(minitoc(hints))             See the minitoc package documentation 
(minitoc(hints))             for specific precautions.
Package minitoc Info: I0024
(minitoc)             PREPARING MINITOCS FROM main.toc on input line 66.
Package minitoc Info: I0033
(minitoc)             Writing main.mtc1.
\openout4 = `main.mtc1'.

Package minitoc Info: I0033
(minitoc)             Writing main.mtc2.
\openout4 = `main.mtc2'.

Package minitoc Info: I0033
(minitoc)             Writing main.mtc3.
\openout4 = `main.mtc3'.

Package minitoc Info: I0033
(minitoc)             Writing main.mtc4.
\openout4 = `main.mtc4'.

Package minitoc Info: I0033
(minitoc)             Writing main.mtc5.
\openout4 = `main.mtc5'.

Package minitoc Info: I0033
(minitoc)             Writing main.mtc6.
\openout4 = `main.mtc6'.

Package minitoc Info: I0033
(minitoc)             Writing main.mtc7.
\openout4 = `main.mtc7'.

Package minitoc Info: I0033
(minitoc)             Writing main.mtc8.
\openout4 = `main.mtc8'.

Package minitoc Info: I0033
(minitoc)             Writing main.mtc9.
\openout4 = `main.mtc9'.

Package minitoc Info: I0033
(minitoc)             Writing main.mtc10.
\openout4 = `main.mtc10'.

Package minitoc Info: I0033
(minitoc)             Writing main.mtc11.
\openout4 = `main.mtc11'.

Package minitoc Info: I0033
(minitoc)             Writing main.mtc12.
\openout4 = `main.mtc12'.

Package minitoc Info: I0033
(minitoc)             Writing main.mtc13.
\openout4 = `main.mtc13'.

Package minitoc Info: I0033
(minitoc)             Writing main.mtc14.
\openout4 = `main.mtc14'.

Package minitoc Info: I0033
(minitoc)             Writing main.mtc15.
\openout4 = `main.mtc15'.



pdfTeX warning: pdflatex.exe (file ./chapters/00-PageDeGarde.pdf): PDF inclusio
n: found PDF version <1.7>, but at most version <1.5> allowed
<chapters/00-PageDeGarde.pdf, id=810, 597.79335pt x 845.19763pt>
File: chapters/00-PageDeGarde.pdf Graphic file (type pdf)
<use chapters/00-PageDeGarde.pdf>
Package pdftex.def Info: chapters/00-PageDeGarde.pdf  used on input line 68.
(pdftex.def)             Requested size: 597.79189pt x 845.19557pt.


pdfTeX warning: pdflatex.exe (file ./chapters/00-PageDeGarde.pdf): PDF inclusio
n: found PDF version <1.7>, but at most version <1.5> allowed


pdfTeX warning: pdflatex.exe (file ./chapters/00-PageDeGarde.pdf): PDF inclusio
n: found PDF version <1.7>, but at most version <1.5> allowed
<chapters/00-PageDeGarde.pdf, id=812, page=1, 597.79335pt x 845.19763pt>
File: chapters/00-PageDeGarde.pdf Graphic file (type pdf)
<use chapters/00-PageDeGarde.pdf, page 1>
Package pdftex.def Info: chapters/00-PageDeGarde.pdf , page1 used on input line
 68.
(pdftex.def)             Requested size: 597.79189pt x 845.19557pt.
File: chapters/00-PageDeGarde.pdf Graphic file (type pdf)
<use chapters/00-PageDeGarde.pdf, page 1>
Package pdftex.def Info: chapters/00-PageDeGarde.pdf , page1 used on input line
 68.
(pdftex.def)             Requested size: 597.9287pt x 845.389pt.
File: chapters/00-PageDeGarde.pdf Graphic file (type pdf)
<use chapters/00-PageDeGarde.pdf, page 1>
Package pdftex.def Info: chapters/00-PageDeGarde.pdf , page1 used on input line
 68.
(pdftex.def)             Requested size: 597.9287pt x 845.389pt.
File: chapters/00-PageDeGarde.pdf Graphic file (type pdf)
<use chapters/00-PageDeGarde.pdf, page 1>
Package pdftex.def Info: chapters/00-PageDeGarde.pdf , page1 used on input line
 68.
(pdftex.def)             Requested size: 597.9287pt x 845.389pt.
File: chapters/00-PageDeGarde.pdf Graphic file (type pdf)
<use chapters/00-PageDeGarde.pdf, page 1>
Package pdftex.def Info: chapters/00-PageDeGarde.pdf , page1 used on input line
 68.
(pdftex.def)             Requested size: 597.9287pt x 845.389pt.
[1


 <./chapters/00-PageDeGarde.pdf>] (chapters/01-Dedicace.tex
LaTeX Font Info:    Calculating math sizes for size <26> on input line 4.

(C:\Users\Chouqib Saad\AppData\Local\Programs\MiKTeX\tex/latex/microtype\mt-cmr
.cfg
File: mt-cmr.cfg 2013/05/19 v2.2 microtype config. file: Computer Modern Roman 
(RS)
)
Underfull \hbox (badness 10000) in paragraph at lines 4--4

 []

) [1


{C:/Users/Chouqib Saad/AppData/Local/MiKTeX/fonts/map/pdftex/pdftex.map}{C:/Use
rs/Chouqib Saad/AppData/Local/Programs/MiKTeX/fonts/enc/dvips/base/8r.enc}] (ch
apters/02-Remerciements.tex
Underfull \hbox (badness 10000) in paragraph at lines 4--4

 []

) [2

] (chapters/03-Resume.tex
Underfull \hbox (badness 10000) in paragraph at lines 4--4

 []

[3

]
Underfull \hbox (badness 10000) in paragraph at lines 19--19

 []

) [4

]
Underfull \hbox (badness 10000) in paragraph at lines 95--95

 []

(C:\Users\Chouqib Saad\Desktop\rapport\rapport_folder\build\main.toc
pdfTeX warning (ext4): destination with the same identifier (name{page.i}) has 
been already used, duplicate ignored
<to be read again> 
                   \relax 
l.29 ...Acteurs secondaires}{18}{subsection.2.1.2}
                                                  % [1


]
Package babel Info: 'french' activates 'french' shorthands.
(babel)             Reported on input line 65.

pdfTeX warning (ext4): destination with the same identifier (name{page.ii}) has
 been already used, duplicate ignored
<to be read again> 
                   \relax 
l.65 ...uence systÃ¨me}{31}{subsubsection.2.4.4.3}
                                                  % [2]
pdfTeX warning (ext4): destination with the same identifier (name{page.iii}) ha
s been already used, duplicate ignored
<to be read again> 
                   \relax 
l.100 ...ment dÃ©terministe}{54}{subsection.3.3.4}
                                                  % [3]
pdfTeX warning (ext4): destination with the same identifier (name{page.iv}) has
 been already used, duplicate ignored
<to be read again> 
                   \relax 
l.135 ...4.3.5}Raisonnement}{70}{subsection.4.3.5}
                                                  % [4] [5] [6])
\tf@toc=\write6
\openout6 = `main.toc'.

 [7]
Underfull \hbox (badness 10000) in paragraph at lines 108--108

 []

(C:\Users\Chouqib Saad\Desktop\rapport\rapport_folder\build\main.lof [8

])
\tf@lof=\write7
\openout7 = `main.lof'.


[9]
Underfull \hbox (badness 10000) in paragraph at lines 119--119

 []

(C:\Users\Chouqib Saad\Desktop\rapport\rapport_folder\build\main.lot)
\tf@lot=\write8
\openout8 = `main.lot'.

 [10

]
(chapters/04-ListeDesAbreviations.tex
Underfull \hbox (badness 10000) in paragraph at lines 4--4

 []

[11

]) [12] (chapters/05-IntroductionGenerale.tex
Underfull \hbox (badness 10000) in paragraph at lines 4--4

 []

)
pdfTeX warning (ext4): destination with the same identifier (name{page.1}) has 
been already used, duplicate ignored
<to be read again> 
                   \relax 
l.140 \newpage
               [1


] [2] (chapters/06-Chapitre1.tex
Chapitre 1.

Underfull \hbox (badness 10000) in paragraph at lines 4--4

 []

\openout4 = `main.mtc'.

\openout4 = `main.mtc'.

(C:\Users\Chouqib Saad\Desktop\rapport\rapport_folder\build\main.mtc5) [3

]
[4] [5] [6] [7] [8] [9]
Underfull \hbox (badness 2707) in paragraph at lines 121--122
[]|\T1/ptm/m/n/12 Serveur vo-cal in-
 []


Underfull \hbox (badness 2903) in paragraph at lines 121--122
\T1/ptm/m/n/12 ter-ac-tif et scripts
 []


Underfull \hbox (badness 2799) in paragraph at lines 127--128
[]|\T1/ptm/m/n/12 Service géré : la chaîne de
 []


Underfull \hbox (badness 2368) in paragraph at lines 127--128
\T1/ptm/m/n/12 rai-son-ne-ment n'est pas ex-po-
 []


Underfull \hbox (badness 1721) in paragraph at lines 127--128
\T1/ptm/m/n/12 sée. Dé-com-po-si-tion agen-tique
 []


Underfull \hbox (badness 1097) in paragraph at lines 127--128
\T1/ptm/m/n/12 et stra-té-gie do-cu-men-taire non
 []


Underfull \hbox (badness 1163) in paragraph at lines 130--131
[]|\T1/ptm/m/n/12 Couverture mul-ti-ca-nale. Ca-pa-
 []


Underfull \hbox (badness 1975) in paragraph at lines 130--131
\T1/ptm/m/n/12 par-ta-gée. Concep-tion en low-
 []


Underfull \hbox (badness 10000) in paragraph at lines 131--132
[]|\T1/ptm/m/n/12 Personnalisation bor-née par
 []


Underfull \hbox (badness 1365) in paragraph at lines 131--132
\T1/ptm/m/n/12 po-li-tiques mé-tier dif-fi-ci-le-ment
 []


Underfull \hbox (badness 1496) in paragraph at lines 134--135
\T1/ptm/m/n/12 Ges-tion du cycle de vie des
 []


Underfull \hbox (badness 10000) in paragraph at lines 135--136
[]|\T1/ptm/m/n/12 Offre ver-ti-ca-le-ment in-té-grée.
 []


Underfull \hbox (badness 1552) in paragraph at lines 135--136
\T1/ptm/m/n/12 Com-po-si-tion d'agents propres
 []


Underfull \hbox (badness 10000) in paragraph at lines 135--136
\T1/ptm/m/n/12 sur ac-tions sen-sibles non
 []


Underfull \hbox (badness 10000) in paragraph at lines 135--136
\T1/ptm/m/n/12 maî-tri-sables par l'équipe
 []

[10]
Underfull \hbox (badness 10000) in paragraph at lines 155--155
[]|\T1/ptm/m/n/12 Décomposition en agents
 []


Underfull \hbox (badness 10000) in paragraph at lines 155--155
\T1/ptm/m/n/12 spé-cia-li-sés maî-tri-sée par
 []


Underfull \hbox (badness 2799) in paragraph at lines 159--159
[]|\T1/ptm/m/n/12 Règles dé-ter-mi-nistes ex-pli-
 []


Underfull \hbox (badness 10000) in paragraph at lines 159--159
[]|\T1/ptm/m/n/12 Non
 []


Underfull \hbox (badness 10000) in paragraph at lines 161--161
[]|\T1/ptm/m/n/12 Non
 []


Underfull \hbox (badness 10000) in paragraph at lines 163--163
[]|\T1/ptm/m/n/12 Spécialisation mé-tier
 []

[11] (figures/fig-gantt.tex
LaTeX Font Info:    Trying to load font information for T1+phv on input line 20
.

(C:\Users\Chouqib Saad\AppData\Local\Programs\MiKTeX\tex/latex/psnfss\t1phv.fd
File: t1phv.fd 2020/03/25 scalable font definitions for T1/phv.
)
Package microtype Info: Loading generic protrusion settings for font family
(microtype)             `phv' (encoding: T1).
(microtype)             For optimal results, create family-specific settings.
(microtype)             See the microtype manual for details.

Underfull \hbox (badness 3219) in paragraph at lines 40--40
 [][]\T1/phv/m/n/8 (+20) Fondations
 []


Underfull \hbox (badness 1412) in paragraph at lines 43--43
 [][]\T1/phv/m/n/8 (+20) Chaîne vo-cale
 []


Underfull \hbox (badness 3536) in paragraph at lines 43--43
 []\T1/phv/m/n/8 (+20) temps réel
 []


Underfull \hbox (badness 1484) in paragraph at lines 50--50
 [][]\T1/phv/m/n/8 (+20) Connaissance
 []


Underfull \hbox (badness 2027) in paragraph at lines 50--50
 []\T1/phv/m/n/8 (+20) et in-té-gra-tion
 []


Underfull \hbox (badness 4156) in paragraph at lines 53--53
 [][]\T1/phv/m/n/8 (+20) Interfaces
 []

)
Underfull \hbox (badness 5954) in paragraph at lines 189--189
[]|\T1/ptm/m/n/12 Chaîne vo-cale temps
 []


Underfull \hbox (badness 4872) in paragraph at lines 193--193
[]|\T1/ptm/m/n/12 Connaissance et in-té-
 []


Underfull \hbox (badness 2573) in paragraph at lines 195--195
[]|\T1/ptm/m/n/12 Interfaces et dur-cis-se-
 []

[12] [13] (figures/fig-cycle-iteratif.tex
LaTeX Font Info:    Font shape `T1/phv/m/it' in size <6> not available
(Font)              Font shape `T1/phv/m/sl' tried instead on input line 34.
) [14]) (chapters/07-Chapitre2.tex
[15]
Chapitre 2.

Underfull \hbox (badness 10000) in paragraph at lines 4--4

 []

\openout4 = `main.mtc'.

\openout4 = `main.mtc'.

(C:\Users\Chouqib Saad\Desktop\rapport\rapport_folder\build\main.mtc6) [16

]
[17]
Underfull \hbox (badness 10000) in paragraph at lines 48--48
[]|\T1/ptm/b/n/12 Responsabilité
 []


Underfull \hbox (badness 1221) in paragraph at lines 52--52
[]|\T1/ptm/m/n/12 Traiter les conver-sa-tions
 []


Underfull \hbox (badness 10000) in paragraph at lines 58--58
[]|\T1/ptm/m/n/12 Système de
 []


Underfull \hbox (badness 10000) in paragraph at lines 58--58
\T1/ptm/m/n/12 ges-tion de
 []


Underfull \hbox (badness 5519) in paragraph at lines 58--59
[]|\T1/ptm/m/n/12 Interface de pro-gram-ma-
 []


Underfull \hbox (badness 10000) in paragraph at lines 60--60
[]|\T1/ptm/m/n/12 Systèmes
 []


Underfull \hbox (badness 10000) in paragraph at lines 60--60
\T1/ptm/m/n/12 mé-tier de
 []


Underfull \hbox (badness 2707) in paragraph at lines 60--60
[]|\T1/ptm/m/n/12 Détenir les don-nées de
 []


Underfull \hbox (badness 3724) in paragraph at lines 60--61
[]|\T1/ptm/m/n/12 Interfaces de ser-vice in-
 []


Underfull \hbox (badness 1048) in paragraph at lines 62--62
[]|\T1/ptm/m/n/12 Acheminer les confir-ma-
 []

[18] [19] (figures/fig-carte-besoins.tex
LaTeX Font Info:    Font shape `T1/phv/m/it' in size <8> not available
(Font)              Font shape `T1/phv/m/sl' tried instead on input line 76.
) [20] [21] [22]
Underfull \hbox (badness 10000) in paragraph at lines 166--166
[]|\T1/ptm/m/n/12 Performance temps
 []


Underfull \hbox (badness 1077) in paragraph at lines 172--172
[]|\T1/ptm/m/n/12 Sécurité et confi-den-
 []


Underfull \hbox (badness 1082) in paragraph at lines 180--181
[]|\T1/ptm/m/n/12 État par conver-sa-tion et iso-la-tion des opé-ra-tions
 []

[23] (figures/fig-cu-general.tex) [24] (figures/fig-cu-doc.tex)
Underfull \hbox (badness 10000) in paragraph at lines 226--226
[]|\T1/ptm/b/n/12 Acteurs
 []


Underfull \hbox (badness 10000) in paragraph at lines 234--234
[]|\T1/ptm/b/n/12 Scénario
 []


Underfull \hbox (badness 2951) in paragraph at lines 243--243
[]|\T1/ptm/b/n/12 Alternative A :
 []


Underfull \hbox (badness 7759) in paragraph at lines 243--243
\T1/ptm/b/n/12 de-mande am-bi-
 []


Underfull \hbox (badness 3503) in paragraph at lines 245--245
[]|\T1/ptm/b/n/12 Alternative B :
 []


Underfull \hbox (badness 6808) in paragraph at lines 245--245
\T1/ptm/b/n/12 ab-sence de ré-
 []


Underfull \hbox (badness 2951) in paragraph at lines 247--247
[]|\T1/ptm/b/n/12 Alternative C :
 []

[25] [26] (figures/fig-seq-doc.tex) (figures/fig-cu-action.tex)
Underfull \hbox (badness 10000) in paragraph at lines 281--281
[]|\T1/ptm/b/n/12 Acteurs
 []


Underfull \hbox (badness 10000) in paragraph at lines 289--289
[]|\T1/ptm/b/n/12 Scénario
 []


Underfull \hbox (badness 2951) in paragraph at lines 300--300
[]|\T1/ptm/b/n/12 Alternative A :
 []


Underfull \hbox (badness 10000) in paragraph at lines 300--300
\T1/ptm/b/n/12 iden-tité non
 []


Underfull \hbox (badness 10000) in paragraph at lines 302--302
[]|\T1/ptm/b/n/12 Alternative
 []


Underfull \hbox (badness 10000) in paragraph at lines 302--302
\T1/ptm/b/n/12 B : opé-ra-tion
 []


Underfull \hbox (badness 2951) in paragraph at lines 304--304
[]|\T1/ptm/b/n/12 Alternative C :
 []


Underfull \hbox (badness 10000) in paragraph at lines 304--304
\T1/ptm/b/n/12 trans-mis-sion à
 []


Underfull \hbox (badness 2951) in paragraph at lines 306--306
[]|\T1/ptm/b/n/12 Alternative D :
 []

[27]
Overfull \vbox (196.2466pt too high) has occurred while \output is active []


[28] (figures/fig-seq-action.tex) (figures/fig-cu-escalade.tex)
Underfull \hbox (badness 10000) in paragraph at lines 340--340
[]|\T1/ptm/b/n/12 Acteurs
 []


Underfull \hbox (badness 10000) in paragraph at lines 348--348
[]|\T1/ptm/b/n/12 Scénario
 []


Underfull \hbox (badness 2951) in paragraph at lines 356--356
[]|\T1/ptm/b/n/12 Alternative A :
 []


Underfull \hbox (badness 3503) in paragraph at lines 358--358
[]|\T1/ptm/b/n/12 Alternative B :
 []


Underfull \hbox (badness 1755) in paragraph at lines 358--358
\T1/ptm/b/n/12 échec du trans-
 []


Underfull \hbox (badness 2951) in paragraph at lines 360--360
[]|\T1/ptm/b/n/12 Alternative C :
 []

[29]
Overfull \vbox (129.63383pt too high) has occurred while \output is active []


[30] (figures/fig-seq-escalade.tex)
Underfull \hbox (badness 1496) in paragraph at lines 371--371
[]\T1/ptm/b/sc/10.95 Figure 2.8 \T1/ptm/b/n/10.95 ^^U |\T1/ptm/b/sc/10.95 Dia-g
ramme de sé-quence sys-tème du cas Es-ca-la-der vers un 
 []

) (chapters/08-Chapitre3.tex [31] [32]
Chapitre 3.

Underfull \hbox (badness 10000) in paragraph at lines 4--4

 []

\openout4 = `main.mtc'.

\openout4 = `main.mtc'.

(C:\Users\Chouqib Saad\Desktop\rapport\rapport_folder\build\main.mtc7) [33

]
(figures/fig-archi-hexagonale.tex) [34] [35] (figures/fig-paquetages.tex)
[36] (figures/fig-composants.tex) [37] (figures/fig-classes-domaine.tex
LaTeX Font Info:    Trying to load font information for TS1+phv on input line 1
9.

(C:\Users\Chouqib Saad\AppData\Local\Programs\MiKTeX\tex/latex/psnfss\ts1phv.fd
File: ts1phv.fd 2020/03/25 scalable font definitions for TS1/phv.
)
Package microtype Info: Loading generic protrusion settings for font family
(microtype)             `phv' (encoding: TS1).
(microtype)             For optimal results, create family-specific settings.
(microtype)             See the microtype manual for details.
) [38] (figures/fig-classes-agents.tex) [39]
(figures/fig-classes-politique.tex) [40] (figures/fig-mcd.tex) [41] [42]
(figures/fig-seq-tour.tex) [43] (figures/fig-seq-sensible.tex) [44]
(figures/fig-act-ingestion.tex) [45] (figures/fig-act-recherche.tex)
(figures/fig-etats-conversation.tex) [46] (figures/fig-etats-ticket.tex)
[47] [48] (figures/fig-pipeline-agent.tex) [49]
Underfull \hbox (badness 6047) in paragraph at lines 249--249
[]|\T1/ptm/m/n/12 Solde, fac-ture, rè-gle-ment, re-port
 []


Underfull \hbox (badness 1924) in paragraph at lines 249--250
[]|\T1/ptm/m/n/12 Phrase de tran-si-tion dé-ter-mi-
 []


Underfull \hbox (badness 10000) in paragraph at lines 251--251
[]|\T1/ptm/m/n/12 Gestion de
 []

[50] (figures/fig-orchestration.tex)
Underfull \hbox (badness 2790) in paragraph at lines 291--291
[]|\T1/ptm/m/n/12 Montants dus, fac-tures ou-
 []


Underfull \hbox (badness 2285) in paragraph at lines 291--292
[]|\T1/ptm/m/n/12 Sur de-mande re-le-vant du do-
 []


Underfull \hbox (badness 10000) in paragraph at lines 293--293
[]|\T1/ptm/m/n/12 Historique des
 []


Underfull \hbox (badness 3209) in paragraph at lines 293--293
[]|\T1/ptm/m/n/12 Tickets et ré-cla-ma-tions en
 []


Underfull \hbox (badness 10000) in paragraph at lines 301--301
[]|\T1/ptm/m/n/12 Connaissance
 []


Underfull \hbox (badness 2762) in paragraph at lines 301--301
[]|\T1/ptm/m/n/12 Passages per-ti-nents et leur
 []


Underfull \hbox (badness 1983) in paragraph at lines 303--303
[]|\T1/ptm/m/n/12 Ensemble des ca-pa-ci-tés de
 []

[51] (figures/fig-contexte.tex
Underfull \hbox (badness 1048) in paragraph at lines 51--51
[][]\T1/phv/m/sl/6 (+20) Tout élé-ment placé dans le contexte 
 []

) [52] [53] [54]
Underfull \hbox (badness 10000) in paragraph at lines 387--387
[]|\T1/ptm/m/n/12 Phrase de tran-si-tion entre
 []


Underfull \hbox (badness 10000) in paragraph at lines 389--389
[]|\T1/ptm/m/n/12 Énoncés de la vé-ri-fi-ca-tion
 []


Underfull \hbox (badness 1314) in paragraph at lines 391--392
[]|\T1/ptm/m/n/12 Un ho-raire in-venté est pire que l'ab-sence de ren-
 []

[55] (figures/fig-securite.tex
LaTeX Font Info:    Font shape `T1/phv/b/it' in size <8> not available
(Font)              Font shape `T1/phv/b/sl' tried instead on input line 7.
) [56]
Underfull \hbox (badness 10000) in paragraph at lines 441--442
[]|\T1/ptm/b/n/12 Admini-
 []


Underfull \hbox (badness 10000) in paragraph at lines 451--451
[]|\T1/ptm/m/n/12 Conversations et trans-crip-
 []

[57] [58] [59]) (chapters/09-Chapitre4.tex [60]
Chapitre 4.

Underfull \hbox (badness 10000) in paragraph at lines 4--4

 []

\openout4 = `main.mtc'.

\openout4 = `main.mtc'.

(C:\Users\Chouqib Saad\Desktop\rapport\rapport_folder\build\main.mtc8 [61

])
[62]
Underfull \hbox (badness 10000) in paragraph at lines 45--45
[]|\T1/ptm/m/n/12 Index
 []


Underfull \hbox (badness 10000) in paragraph at lines 53--53
[]|\T1/ptm/m/n/12 TypeScript, React,
 []


Underfull \hbox (badness 1092) in paragraph at lines 55--56
[]|\T1/ptm/m/n/12 Collecte des mé-triques d'exé-cu-tion, in-ter-ro-
 []

[63] [64] [65] [66] (figures/fig-chaine-temps-reel.tex) [67] [68] [69] [70]
[71] [72]
Underfull \hbox (badness 5260) in paragraph at lines 320--320
[]|\T1/ptm/m/n/12 Comparaison des re-pré-sen-ta-
 []


Underfull \hbox (badness 3746) in paragraph at lines 324--325
[]|\T1/ptm/m/n/12 Ne sup-prime rien, mais ré-con-ci-
 []


Underfull \hbox (badness 10000) in paragraph at lines 326--326
[]|\T1/ptm/m/n/12 Évaluation
 []

[73] [74] (figures/fig-positionnement-fournisseurs.tex) [75]
Underfull \hbox (badness 10000) in paragraph at lines 406--406
[]|\T1/ptm/b/n/12 Sans
 []


Underfull \hbox (badness 10000) in paragraph at lines 406--406
[]|\T1/ptm/b/n/12 Avec
 []


Underfull \hbox (badness 2245) in paragraph at lines 414--415
[]|\T1/ptm/m/n/12 Reconstitution, dont
 []

[76] (figures/fig-budget-latence.tex) [77] [78] [79]
(figures/fig-concurrence.tex) [80] (figures/fig-deploiement.tex) [81] [82]
[83] (figures/fig-chronogramme.tex) [84] [85] [86] [87]
(figures/fig-verifications.tex) [88] [89]
Underfull \hbox (badness 10000) in paragraph at lines 657--657
[]|\T1/ptm/b/n/12 Meilleur
 []


Underfull \hbox (badness 1845) in paragraph at lines 661--661
[]|\T1/ptm/m/n/12 Activation de l'iti-né-rance, en
 []


Underfull \hbox (badness 1845) in paragraph at lines 663--663
[]|\T1/ptm/m/n/12 Activation de l'iti-né-rance, en
 []


Underfull \hbox (badness 2653) in paragraph at lines 663--663
[]|\T1/ptm/m/n/12 un do-cu-ment sans
 []


Underfull \hbox (badness 10000) in paragraph at lines 665--665
[]|\T1/ptm/m/n/12 trois do-cu-ments
 []

[90] [91] (figures/fig-rag-comparaison.tex)
Underfull \hbox (badness 1152) in paragraph at lines 703--703
[]|\T1/ptm/b/n/12 Temps par ques-
 []


Underfull \hbox (badness 10000) in paragraph at lines 705--705
[]|\T1/ptm/m/n/12 Évaluation conjointe de
 []


Underfull \hbox (badness 10000) in paragraph at lines 705--705
[]|\T1/ptm/m/n/12 environ 1,1
 []


Underfull \hbox (badness 7558) in paragraph at lines 705--706
[]|\T1/ptm/m/n/12 Écarté de la chaîne
 []


Underfull \hbox (badness 7963) in paragraph at lines 705--706
\T1/ptm/m/n/12 temps réel, conservé
 []


Underfull \hbox (badness 10000) in paragraph at lines 707--707
[]|\T1/ptm/m/n/12 environ 118
 []


Underfull \hbox (badness 10000) in paragraph at lines 709--709
[]|\T1/ptm/m/n/12 118 mil-lions
 []


Underfull \hbox (badness 10000) in paragraph at lines 709--709
[]|\T1/ptm/m/n/12 quelques
 []


Underfull \hbox (badness 10000) in paragraph at lines 711--711
[]|\T1/ptm/m/n/12 quelques
 []


Underfull \hbox (badness 2698) in paragraph at lines 711--712
[]|\T1/ptm/m/n/12 Retenu, filtre com-plé-
 []

[92] (figures/fig-volumetrie.tex)
Underfull \hbox (badness 6758) in paragraph at lines 735--735
[]|\T1/ptm/m/n/12 Fournisseur de trans-
 []


Underfull \hbox (badness 1789) in paragraph at lines 735--736
[]|\T1/ptm/m/n/12 Session pour-sui-vie, tran-si-tion
 []


Underfull \hbox (badness 10000) in paragraph at lines 737--738
[]|\T1/ptm/m/n/12 Session pour-sui-vie,
 []


Underfull \hbox (badness 10000) in paragraph at lines 737--738
\T1/ptm/m/n/12 al-lon-ge-ment du dé-lai de
 []


Underfull \hbox (badness 10000) in paragraph at lines 739--740
[]|\T1/ptm/m/n/12 Session pour-sui-vie,
 []


Underfull \hbox (badness 10000) in paragraph at lines 741--741
[]|\T1/ptm/m/n/12 Perte des en-re-gis-tre-ments,
 []


Underfull \hbox (badness 5077) in paragraph at lines 741--742
[]|\T1/ptm/m/n/12 Conversation pour-sui-vie nor-
 []


Underfull \hbox (badness 1642) in paragraph at lines 741--742
\T1/ptm/m/n/12 ma-le-ment, écri-tures si-gna-lées
 []


Underfull \hbox (badness 10000) in paragraph at lines 743--743
[]|\T1/ptm/m/n/12 Service do-cu-men-taire
 []


Underfull \hbox (badness 3407) in paragraph at lines 745--746
[]|\T1/ptm/m/n/12 Créneau pro-posé, ré-servé et
 []

[93] [94] [95] [96]) (chapters/10-ConclusionGenerale.tex [97]
Underfull \hbox (badness 10000) in paragraph at lines 4--4

 []

) [98

] (chapters/11-Bibliographie.tex [99]
Underfull \hbox (badness 10000) in paragraph at lines 5--5

 []

[100

] [101]
Underfull \hbox (badness 10000) in paragraph at lines 105--105

 []

[102

]
Package microtype Info: Loading generic protrusion settings for font family
(microtype)             `cmtt' (encoding: T1).
(microtype)             For optimal results, create family-specific settings.
(microtype)             See the microtype manual for details.
) (chapters/12-Annexes.tex [103]
Underfull \hbox (badness 10000) in paragraph at lines 5--5

 []


Underfull \hbox (badness 10000) in paragraph at lines 5--5
| \T1/ptm/b/n/26 An-nexe A : Fon-de-ments de la
 []

[104

] [105] [106]
Underfull \hbox (badness 10000) in paragraph at lines 62--62

 []

[107

] [108] [109]
Missing character: There is no é in font cmr8!
Missing character: There is no é in font cmr8!
Missing character: There is no é in font cmr8!
[110]
Underfull \hbox (badness 10000) in paragraph at lines 166--166

 []


Underfull \hbox (badness 1783) in paragraph at lines 166--166
| \T1/ptm/b/n/26 An-nexe C : No-tions re-la-tives aux
 []

[111

] [112]
Underfull \hbox (badness 10000) in paragraph at lines 205--205

 []


Underfull \hbox (badness 6808) in paragraph at lines 205--205
| \T1/ptm/b/n/26 An-nexe D : Mo-dèle dé-taillé de
 []

[113

] [114])
Package minitoc Info: I0009
(minitoc)             Listing minitoc auxiliary files. 
(minitoc)             Creating the main.maf file.
\openout4 = `main.maf'.

Package minitoc(hints) Info: I0053
(minitoc(hints))             You have loaded the float package; 
(minitoc(hints))             please be aware that the minitoc package 
(minitoc(hints))             facilities can not be used for new types 
(minitoc(hints))             of floats defined by the float package.
 [115]
(C:\Users\Chouqib Saad\Desktop\rapport\rapport_folder\build\main.aux)
 ***********
LaTeX2e <2025-11-01>
L3 programming layer <2025-12-24>
 ***********
Package rerunfilecheck Info: File `main.out' has not changed.
(rerunfilecheck)             Checksum: 9A66766D07B661D1E862B8479820AB12;42681.
 ) 
Here is how much of TeX's memory you used:
 42993 strings out of 467871
 851742 string characters out of 5414952
 1363414 words of memory out of 5000000
 70354 multiletter control sequences out of 15000+600000
 750401 words of font info for 221 fonts, out of 8000000 for 9000
 1141 hyphenation exceptions out of 8191
 103i,17n,111p,1937b,1112s stack positions out of 10000i,1000n,20000p,200000b,200000s
 <C:\Users\Chouqib Saad\AppData\Local\MiKTeX\fonts/pk/ljfour/jknappen/ec/dpi6
00\ectt1200.pk> <C:\Users\Chouqib Saad\AppData\Local\MiKTeX\fonts/pk/ljfour/jkn
appen/ec/dpi600\ecrm1095.pk> <C:\Users\Chouqib Saad\AppData\Local\MiKTeX\fonts/
pk/ljfour/jknappen/ec/dpi600\ecbx1095.pk> <C:\Users\Chouqib Saad\AppData\Local\
MiKTeX\fonts/pk/ljfour/jknappen/ec/dpi600\ecbx1440.pk><C:/Users/Chouqib Saad/Ap
pData/Local/Programs/MiKTeX/fonts/type1/public/amsfonts/cm/cmex10.pfb><C:/Users
/Chouqib Saad/AppData/Local/Programs/MiKTeX/fonts/type1/public/amsfonts/cm/cmmi
12.pfb><C:/Users/Chouqib Saad/AppData/Local/Programs/MiKTeX/fonts/type1/public/
amsfonts/cm/cmmi8.pfb><C:/Users/Chouqib Saad/AppData/Local/Programs/MiKTeX/font
s/type1/public/amsfonts/cm/cmr12.pfb><C:/Users/Chouqib Saad/AppData/Local/Progr
ams/MiKTeX/fonts/type1/public/amsfonts/cm/cmr8.pfb><C:/Users/Chouqib Saad/AppDa
ta/Local/Programs/MiKTeX/fonts/type1/public/amsfonts/cm/cmsy10.pfb><C:/Users/Ch
ouqib Saad/AppData/Local/Programs/MiKTeX/fonts/type1/public/amsfonts/cm/cmsy6.p
fb><C:/Users/Chouqib Saad/AppData/Local/Programs/MiKTeX/fonts/type1/public/amsf
onts/cm/cmsy8.pfb><C:/Users/Chouqib Saad/AppData/Local/Programs/MiKTeX/fonts/ty
pe1/urw/helvetic/uhvb8a.pfb><C:/Users/Chouqib Saad/AppData/Local/Programs/MiKTe
X/fonts/type1/urw/helvetic/uhvbo8a.pfb><C:/Users/Chouqib Saad/AppData/Local/Pro
grams/MiKTeX/fonts/type1/urw/helvetic/uhvr8a.pfb><C:/Users/Chouqib Saad/AppData
/Local/Programs/MiKTeX/fonts/type1/urw/helvetic/uhvro8a.pfb><C:/Users/Chouqib S
aad/AppData/Local/Programs/MiKTeX/fonts/type1/urw/times/utmb8a.pfb><C:/Users/Ch
ouqib Saad/AppData/Local/Programs/MiKTeX/fonts/type1/urw/times/utmbi8a.pfb><C:/
Users/Chouqib Saad/AppData/Local/Programs/MiKTeX/fonts/type1/urw/times/utmr8a.p
fb><C:/Users/Chouqib Saad/AppData/Local/Programs/MiKTeX/fonts/type1/urw/times/u
tmri8a.pfb>
Output written on "C:\Users\Chouqib Saad\Desktop\rapport\rapport_folder\build\m
ain.pdf" (132 pages, 1040712 bytes).
PDF statistics:
 2396 PDF objects out of 2487 (max. 8388607)
 483 named destinations out of 1000 (max. 500000)
 82536 words of extra memory for PDF output out of 89155 (max. 10000000)

