pdflatex: security risk: running with elevated privileges
This is pdfTeX, Version 3.141592653-2.6-1.40.28 (MiKTeX 25.12) (preloaded format=pdflatex.fmt)
 restricted \write18 enabled.
entering extended mode
(main.tex
LaTeX2e <2025-11-01>
L3 programming layer <2025-12-24>
(pfe-report.cls
Document Class: pfe-report 2025/08/08 Classe rapport PFE ISSAT Sousse

(C:\Users\Chouqib Saad\AppData\Local\Programs\MiKTeX\tex/latex/silence\silence.
sty)
(C:\Users\Chouqib Saad\AppData\Local\Programs\MiKTeX\tex/latex/base\report.cls
Document Class: report 2025/01/22 v1.4n Standard LaTeX document class
(C:\Users\Chouqib Saad\AppData\Local\Programs\MiKTeX\tex/latex/base\size12.clo)
)
(C:\Users\Chouqib Saad\AppData\Local\Programs\MiKTeX\tex/latex/base\fontenc.sty
)
(C:\Users\Chouqib Saad\AppData\Local\Programs\MiKTeX\tex/latex/base\inputenc.st
y)
(C:\Users\Chouqib Saad\AppData\Local\Programs\MiKTeX\tex/generic/babel\babel.st
y
(C:\Users\Chouqib Saad\AppData\Local\Programs\MiKTeX\tex/generic/babel\txtbabel
.def)
*************************************
* Local config file bblopts.cfg used
*

(C:\Users\Chouqib Saad\AppData\Local\Programs\MiKTeX\tex/latex/arabi\bblopts.cf
g)
(C:\Users\Chouqib Saad\AppData\Local\Programs\MiKTeX\tex/generic/babel/locale/f
r\babel-french.tex)
(C:\Users\Chouqib Saad\AppData\Local\Programs\MiKTeX\tex/generic/babel-french\f
rench.ldf
(C:\Users\Chouqib Saad\AppData\Local\Programs\MiKTeX\tex/generic/babel-french\f
rench3.ldf)))
(C:\Users\Chouqib Saad\AppData\Local\Programs\MiKTeX\tex/latex/carlisle\scalefn
t.sty)
(C:\Users\Chouqib Saad\AppData\Local\Programs\MiKTeX\tex/latex/geometry\geometr
y.sty
(C:\Users\Chouqib Saad\AppData\Local\Programs\MiKTeX\tex/latex/graphics\keyval.
sty)
(C:\Users\Chouqib Saad\AppData\Local\Programs\MiKTeX\tex/generic/iftex\ifvtex.s
ty
(C:\Users\Chouqib Saad\AppData\Local\Programs\MiKTeX\tex/generic/iftex\iftex.st
y))
(C:\Users\Chouqib Saad\AppData\Local\Programs\MiKTeX\tex/latex/geometry\geometr
y.cfg))
(C:\Users\Chouqib Saad\AppData\Local\Programs\MiKTeX\tex/latex/setspace\setspac
e.sty)
(C:\Users\Chouqib Saad\AppData\Local\Programs\MiKTeX\tex/latex/nowidow\nowidow.
sty
(C:\Users\Chouqib Saad\AppData\Local\Programs\MiKTeX\tex/latex/kvoptions\kvopti
ons.sty
(C:\Users\Chouqib Saad\AppData\Local\Programs\MiKTeX\tex/generic/ltxcmds\ltxcmd
s.sty)
(C:\Users\Chouqib Saad\AppData\Local\Programs\MiKTeX\tex/latex/kvsetkeys\kvsetk
eys.sty)))
(C:\Users\Chouqib Saad\AppData\Local\Programs\MiKTeX\tex/latex/footmisc\footmis
c.sty)
(C:\Users\Chouqib Saad\AppData\Local\Programs\MiKTeX\tex/latex/microtype\microt
ype.sty
(C:\Users\Chouqib Saad\AppData\Local\Programs\MiKTeX\tex/latex/etoolbox\etoolbo
x.sty)
(C:\Users\Chouqib Saad\AppData\Local\Programs\MiKTeX\tex/latex/microtype\microt
ype-pdftex.def)
(C:\Users\Chouqib Saad\AppData\Local\Programs\MiKTeX\tex/latex/microtype\microt
ype.cfg))
(C:\Users\Chouqib Saad\AppData\Local\Programs\MiKTeX\tex/latex/xcolor\xcolor.st
y
(C:\Users\Chouqib Saad\AppData\Local\Programs\MiKTeX\tex/latex/graphics-cfg\col
or.cfg)
(C:\Users\Chouqib Saad\AppData\Local\Programs\MiKTeX\tex/latex/graphics-def\pdf
tex.def)
(C:\Users\Chouqib Saad\AppData\Local\Programs\MiKTeX\tex/latex/graphics\mathcol
or.ltx))
(C:\Users\Chouqib Saad\AppData\Local\Programs\MiKTeX\tex/latex/colortbl\colortb
l.sty
(C:\Users\Chouqib Saad\AppData\Local\Programs\MiKTeX\tex/latex/tools\array.sty)
)
(C:\Users\Chouqib Saad\AppData\Local\Programs\MiKTeX\tex/latex/graphics\graphic
x.sty
(C:\Users\Chouqib Saad\AppData\Local\Programs\MiKTeX\tex/latex/graphics\graphic
s.sty
(C:\Users\Chouqib Saad\AppData\Local\Programs\MiKTeX\tex/latex/graphics\trig.st
y)
(C:\Users\Chouqib Saad\AppData\Local\Programs\MiKTeX\tex/latex/graphics-cfg\gra
phics.cfg)))
(C:\Users\Chouqib Saad\AppData\Local\Programs\MiKTeX\tex/latex/caption\caption.
sty
(C:\Users\Chouqib Saad\AppData\Local\Programs\MiKTeX\tex/latex/caption\caption3
.sty))
(C:\Users\Chouqib Saad\AppData\Local\Programs\MiKTeX\tex/latex/caption\subcapti
on.sty)
(C:\Users\Chouqib Saad\AppData\Local\Programs\MiKTeX\tex/latex/wrapfig\wrapfig.
sty)
(C:\Users\Chouqib Saad\AppData\Local\Programs\MiKTeX\tex/latex/adjustbox\adjust
box.sty
(C:\Users\Chouqib Saad\AppData\Local\Programs\MiKTeX\tex/latex/xkeyval\xkeyval.
sty
(C:\Users\Chouqib Saad\AppData\Local\Programs\MiKTeX\tex/generic/xkeyval\xkeyva
l.tex
(C:\Users\Chouqib Saad\AppData\Local\Programs\MiKTeX\tex/generic/xkeyval\xkvuti
ls.tex)))
(C:\Users\Chouqib Saad\AppData\Local\Programs\MiKTeX\tex/latex/adjustbox\adjcal
c.sty)
(C:\Users\Chouqib Saad\AppData\Local\Programs\MiKTeX\tex/latex/adjustbox\trimcl
ip.sty
(C:\Users\Chouqib Saad\AppData\Local\Programs\MiKTeX\tex/latex/collectbox\colle
ctbox.sty)
(C:\Users\Chouqib Saad\AppData\Local\Programs\MiKTeX\tex/latex/adjustbox\tc-pdf
tex.def))
(C:\Users\Chouqib Saad\AppData\Local\Programs\MiKTeX\tex/latex/ifoddpage\ifoddp
age.sty)
(C:\Users\Chouqib Saad\AppData\Local\Programs\MiKTeX\tex/latex/varwidth\varwidt
h.sty)
==> First Aid for varwidth.sty applied!
)
(C:\Users\Chouqib Saad\AppData\Local\Programs\MiKTeX\tex/latex/float\float.sty)

(C:\Users\Chouqib Saad\AppData\Local\Programs\MiKTeX\tex/latex/tools\tabularx.s
ty)
(C:\Users\Chouqib Saad\AppData\Local\Programs\MiKTeX\tex/latex/multirow\multiro
w.sty)
(C:\Users\Chouqib Saad\AppData\Local\Programs\MiKTeX\tex/latex/ragged2e\ragged2
e.sty)
(C:\Users\Chouqib Saad\AppData\Local\Programs\MiKTeX\tex/latex/pgf/frontendlaye
r\tikz.sty
(C:\Users\Chouqib Saad\AppData\Local\Programs\MiKTeX\tex/latex/pgf/basiclayer\p
gf.sty
(C:\Users\Chouqib Saad\AppData\Local\Programs\MiKTeX\tex/latex/pgf/utilities\pg
frcs.sty
(C:\Users\Chouqib Saad\AppData\Local\Programs\MiKTeX\tex/generic/pgf/utilities\
pgfutil-common.tex)
(C:\Users\Chouqib Saad\AppData\Local\Programs\MiKTeX\tex/generic/pgf/utilities\
pgfutil-latex.def)
(C:\Users\Chouqib Saad\AppData\Local\Programs\MiKTeX\tex/generic/pgf/utilities\
pgfrcs.code.tex
(C:\Users\Chouqib Saad\AppData\Local\Programs\MiKTeX\tex/generic/pgf\pgf.revisi
on.tex)))
(C:\Users\Chouqib Saad\AppData\Local\Programs\MiKTeX\tex/latex/pgf/basiclayer\p
gfcore.sty
(C:\Users\Chouqib Saad\AppData\Local\Programs\MiKTeX\tex/latex/pgf/systemlayer\
pgfsys.sty
(C:\Users\Chouqib Saad\AppData\Local\Programs\MiKTeX\tex/generic/pgf/systemlaye
r\pgfsys.code.tex
(C:\Users\Chouqib Saad\AppData\Local\Programs\MiKTeX\tex/generic/pgf/utilities\
pgfkeys.code.tex
(C:\Users\Chouqib Saad\AppData\Local\Programs\MiKTeX\tex/generic/pgf/utilities\
pgfkeyslibraryfiltered.code.tex))
(C:\Users\Chouqib Saad\AppData\Local\Programs\MiKTeX\tex/generic/pgf/systemlaye
r\pgf.cfg)
(C:\Users\Chouqib Saad\AppData\Local\Programs\MiKTeX\tex/generic/pgf/systemlaye
r\pgfsys-pdftex.def
(C:\Users\Chouqib Saad\AppData\Local\Programs\MiKTeX\tex/generic/pgf/systemlaye
r\pgfsys-common-pdf.def)))
(C:\Users\Chouqib Saad\AppData\Local\Programs\MiKTeX\tex/generic/pgf/systemlaye
r\pgfsyssoftpath.code.tex)
(C:\Users\Chouqib Saad\AppData\Local\Programs\MiKTeX\tex/generic/pgf/systemlaye
r\pgfsysprotocol.code.tex))
(C:\Users\Chouqib Saad\AppData\Local\Programs\MiKTeX\tex/generic/pgf/basiclayer
\pgfcore.code.tex
(C:\Users\Chouqib Saad\AppData\Local\Programs\MiKTeX\tex/generic/pgf/math\pgfma
th.code.tex
(C:\Users\Chouqib Saad\AppData\Local\Programs\MiKTeX\tex/generic/pgf/math\pgfma
thutil.code.tex)
(C:\Users\Chouqib Saad\AppData\Local\Programs\MiKTeX\tex/generic/pgf/math\pgfma
thparser.code.tex)
(C:\Users\Chouqib Saad\AppData\Local\Programs\MiKTeX\tex/generic/pgf/math\pgfma
thfunctions.code.tex)
(C:\Users\Chouqib Saad\AppData\Local\Programs\MiKTeX\tex/generic/pgf/math\pgfma
thfunctions.basic.code.tex)
(C:\Users\Chouqib Saad\AppData\Local\Programs\MiKTeX\tex/generic/pgf/math\pgfma
thfunctions.trigonometric.code.tex)
(C:\Users\Chouqib Saad\AppData\Local\Programs\MiKTeX\tex/generic/pgf/math\pgfma
thfunctions.random.code.tex)
(C:\Users\Chouqib Saad\AppData\Local\Programs\MiKTeX\tex/generic/pgf/math\pgfma
thfunctions.comparison.code.tex)
(C:\Users\Chouqib Saad\AppData\Local\Programs\MiKTeX\tex/generic/pgf/math\pgfma
thfunctions.base.code.tex)
(C:\Users\Chouqib Saad\AppData\Local\Programs\MiKTeX\tex/generic/pgf/math\pgfma
thfunctions.round.code.tex)
(C:\Users\Chouqib Saad\AppData\Local\Programs\MiKTeX\tex/generic/pgf/math\pgfma
thfunctions.misc.code.tex)
(C:\Users\Chouqib Saad\AppData\Local\Programs\MiKTeX\tex/generic/pgf/math\pgfma
thfunctions.integerarithmetics.code.tex)
(C:\Users\Chouqib Saad\AppData\Local\Programs\MiKTeX\tex/generic/pgf/math\pgfma
thcalc.code.tex)
(C:\Users\Chouqib Saad\AppData\Local\Programs\MiKTeX\tex/generic/pgf/math\pgfma
thfloat.code.tex))
(C:\Users\Chouqib Saad\AppData\Local\Programs\MiKTeX\tex/generic/pgf/math\pgfin
t.code.tex)
(C:\Users\Chouqib Saad\AppData\Local\Programs\MiKTeX\tex/generic/pgf/basiclayer
\pgfcorepoints.code.tex)
(C:\Users\Chouqib Saad\AppData\Local\Programs\MiKTeX\tex/generic/pgf/basiclayer
\pgfcorepathconstruct.code.tex)
(C:\Users\Chouqib Saad\AppData\Local\Programs\MiKTeX\tex/generic/pgf/basiclayer
\pgfcorepathusage.code.tex)
(C:\Users\Chouqib Saad\AppData\Local\Programs\MiKTeX\tex/generic/pgf/basiclayer
\pgfcorescopes.code.tex)
(C:\Users\Chouqib Saad\AppData\Local\Programs\MiKTeX\tex/generic/pgf/basiclayer
\pgfcoregraphicstate.code.tex)
(C:\Users\Chouqib Saad\AppData\Local\Programs\MiKTeX\tex/generic/pgf/basiclayer
\pgfcoretransformations.code.tex)
(C:\Users\Chouqib Saad\AppData\Local\Programs\MiKTeX\tex/generic/pgf/basiclayer
\pgfcorequick.code.tex)
(C:\Users\Chouqib Saad\AppData\Local\Programs\MiKTeX\tex/generic/pgf/basiclayer
\pgfcoreobjects.code.tex)
(C:\Users\Chouqib Saad\AppData\Local\Programs\MiKTeX\tex/generic/pgf/basiclayer
\pgfcorepathprocessing.code.tex)
(C:\Users\Chouqib Saad\AppData\Local\Programs\MiKTeX\tex/generic/pgf/basiclayer
\pgfcorearrows.code.tex)
(C:\Users\Chouqib Saad\AppData\Local\Programs\MiKTeX\tex/generic/pgf/basiclayer
\pgfcoreshade.code.tex)
(C:\Users\Chouqib Saad\AppData\Local\Programs\MiKTeX\tex/generic/pgf/basiclayer
\pgfcoreimage.code.tex)
(C:\Users\Chouqib Saad\AppData\Local\Programs\MiKTeX\tex/generic/pgf/basiclayer
\pgfcoreexternal.code.tex)
(C:\Users\Chouqib Saad\AppData\Local\Programs\MiKTeX\tex/generic/pgf/basiclayer
\pgfcorelayers.code.tex)
(C:\Users\Chouqib Saad\AppData\Local\Programs\MiKTeX\tex/generic/pgf/basiclayer
\pgfcoretransparency.code.tex)
(C:\Users\Chouqib Saad\AppData\Local\Programs\MiKTeX\tex/generic/pgf/basiclayer
\pgfcorepatterns.code.tex)
(C:\Users\Chouqib Saad\AppData\Local\Programs\MiKTeX\tex/generic/pgf/basiclayer
\pgfcorerdf.code.tex)))
(C:\Users\Chouqib Saad\AppData\Local\Programs\MiKTeX\tex/generic/pgf/modules\pg
fmoduleshapes.code.tex)
(C:\Users\Chouqib Saad\AppData\Local\Programs\MiKTeX\tex/generic/pgf/modules\pg
fmoduleplot.code.tex)
(C:\Users\Chouqib Saad\AppData\Local\Programs\MiKTeX\tex/latex/pgf/compatibilit
y\pgfcomp-version-0-65.sty)
(C:\Users\Chouqib Saad\AppData\Local\Programs\MiKTeX\tex/latex/pgf/compatibilit
y\pgfcomp-version-1-18.sty))
(C:\Users\Chouqib Saad\AppData\Local\Programs\MiKTeX\tex/latex/pgf/utilities\pg
ffor.sty
(C:\Users\Chouqib Saad\AppData\Local\Programs\MiKTeX\tex/latex/pgf/utilities\pg
fkeys.sty
(C:\Users\Chouqib Saad\AppData\Local\Programs\MiKTeX\tex/generic/pgf/utilities\
pgfkeys.code.tex))
(C:\Users\Chouqib Saad\AppData\Local\Programs\MiKTeX\tex/latex/pgf/math\pgfmath
.sty
(C:\Users\Chouqib Saad\AppData\Local\Programs\MiKTeX\tex/generic/pgf/math\pgfma
th.code.tex))
(C:\Users\Chouqib Saad\AppData\Local\Programs\MiKTeX\tex/generic/pgf/utilities\
pgffor.code.tex))
(C:\Users\Chouqib Saad\AppData\Local\Programs\MiKTeX\tex/generic/pgf/frontendla
yer/tikz\tikz.code.tex
(C:\Users\Chouqib Saad\AppData\Local\Programs\MiKTeX\tex/generic/pgf/libraries\
pgflibraryplothandlers.code.tex)
(C:\Users\Chouqib Saad\AppData\Local\Programs\MiKTeX\tex/generic/pgf/modules\pg
fmodulematrix.code.tex)
(C:\Users\Chouqib Saad\AppData\Local\Programs\MiKTeX\tex/generic/pgf/frontendla
yer/tikz/libraries\tikzlibrarytopaths.code.tex)))
(C:\Users\Chouqib Saad\AppData\Local\Programs\MiKTeX\tex/latex/ctable\ctable.st
y
(C:\Users\Chouqib Saad\AppData\Local\Programs\MiKTeX\tex/generic/iftex\ifpdf.st
y)
(C:\Users\Chouqib Saad\AppData\Local\Programs\MiKTeX\tex/latex/booktabs\booktab
s.sty)
(C:\Users\Chouqib Saad\AppData\Local\Programs\MiKTeX\tex/latex/graphics\rotatin
g.sty
(C:\Users\Chouqib Saad\AppData\Local\Programs\MiKTeX\tex/latex/base\ifthen.sty)
))
(C:\Users\Chouqib Saad\AppData\Local\Programs\MiKTeX\tex/latex/titlesec\titlese
c.sty)
(C:\Users\Chouqib Saad\AppData\Local\Programs\MiKTeX\tex/latex/fancyhdr\fancyhd
r.sty)
(C:\Users\Chouqib Saad\AppData\Local\Programs\MiKTeX\tex/latex/hyperref\hyperre
f.sty
(C:\Users\Chouqib Saad\AppData\Local\Programs\MiKTeX\tex/generic/kvdefinekeys\k
vdefinekeys.sty)
(C:\Users\Chouqib Saad\AppData\Local\Programs\MiKTeX\tex/generic/pdfescape\pdfe
scape.sty
(C:\Users\Chouqib Saad\AppData\Local\Programs\MiKTeX\tex/generic/pdftexcmds\pdf
texcmds.sty
(C:\Users\Chouqib Saad\AppData\Local\Programs\MiKTeX\tex/generic/infwarerr\infw
arerr.sty)))
(C:\Users\Chouqib Saad\AppData\Local\Programs\MiKTeX\tex/latex/hycolor\hycolor.
sty)
(C:\Users\Chouqib Saad\AppData\Local\Programs\MiKTeX\tex/latex/hyperref\nameref
.sty
(C:\Users\Chouqib Saad\AppData\Local\Programs\MiKTeX\tex/latex/refcount\refcoun
t.sty)
(C:\Users\Chouqib Saad\AppData\Local\Programs\MiKTeX\tex/generic/gettitlestring
\gettitlestring.sty))
(C:\Users\Chouqib Saad\AppData\Local\Programs\MiKTeX\tex/generic/stringenc\stri
ngenc.sty)
(C:\Users\Chouqib Saad\AppData\Local\Programs\MiKTeX\tex/latex/hyperref\pd1enc.
def)
(C:\Users\Chouqib Saad\AppData\Local\Programs\MiKTeX\tex/generic/intcalc\intcal
c.sty)
(C:\Users\Chouqib Saad\AppData\Local\Programs\MiKTeX\tex/latex/hyperref\puenc.d
ef) (C:\Users\Chouqib Saad\AppData\Local\Programs\MiKTeX\tex/latex/url\url.sty)

(C:\Users\Chouqib Saad\AppData\Local\Programs\MiKTeX\tex/generic/bitset\bitset.
sty
(C:\Users\Chouqib Saad\AppData\Local\Programs\MiKTeX\tex/generic/bigintcalc\big
intcalc.sty)))
(C:\Users\Chouqib Saad\AppData\Local\Programs\MiKTeX\tex/latex/hyperref\hpdftex
.def
(C:\Users\Chouqib Saad\AppData\Local\Programs\MiKTeX\tex/latex/rerunfilecheck\r
erunfilecheck.sty
(C:\Users\Chouqib Saad\AppData\Local\Programs\MiKTeX\tex/generic/uniquecounter\
uniquecounter.sty)))
(C:\Users\Chouqib Saad\AppData\Local\Programs\MiKTeX\tex/latex/tools\varioref.s
ty)
(C:\Users\Chouqib Saad\AppData\Local\Programs\MiKTeX\tex/latex/pdfpages\pdfpage
s.sty
(C:\Users\Chouqib Saad\AppData\Local\Programs\MiKTeX\tex/latex/tools\calc.sty)
(C:\Users\Chouqib Saad\AppData\Local\Programs\MiKTeX\tex/latex/eso-pic\eso-pic.
sty)
(C:\Users\Chouqib Saad\AppData\Local\Programs\MiKTeX\tex/latex/pdfpages\pppdfte
x.def))
(C:\Users\Chouqib Saad\AppData\Local\Programs\MiKTeX\tex/latex/enumitem\enumite
m.sty)
(C:\Users\Chouqib Saad\AppData\Local\Programs\MiKTeX\tex/latex/minitoc\minitoc.
sty
(C:\Users\Chouqib Saad\AppData\Local\Programs\MiKTeX\tex/latex/minitoc\mtcmess.
sty) (C:\Users\Chouqib Saad\Desktop\rapport\rapport_folder\build\main.mtc0)
(C:\Users\Chouqib Saad\AppData\Local\Programs\MiKTeX\tex/latex/minitoc\english.
mld)
(C:\Users\Chouqib Saad\AppData\Local\Programs\MiKTeX\tex/latex/minitoc\english.
mld)
(C:\Users\Chouqib Saad\AppData\Local\Programs\MiKTeX\tex/latex/minitoc\french.m
ld))
(C:\Users\Chouqib Saad\AppData\Local\Programs\MiKTeX\tex/latex/acronym\acronym.
sty
(C:\Users\Chouqib Saad\AppData\Local\Programs\MiKTeX\tex/latex/bigfoot\suffix.s
ty)
(C:\Users\Chouqib Saad\AppData\Local\Programs\MiKTeX\tex/latex/xstring\xstring.
sty
(C:\Users\Chouqib Saad\AppData\Local\Programs\MiKTeX\tex/generic/xstring\xstrin
g.tex)))
(C:\Users\Chouqib Saad\AppData\Local\Programs\MiKTeX\tex/latex/environ\environ.
sty
(C:\Users\Chouqib Saad\AppData\Local\Programs\MiKTeX\tex/latex/trimspaces\trims
paces.sty))
(C:\Users\Chouqib Saad\AppData\Local\Programs\MiKTeX\tex/latex/verse\verse.sty)

(C:\Users\Chouqib Saad\AppData\Local\Programs\MiKTeX\tex/latex/needspace\needsp
ace.sty)
(C:\Users\Chouqib Saad\AppData\Local\Programs\MiKTeX\tex/latex/chngcntr\chngcnt
r.sty)
(C:\Users\Chouqib Saad\AppData\Local\Programs\MiKTeX\tex/latex/tcolorbox\tcolor
box.sty
(C:\Users\Chouqib Saad\AppData\Local\Programs\MiKTeX\tex/latex/tools\verbatim.s
ty)
(C:\Users\Chouqib Saad\AppData\Local\Programs\MiKTeX\tex/latex/tcolorbox\tcbski
ns.code.tex
Library (tcolorbox): 'tcbskins.code.tex' version '6.9.0'

(C:\Users\Chouqib Saad\AppData\Local\Programs\MiKTeX\tex/latex/tikzfill\tikzfil
l.image.sty
(C:\Users\Chouqib Saad\AppData\Local\Programs\MiKTeX\tex/latex/tikzfill\tikzfil
l-common.sty)
(C:\Users\Chouqib Saad\AppData\Local\Programs\MiKTeX\tex/latex/tikzfill\tikzlib
raryfill.image.code.tex))
(C:\Users\Chouqib Saad\AppData\Local\Programs\MiKTeX\tex/latex/tcolorbox\tcbski
nsjigsaw.code.tex
Library (tcolorbox): 'tcbskinsjigsaw.code.tex' version '6.9.0'
)))
(C:\Users\Chouqib Saad\AppData\Local\Programs\MiKTeX\tex/latex/seqsplit\seqspli
t.sty)
(C:\Users\Chouqib Saad\AppData\Local\Programs\MiKTeX\tex/latex/appendix\appendi
x.sty)) (Commands.tex)
(C:\Users\Chouqib Saad\AppData\Local\Programs\MiKTeX\tex/latex/amsmath\amsmath.
sty
For additional information on amsmath, use the `?' option.

(C:\Users\Chouqib Saad\AppData\Local\Programs\MiKTeX\tex/latex/amsmath\amstext.
sty
(C:\Users\Chouqib Saad\AppData\Local\Programs\MiKTeX\tex/latex/amsmath\amsgen.s
ty))
(C:\Users\Chouqib Saad\AppData\Local\Programs\MiKTeX\tex/latex/amsmath\amsbsy.s
ty)
(C:\Users\Chouqib Saad\AppData\Local\Programs\MiKTeX\tex/latex/amsmath\amsopn.s
ty))
(C:\Users\Chouqib Saad\AppData\Local\Programs\MiKTeX\tex/latex/psnfss\t1ptm.fd)

(C:\Users\Chouqib Saad\AppData\Local\Programs\MiKTeX\tex/latex/l3backend\l3back
end-pdftex.def)
(C:\Users\Chouqib Saad\Desktop\rapport\rapport_folder\build\main.aux)
*geometry* driver: auto-detecting
*geometry* detected driver: pdftex

(C:\Users\Chouqib Saad\AppData\Local\Programs\MiKTeX\tex/latex/microtype\mt-ptm
.cfg)
(C:\Users\Chouqib Saad\AppData\Local\Programs\MiKTeX\tex/context/base/mkii\supp
-pdf.mkii
[Loading MPS to PDF converter (version 2006.09.02).]
)
(C:\Users\Chouqib Saad\AppData\Local\Programs\MiKTeX\tex/latex/epstopdf-pkg\eps
topdf-base.sty
(C:\Users\Chouqib Saad\AppData\Local\Programs\MiKTeX\tex/latex/grfext\grfext.st
y)
(C:\Users\Chouqib Saad\AppData\Local\Programs\MiKTeX\tex/latex/00miktex\epstopd
f-sys.cfg))
(C:\Users\Chouqib Saad\Desktop\rapport\rapport_folder\build\main.out)
(C:\Users\Chouqib Saad\Desktop\rapport\rapport_folder\build\main.out)
(C:\Users\Chouqib Saad\AppData\Local\Programs\MiKTeX\tex/latex/pdflscape\pdflsc
ape.sty
(C:\Users\Chouqib Saad\AppData\Local\Programs\MiKTeX\tex/latex/pdflscape\pdflsc
ape-nometadata.sty
(C:\Users\Chouqib Saad\AppData\Local\Programs\MiKTeX\tex/latex/graphics\lscape.
sty)))

pdfTeX warning: pdflatex.exe (file ./chapters/00-PageDeGarde.pdf): PDF inclusio
n: found PDF version <1.7>, but at most version <1.5> allowed


pdfTeX warning: pdflatex.exe (file ./chapters/00-PageDeGarde.pdf): PDF inclusio
n: found PDF version <1.7>, but at most version <1.5> allowed


pdfTeX warning: pdflatex.exe (file ./chapters/00-PageDeGarde.pdf): PDF inclusio
n: found PDF version <1.7>, but at most version <1.5> allowed
[1 <./chapters/00-PageDeGarde.pdf>] (chapters/01-Dedicace.tex
(C:\Users\Chouqib Saad\AppData\Local\Programs\MiKTeX\tex/latex/microtype\mt-cmr
.cfg)
Underfull \hbox (badness 10000) in paragraph at lines 4--4

) [1{C:/Users/Chouqib Saad/AppData/Local/MiKTeX/fonts/map/pdftex/pdftex.map}{C:
/Users/Chouqib Saad/AppData/Local/Programs/MiKTeX/fonts/enc/dvips/base/8r.enc}]
 (chapters/02-Remerciements.tex
Underfull \hbox (badness 10000) in paragraph at lines 4--4

) [2] (chapters/03-Resume.tex
Underfull \hbox (badness 10000) in paragraph at lines 4--4

[3] [4]
Underfull \hbox (badness 10000) in paragraph at lines 20--20

) [5]
Underfull \hbox (badness 10000) in paragraph at lines 71--71

(C:\Users\Chouqib Saad\Desktop\rapport\rapport_folder\build\main.toc) [6]
Underfull \hbox (badness 10000) in paragraph at lines 80--80

(C:\Users\Chouqib Saad\Desktop\rapport\rapport_folder\build\main.lof [7])
[8]
Underfull \hbox (badness 10000) in paragraph at lines 92--92

(C:\Users\Chouqib Saad\Desktop\rapport\rapport_folder\build\main.lot [9])
[10] (chapters/04-ListeDesAbreviations.tex
Underfull \hbox (badness 10000) in paragraph at lines 4--4

[11] [12]) [13] (chapters/05-IntroductionGenerale.tex
Underfull \hbox (badness 10000) in paragraph at lines 4--4

[14]) [15] (chapters/06-Chapitre1.tex
Chapitre 1.

Underfull \hbox (badness 10000) in paragraph at lines 4--4


pdfTeX warning (ext4): destination with the same identifier (name{page.1}) has 
been already used, duplicate ignored
<to be read again> 
                   \relax 
l.10 \newpage
              [1] [2] [3] [4] [5] [6] [7] [8]
Underfull \hbox (badness 2707) in paragraph at lines 121--122
[]|\T1/ptm/m/n/12 Serveur vo-cal in-

Underfull \hbox (badness 2903) in paragraph at lines 121--122
\T1/ptm/m/n/12 ter-ac-tif et scripts

Underfull \hbox (badness 2799) in paragraph at lines 127--128
[]|\T1/ptm/m/n/12 Service géré : la chaîne de

Underfull \hbox (badness 2368) in paragraph at lines 127--128
\T1/ptm/m/n/12 rai-son-ne-ment n'est pas ex-po-

Underfull \hbox (badness 1721) in paragraph at lines 127--128
\T1/ptm/m/n/12 sée. Dé-com-po-si-tion agen-tique

Underfull \hbox (badness 1097) in paragraph at lines 127--128
\T1/ptm/m/n/12 et stra-té-gie do-cu-men-taire non

Underfull \hbox (badness 1163) in paragraph at lines 130--131
[]|\T1/ptm/m/n/12 Couverture mul-ti-ca-nale. Ca-pa-

Underfull \hbox (badness 1975) in paragraph at lines 130--131
\T1/ptm/m/n/12 par-ta-gée. Concep-tion en low-

Underfull \hbox (badness 10000) in paragraph at lines 131--132
[]|\T1/ptm/m/n/12 Personnalisation bor-née par

Underfull \hbox (badness 1365) in paragraph at lines 131--132
\T1/ptm/m/n/12 po-li-tiques mé-tier dif-fi-ci-le-ment

Underfull \hbox (badness 1496) in paragraph at lines 134--135
\T1/ptm/m/n/12 Ges-tion du cycle de vie des

Underfull \hbox (badness 10000) in paragraph at lines 135--136
[]|\T1/ptm/m/n/12 Offre ver-ti-ca-le-ment in-té-grée.

Underfull \hbox (badness 1552) in paragraph at lines 135--136
\T1/ptm/m/n/12 Com-po-si-tion d'agents propres

Underfull \hbox (badness 10000) in paragraph at lines 135--136
\T1/ptm/m/n/12 sur ac-tions sen-sibles non

Underfull \hbox (badness 10000) in paragraph at lines 135--136
\T1/ptm/m/n/12 maî-tri-sables par l'équipe
[9] [10]
Underfull \hbox (badness 10000) in paragraph at lines 155--155
[]|\T1/ptm/m/n/12 Décomposition en agents

Underfull \hbox (badness 10000) in paragraph at lines 155--155
\T1/ptm/m/n/12 spé-cia-li-sés maî-tri-sée par

Underfull \hbox (badness 2799) in paragraph at lines 159--159
[]|\T1/ptm/m/n/12 Règles dé-ter-mi-nistes ex-pli-

Underfull \hbox (badness 10000) in paragraph at lines 159--159
[]|\T1/ptm/m/n/12 Non

Underfull \hbox (badness 10000) in paragraph at lines 161--161
[]|\T1/ptm/m/n/12 Non

Underfull \hbox (badness 10000) in paragraph at lines 163--163
[]|\T1/ptm/m/n/12 Spécialisation mé-tier
[11]
Underfull \hbox (badness 5954) in paragraph at lines 189--189
[]|\T1/ptm/m/n/12 Chaîne vo-cale temps

Underfull \hbox (badness 4872) in paragraph at lines 193--193
[]|\T1/ptm/m/n/12 Connaissance et in-té-

Underfull \hbox (badness 2573) in paragraph at lines 195--195
[]|\T1/ptm/m/n/12 Interfaces et dur-cis-se-
[12] [13] [14]) (chapters/07-Chapitre2.tex [15]
Chapitre 2.

Underfull \hbox (badness 10000) in paragraph at lines 4--4

[16] [17]
Underfull \hbox (badness 10000) in paragraph at lines 48--48
[]|\T1/ptm/b/n/12 Responsabilité

Underfull \hbox (badness 1221) in paragraph at lines 52--52
[]|\T1/ptm/m/n/12 Traiter les conver-sa-tions

Underfull \hbox (badness 10000) in paragraph at lines 58--58
[]|\T1/ptm/m/n/12 Système de

Underfull \hbox (badness 10000) in paragraph at lines 58--58
\T1/ptm/m/n/12 ges-tion de

Underfull \hbox (badness 5519) in paragraph at lines 58--59
[]|\T1/ptm/m/n/12 Interface de pro-gram-ma-

Underfull \hbox (badness 10000) in paragraph at lines 60--60
[]|\T1/ptm/m/n/12 Systèmes

Underfull \hbox (badness 10000) in paragraph at lines 60--60
\T1/ptm/m/n/12 mé-tier de

Underfull \hbox (badness 2707) in paragraph at lines 60--60
[]|\T1/ptm/m/n/12 Détenir les don-nées de

Underfull \hbox (badness 3724) in paragraph at lines 60--61
[]|\T1/ptm/m/n/12 Interfaces de ser-vice in-

Underfull \hbox (badness 1048) in paragraph at lines 62--62
[]|\T1/ptm/m/n/12 Acheminer les confir-ma-
[18] [19] [20] [21]
Underfull \hbox (badness 1521) in paragraph at lines 134--135
[]|\T1/ptm/m/n/12 Solliciter chaque élé-ment de contexte uni-que-ment
[22]
Underfull \hbox (badness 3568) in paragraph at lines 180--181
[]|\T1/ptm/m/n/12 Transmettre au conseiller le dos-sier com-plet de
[23] [24] [25]
Underfull \hbox (badness 10000) in paragraph at lines 262--262
[]|\T1/ptm/m/n/12 Performance temps

Underfull \hbox (badness 1077) in paragraph at lines 268--268
[]|\T1/ptm/m/n/12 Sécurité et confi-den-

Underfull \hbox (badness 1082) in paragraph at lines 276--277
[]|\T1/ptm/m/n/12 État par conver-sa-tion et iso-la-tion des opé-ra-tions
[26] [27]
Underfull \hbox (badness 10000) in paragraph at lines 322--322
[]|\T1/ptm/b/n/12 Acteurs

Underfull \hbox (badness 10000) in paragraph at lines 330--330
[]|\T1/ptm/b/n/12 Scénario

Underfull \hbox (badness 2951) in paragraph at lines 339--339
[]|\T1/ptm/b/n/12 Alternative A :

Underfull \hbox (badness 7759) in paragraph at lines 339--339
\T1/ptm/b/n/12 de-mande am-bi-

Underfull \hbox (badness 3503) in paragraph at lines 341--341
[]|\T1/ptm/b/n/12 Alternative B :

Underfull \hbox (badness 6808) in paragraph at lines 341--341
\T1/ptm/b/n/12 ab-sence de ré-

Underfull \hbox (badness 2951) in paragraph at lines 343--343
[]|\T1/ptm/b/n/12 Alternative C :
[28] [29]
Underfull \hbox (badness 10000) in paragraph at lines 377--377
[]|\T1/ptm/b/n/12 Acteurs

Underfull \hbox (badness 10000) in paragraph at lines 385--385
[]|\T1/ptm/b/n/12 Scénario

Underfull \hbox (badness 2951) in paragraph at lines 396--396
[]|\T1/ptm/b/n/12 Alternative A :

Underfull \hbox (badness 10000) in paragraph at lines 396--396
\T1/ptm/b/n/12 iden-tité non

Underfull \hbox (badness 10000) in paragraph at lines 398--398
[]|\T1/ptm/b/n/12 Alternative

Underfull \hbox (badness 10000) in paragraph at lines 398--398
\T1/ptm/b/n/12 B : opé-ra-tion

Underfull \hbox (badness 2951) in paragraph at lines 400--400
[]|\T1/ptm/b/n/12 Alternative C :

Underfull \hbox (badness 10000) in paragraph at lines 400--400
\T1/ptm/b/n/12 trans-mis-sion à

Underfull \hbox (badness 2951) in paragraph at lines 402--402
[]|\T1/ptm/b/n/12 Alternative D :
[30] [31] [32]
Underfull \hbox (badness 10000) in paragraph at lines 436--436
[]|\T1/ptm/b/n/12 Acteurs

Underfull \hbox (badness 10000) in paragraph at lines 444--444
[]|\T1/ptm/b/n/12 Scénario

Underfull \hbox (badness 2951) in paragraph at lines 452--452
[]|\T1/ptm/b/n/12 Alternative A :

Underfull \hbox (badness 3503) in paragraph at lines 454--454
[]|\T1/ptm/b/n/12 Alternative B :

Underfull \hbox (badness 1755) in paragraph at lines 454--454
\T1/ptm/b/n/12 échec du trans-

Underfull \hbox (badness 2951) in paragraph at lines 456--456
[]|\T1/ptm/b/n/12 Alternative C :
[33]
Underfull \hbox (badness 1496) in paragraph at lines 467--467
[]\T1/ptm/b/sc/10.95 Figure 2.7 \T1/ptm/b/n/10.95 ^^U |\T1/ptm/b/sc/10.95 Dia-g
ramme de sé-quence sys-tème du cas Es-ca-la-der vers un 
[34]) (chapters/08-Chapitre3.tex [35]
Chapitre 3.

Underfull \hbox (badness 10000) in paragraph at lines 4--4

[36] [37]
Underfull \hbox (badness 10000) in paragraph at lines 65--65
[]|\T1/ptm/m/n/12 Supervision
[38] [39] [40] [41] [42] [43] [44]
Underfull \hbox (badness 10000) in paragraph at lines 185--185
[]|\T1/ptm/m/n/12 Provisionnement
[45] [46] [47] [48] [49] [50] [51] [52] [53] [54] [55]
Underfull \hbox (badness 6047) in paragraph at lines 321--321
[]|\T1/ptm/m/n/12 Solde, fac-ture, rè-gle-ment, re-port

Underfull \hbox (badness 1924) in paragraph at lines 321--322
[]|\T1/ptm/m/n/12 Phrase de tran-si-tion dé-ter-mi-

Underfull \hbox (badness 10000) in paragraph at lines 323--323
[]|\T1/ptm/m/n/12 Gestion de
[56]
Underfull \hbox (badness 2790) in paragraph at lines 363--363
[]|\T1/ptm/m/n/12 Montants dus, fac-tures ou-

Underfull \hbox (badness 2285) in paragraph at lines 363--364
[]|\T1/ptm/m/n/12 Sur de-mande re-le-vant du do-

Underfull \hbox (badness 10000) in paragraph at lines 365--365
[]|\T1/ptm/m/n/12 Historique des

Underfull \hbox (badness 3209) in paragraph at lines 365--365
[]|\T1/ptm/m/n/12 Tickets et ré-cla-ma-tions en

Underfull \hbox (badness 10000) in paragraph at lines 373--373
[]|\T1/ptm/m/n/12 Connaissance

Underfull \hbox (badness 2762) in paragraph at lines 373--373
[]|\T1/ptm/m/n/12 Passages per-ti-nents et leur

Underfull \hbox (badness 1983) in paragraph at lines 375--375
[]|\T1/ptm/m/n/12 Ensemble des ca-pa-ci-tés de
[57] [58] [59] [60]
Underfull \hbox (badness 10000) in paragraph at lines 459--459
[]|\T1/ptm/m/n/12 Phrase de tran-si-tion entre

Underfull \hbox (badness 10000) in paragraph at lines 461--461
[]|\T1/ptm/m/n/12 Énoncés de la vé-ri-fi-ca-tion

Underfull \hbox (badness 1314) in paragraph at lines 463--464
[]|\T1/ptm/m/n/12 Un ho-raire in-venté est pire que l'ab-sence de ren-
[61] [62]
Underfull \hbox (badness 10000) in paragraph at lines 513--514
[]|\T1/ptm/b/n/12 Admini-

Underfull \hbox (badness 10000) in paragraph at lines 523--523
[]|\T1/ptm/m/n/12 Conversations et trans-crip-
[63] [64] [65]) (chapters/09-Chapitre4.tex [66]
Chapitre 4.

Underfull \hbox (badness 10000) in paragraph at lines 4--4

(C:\Users\Chouqib Saad\Desktop\rapport\rapport_folder\build\main.mtc9) [67]
Underfull \hbox (badness 10000) in paragraph at lines 45--45
[]|\T1/ptm/m/n/12 Index

Underfull \hbox (badness 10000) in paragraph at lines 53--53
[]|\T1/ptm/m/n/12 TypeScript, React,
[68] [69] [70]
Underfull \hbox (badness 10000) in paragraph at lines 133--133
[]|\T1/ptm/m/n/12 Collecteur Open-Te-le-
[71] [72] [73] [74] [75] [76] [77] [78] [79] [80]
Underfull \hbox (badness 5260) in paragraph at lines 318--318
[]|\T1/ptm/m/n/12 Comparaison des re-pré-sen-ta-

Underfull \hbox (badness 3746) in paragraph at lines 322--323
[]|\T1/ptm/m/n/12 Ne sup-prime rien, mais ré-con-ci-

Underfull \hbox (badness 10000) in paragraph at lines 324--324
[]|\T1/ptm/m/n/12 Évaluation
[81] [82] [83]
Underfull \hbox (badness 10000) in paragraph at lines 400--400
[]|\T1/ptm/b/n/12 Sans

Underfull \hbox (badness 10000) in paragraph at lines 400--400
[]|\T1/ptm/b/n/12 Avec

Underfull \hbox (badness 2245) in paragraph at lines 408--409
[]|\T1/ptm/m/n/12 Reconstitution, dont
[84] [85] [86] [87] [88]
Underfull \hbox (badness 2443) in paragraph at lines 512--512
[]|\T1/ptm/m/n/12 Service de connais-

Underfull \hbox (badness 2932) in paragraph at lines 520--520
[]|\T1/ptm/m/n/12 Service de no-ti-fi-ca-

Underfull \hbox (badness 1817) in paragraph at lines 524--524
[]|\T1/ptm/m/n/12 Interface ap-pli-ca-tive

Underfull \hbox (badness 3049) in paragraph at lines 526--526
[]|\T1/ptm/m/n/12 Passerelle do-cu-men-

Underfull \hbox (badness 10000) in paragraph at lines 534--534
[]|\T1/ptm/m/n/12 8109 à
[89] [90] [91] [92] [93] [94] [95] [96] [97] [98] [99] [100]
Underfull \hbox (badness 10000) in paragraph at lines 680--680
[]|\T1/ptm/m/n/12 Résilience des

Underfull \hbox (badness 2221) in paragraph at lines 686--686
[]|\T1/ptm/m/n/12 Enregistrement conver-sa-

Underfull \hbox (badness 10000) in paragraph at lines 690--690
[]|\T1/ptm/m/n/12 Journalisation des
[101] [102]
Underfull \hbox (badness 10000) in paragraph at lines 730--730
[]|\T1/ptm/b/n/12 Meilleur

Underfull \hbox (badness 1845) in paragraph at lines 734--734
[]|\T1/ptm/m/n/12 Activation de l'iti-né-rance, en

Underfull \hbox (badness 1845) in paragraph at lines 736--736
[]|\T1/ptm/m/n/12 Activation de l'iti-né-rance, en

Underfull \hbox (badness 2653) in paragraph at lines 736--736
[]|\T1/ptm/m/n/12 un do-cu-ment sans

Underfull \hbox (badness 10000) in paragraph at lines 738--738
[]|\T1/ptm/m/n/12 trois do-cu-ments
[103] [104] [105]
Underfull \hbox (badness 1152) in paragraph at lines 776--776
[]|\T1/ptm/b/n/12 Temps par ques-

Underfull \hbox (badness 10000) in paragraph at lines 778--778
[]|\T1/ptm/m/n/12 Évaluation conjointe de

Underfull \hbox (badness 10000) in paragraph at lines 778--778
[]|\T1/ptm/m/n/12 environ 1,1

Underfull \hbox (badness 7558) in paragraph at lines 778--779
[]|\T1/ptm/m/n/12 Écarté de la chaîne

Underfull \hbox (badness 7963) in paragraph at lines 778--779
\T1/ptm/m/n/12 temps réel, conservé

Underfull \hbox (badness 10000) in paragraph at lines 780--780
[]|\T1/ptm/m/n/12 environ 118

Underfull \hbox (badness 10000) in paragraph at lines 782--782
[]|\T1/ptm/m/n/12 118 mil-lions

Underfull \hbox (badness 10000) in paragraph at lines 782--782
[]|\T1/ptm/m/n/12 quelques

Underfull \hbox (badness 10000) in paragraph at lines 784--784
[]|\T1/ptm/m/n/12 quelques

Underfull \hbox (badness 2698) in paragraph at lines 784--785
[]|\T1/ptm/m/n/12 Retenu, filtre com-plé-
[106]
Underfull \hbox (badness 6758) in paragraph at lines 844--844
[]|\T1/ptm/m/n/12 Fournisseur de trans-

Underfull \hbox (badness 1789) in paragraph at lines 844--845
[]|\T1/ptm/m/n/12 Session pour-sui-vie, tran-si-tion

Underfull \hbox (badness 10000) in paragraph at lines 846--847
[]|\T1/ptm/m/n/12 Session pour-sui-vie,

Underfull \hbox (badness 10000) in paragraph at lines 846--847
\T1/ptm/m/n/12 al-lon-ge-ment du dé-lai de

Underfull \hbox (badness 10000) in paragraph at lines 848--849
[]|\T1/ptm/m/n/12 Session pour-sui-vie,

Underfull \hbox (badness 10000) in paragraph at lines 850--850
[]|\T1/ptm/m/n/12 Perte des en-re-gis-tre-ments,

Underfull \hbox (badness 5077) in paragraph at lines 850--851
[]|\T1/ptm/m/n/12 Conversation pour-sui-vie nor-

Underfull \hbox (badness 1642) in paragraph at lines 850--851
\T1/ptm/m/n/12 ma-le-ment, écri-tures si-gna-lées

Underfull \hbox (badness 10000) in paragraph at lines 852--852
[]|\T1/ptm/m/n/12 Service do-cu-men-taire

Underfull \hbox (badness 3407) in paragraph at lines 854--855
[]|\T1/ptm/m/n/12 Créneau pro-posé, ré-servé et
[107] [108] [109] [110] [111]) (chapters/10-ConclusionGenerale.tex [112]
Underfull \hbox (badness 10000) in paragraph at lines 4--4

[113]) (chapters/11-Bibliographie.tex [114]
Underfull \hbox (badness 10000) in paragraph at lines 5--5

[115] [116]
Underfull \hbox (badness 10000) in paragraph at lines 105--105

[117] [118]) (chapters/12-Annexes.tex [119]
Underfull \hbox (badness 10000) in paragraph at lines 5--5


Underfull \hbox (badness 10000) in paragraph at lines 5--5
| \T1/ptm/b/n/26 An-nexe A : Fon-de-ments de la
[120] [121] [122] [123]
Underfull \hbox (badness 10000) in paragraph at lines 62--62

[124] [125] [126]
Missing character: There is no é in font cmr8!
Missing character: There is no é in font cmr8!
Missing character: There is no é in font cmr8!
[127] [128]
Underfull \hbox (badness 10000) in paragraph at lines 166--166


Underfull \hbox (badness 1783) in paragraph at lines 166--166
| \T1/ptm/b/n/26 An-nexe C : No-tions re-la-tives aux
[129] [130]
Underfull \hbox (badness 10000) in paragraph at lines 205--205


Underfull \hbox (badness 6808) in paragraph at lines 205--205
| \T1/ptm/b/n/26 An-nexe D : Mo-dèle dé-taillé de
[131] [132] [133]) [134]
(C:\Users\Chouqib Saad\Desktop\rapport\rapport_folder\build\main.aux) )
(see the transcript file for additional information) <C:\Users\Chouqib Saad\App
Data\Local\MiKTeX\fonts/pk/ljfour/jknappen/ec/dpi600\ectt1200.pk> <C:\Users\Cho
uqib Saad\AppData\Local\MiKTeX\fonts/pk/ljfour/jknappen/ec/dpi600\ecrm1095.pk> 
<C:\Users\Chouqib Saad\AppData\Local\MiKTeX\fonts/pk/ljfour/jknappen/ec/dpi600\
ecbx1095.pk> <C:\Users\Chouqib Saad\AppData\Local\MiKTeX\fonts/pk/ljfour/jknapp
en/ec/dpi600\ecbx1440.pk><C:/Users/Chouqib Saad/AppData/Local/Programs/MiKTeX/f
onts/type1/public/amsfonts/cm/cmex10.pfb><C:/Users/Chouqib Saad/AppData/Local/P
rograms/MiKTeX/fonts/type1/public/amsfonts/cm/cmmi12.pfb><C:/Users/Chouqib Saad
/AppData/Local/Programs/MiKTeX/fonts/type1/public/amsfonts/cm/cmmi8.pfb><C:/Use
rs/Chouqib Saad/AppData/Local/Programs/MiKTeX/fonts/type1/public/amsfonts/cm/cm
r12.pfb><C:/Users/Chouqib Saad/AppData/Local/Programs/MiKTeX/fonts/type1/public
/amsfonts/cm/cmr8.pfb><C:/Users/Chouqib Saad/AppData/Local/Programs/MiKTeX/font
s/type1/public/amsfonts/cm/cmsy10.pfb><C:/Users/Chouqib Saad/AppData/Local/Prog
rams/MiKTeX/fonts/type1/public/amsfonts/cm/cmsy8.pfb><C:/Users/Chouqib Saad/App
Data/Local/Programs/MiKTeX/fonts/type1/urw/times/utmb8a.pfb><C:/Users/Chouqib S
aad/AppData/Local/Programs/MiKTeX/fonts/type1/urw/times/utmbi8a.pfb><C:/Users/C
houqib Saad/AppData/Local/Programs/MiKTeX/fonts/type1/urw/times/utmr8a.pfb><C:/
Users/Chouqib Saad/AppData/Local/Programs/MiKTeX/fonts/type1/urw/times/utmri8a.
pfb>
Output written on "C:\Users\Chouqib Saad\Desktop\rapport\rapport_folder\build\m
ain.pdf" (150 pages, 833689 bytes).
Transcript written on "C:\Users\Chouqib Saad\Desktop\rapport\rapport_folder\bui
ld\main.log".
pdflatex: major issue: So far, you have not checked for MiKTeX updates.
